Archive member included to satisfy reference by file (symbol)

/home/sanhow/optee-qemu-v8/optee_os/out/arm/export-ta_arm64/lib/libutils.a(stack_check.o)
                              ./time_get_ta.o (__stack_chk_fail)
/home/sanhow/optee-qemu-v8/optee_os/out/arm/export-ta_arm64/lib/libutils.a(trace.o)
                              ./time_get_ta.o (trace_printf)
/home/sanhow/optee-qemu-v8/optee_os/out/arm/export-ta_arm64/lib/libutils.a(memcpy.o)
                              /home/sanhow/optee-qemu-v8/optee_os/out/arm/export-ta_arm64/lib/libutils.a(trace.o) (memcpy)
/home/sanhow/optee-qemu-v8/optee_os/out/arm/export-ta_arm64/lib/libutils.a(snprintk.o)
                              /home/sanhow/optee-qemu-v8/optee_os/out/arm/export-ta_arm64/lib/libutils.a(trace.o) (vsnprintk)
/home/sanhow/optee-qemu-v8/optee_os/out/arm/export-ta_arm64/lib/libutils.a(memchr.o)
                              /home/sanhow/optee-qemu-v8/optee_os/out/arm/export-ta_arm64/lib/libutils.a(snprintk.o) (memchr)
/home/sanhow/optee-qemu-v8/optee_os/out/arm/export-ta_arm64/lib/libutils.a(strlen.o)
                              /home/sanhow/optee-qemu-v8/optee_os/out/arm/export-ta_arm64/lib/libutils.a(snprintk.o) (strlen)
/home/sanhow/optee-qemu-v8/optee_os/out/arm/export-ta_arm64/lib/libutee.a(trace_ext.o)
                              /home/sanhow/optee-qemu-v8/optee_os/out/arm/export-ta_arm64/lib/libutils.a(trace.o) (trace_ext_puts)
/home/sanhow/optee-qemu-v8/optee_os/out/arm/export-ta_arm64/lib/libutee.a(tee_api.o)
                              ./time_get_ta.o (TEE_GetSystemTime)
/home/sanhow/optee-qemu-v8/optee_os/out/arm/export-ta_arm64/lib/libutee.a(tee_api_panic.o)
                              /home/sanhow/optee-qemu-v8/optee_os/out/arm/export-ta_arm64/lib/libutee.a(tee_api.o) (TEE_Panic)
/home/sanhow/optee-qemu-v8/optee_os/out/arm/export-ta_arm64/lib/libutee.a(tee_system_pta.o)
                              /home/sanhow/optee-qemu-v8/optee_os/out/arm/export-ta_arm64/lib/libutee.a(tee_api.o) (tee_map_zi)
/home/sanhow/optee-qemu-v8/optee_os/out/arm/export-ta_arm64/lib/libutee.a(user_ta_entry.o)
                              ./user_ta_header.o (__utee_entry)
/home/sanhow/optee-qemu-v8/optee_os/out/arm/export-ta_arm64/lib/libutee.a(user_ta_entry_compat.o)
                              ./user_ta_header.o (__ta_open_sess)
/home/sanhow/optee-qemu-v8/optee_os/out/arm/export-ta_arm64/lib/libutee.a(utee_syscalls_a64.o)
                              /home/sanhow/optee-qemu-v8/optee_os/out/arm/export-ta_arm64/lib/libutils.a(stack_check.o) (_utee_panic)
/home/sanhow/optee-qemu-v8/optee_os/out/arm/export-ta_arm64/lib/libutee.a(abort.o)
                              /home/sanhow/optee-qemu-v8/optee_os/out/arm/export-ta_arm64/lib/libutee.a(user_ta_entry.o) (abort)
/home/sanhow/optee-qemu-v8/optee_os/out/arm/export-ta_arm64/lib/libutee.a(tee_api_arith_mpi.o)
                              /home/sanhow/optee-qemu-v8/optee_os/out/arm/export-ta_arm64/lib/libutee.a(user_ta_entry.o) (_TEE_MathAPI_Init)
/home/sanhow/optee-qemu-v8/optee_os/out/arm/export-ta_arm64/lib/libutee.a(tee_api_property.o)
                              /home/sanhow/optee-qemu-v8/optee_os/out/arm/export-ta_arm64/lib/libutee.a(user_ta_entry.o) (TEE_GetPropertyAsU32)
/home/sanhow/optee-qemu-v8/optee_os/out/arm/export-ta_arm64/lib/libutee.a(tcb.o)
                              /home/sanhow/optee-qemu-v8/optee_os/out/arm/export-ta_arm64/lib/libutee.a(user_ta_entry.o) (__utee_tcb_init)
/home/sanhow/optee-qemu-v8/optee_os/out/arm/export-ta_arm64/lib/libutee.a(assert.o)
                              /home/sanhow/optee-qemu-v8/optee_os/out/arm/export-ta_arm64/lib/libutee.a(tcb.o) (_assert_log)
/home/sanhow/optee-qemu-v8/optee_os/out/arm/export-ta_arm64/lib/libmbedtls.a(bignum.o)
                              /home/sanhow/optee-qemu-v8/optee_os/out/arm/export-ta_arm64/lib/libutee.a(tee_api_arith_mpi.o) (mbedtls_mpi_init_mempool)
/home/sanhow/optee-qemu-v8/optee_os/out/arm/export-ta_arm64/lib/libmbedtls.a(bignum_core.o)
                              /home/sanhow/optee-qemu-v8/optee_os/out/arm/export-ta_arm64/lib/libmbedtls.a(bignum.o) (mbedtls_mpi_core_bitlen)
/home/sanhow/optee-qemu-v8/optee_os/out/arm/export-ta_arm64/lib/libmbedtls.a(constant_time.o)
                              /home/sanhow/optee-qemu-v8/optee_os/out/arm/export-ta_arm64/lib/libmbedtls.a(bignum.o) (mbedtls_ct_zero)
/home/sanhow/optee-qemu-v8/optee_os/out/arm/export-ta_arm64/lib/libmbedtls.a(platform_util.o)
                              /home/sanhow/optee-qemu-v8/optee_os/out/arm/export-ta_arm64/lib/libmbedtls.a(bignum.o) (mbedtls_platform_zeroize)
/home/sanhow/optee-qemu-v8/optee_os/out/arm/export-ta_arm64/lib/libutils.a(bget_malloc.o)
                              /home/sanhow/optee-qemu-v8/optee_os/out/arm/export-ta_arm64/lib/libutee.a(tee_api.o) (raw_malloc_flags)
/home/sanhow/optee-qemu-v8/optee_os/out/arm/export-ta_arm64/lib/libutils.a(snprintf.o)
[...]
Memory Configuration

Name             Origin             Length             Attributes
*default*        0x0000000000000000 0xffffffffffffffff

Linker script and memory map


.text           0x0000000000000000    0x139b4
                0x0000000000000000                __text_start = .
 *(SORT_BY_ALIGNMENT(.text) SORT_BY_ALIGNMENT(.text.*))
 .text          0x0000000000000000      0x10c /home/sanhow/optee-qemu-v8/optee_os/out/arm/export-ta_arm64/lib/libutils.a(memcpy.o)
                0x0000000000000000                memcpy
 .text          0x000000000000010c      0x1b8 ./time_get_ta.o
                0x000000000000010c                TA_CreateEntryPoint
                0x0000000000000140                TA_DestroyEntryPoint
                0x0000000000000164                __GP11_TA_OpenSessionEntryPoint
                0x00000000000001d8                TA_CloseSessionEntryPoint
                0x00000000000001dc                __GP11_TA_InvokeCommandEntryPoint
 .text          0x00000000000002c4       0xa0 ./user_ta_header.o
                0x00000000000002c4                __ta_entry
                0x0000000000000344                tahead_get_trace_level
                0x000000000000034c                TA_OpenSessionEntryPoint
                0x0000000000000358                TA_InvokeCommandEntryPoint
 .text          0x0000000000000364       0x30 /home/sanhow/optee-qemu-v8/optee_os/out/arm/export-ta_arm64/lib/libutils.a(stack_check.o)
                0x0000000000000364                __stack_chk_fail
 .text          0x0000000000000394      0x328 /home/sanhow/optee-qemu-v8/optee_os/out/arm/export-ta_arm64/lib/libutils.a(trace.o)
                0x0000000000000394                trace_set_level
                0x00000000000003b0                trace_get_level
                0x00000000000003c0                trace_vprintf
                0x00000000000005e0                trace_printf
                0x00000000000006b8                dhex_dump
 .text          0x00000000000006bc      0xe38 /home/sanhow/optee-qemu-v8/optee_os/out/arm/export-ta_arm64/lib/libutils.a(snprintk.o)
                0x00000000000006bc                __vsnprintf
                0x0000000000000784                vsnprintk
                0x00000000000007dc                snprintk
                0x00000000000014a8                __vsprintf
 .text          0x00000000000014f4       0x2c /home/sanhow/optee-qemu-v8/optee_os/out/arm/export-ta_arm64/lib/libutils.a(memchr.o)
                0x00000000000014f4                memchr
 .text          0x0000000000001520       0x1c /home/sanhow/optee-qemu-v8/optee_os/out/arm/export-ta_arm64/lib/libutils.a(strlen.o)
                0x0000000000001520                strlen
 .text          0x000000000000153c      0x1d4 /home/sanhow/optee-qemu-v8/optee_os/out/arm/export-ta_arm64/lib/libutee.a(trace_ext.o)
                0x000000000000153c                trace_ext_puts
                0x0000000000001564                trace_ext_get_thread_id
                0x000000000000156c                printf
                0x0000000000001658                puts
                0x0000000000001698                putchar
 .text          0x0000000000001710     0x10d0 /home/sanhow/optee-qemu-v8/optee_os/out/arm/export-ta_arm64/lib/libutee.a(tee_api.o)
                0x0000000000001aa4                TEE_CloseTASession
                0x0000000000001acc                TEE_GetCancellationFlag
                0x0000000000001b34                TEE_UnmaskCancellation
                0x0000000000001b9c                TEE_MaskCancellation
                0x0000000000001c04                TEE_CheckMemoryAccessRights
                0x0000000000001e30                TEE_OpenTASession
                0x0000000000001f90                __GP11_TEE_OpenTASession
                0x00000000000020e0                TEE_InvokeTACommand
                0x0000000000002270                __GP11_TEE_InvokeTACommand
                0x00000000000023f0                __GP11_TEE_CheckMemoryAccessRights
                0x00000000000023f8                TEE_SetInstanceData
                0x0000000000002404                TEE_GetInstanceData
                0x0000000000002410                TEE_MemMove
                0x0000000000002414                __GP11_TEE_MemMove
                0x000000000000241c                TEE_MemCompare
                0x0000000000002420                __GP11_TEE_MemCompare
                0x0000000000002428                TEE_MemFill
                0x000000000000242c                __GP11_TEE_MemFill
                0x0000000000002434                TEE_GetSystemTime
                0x000000000000245c                TEE_Wait
                0x0000000000002498                TEE_GetTAPersistentTime
                0x0000000000002510                TEE_SetTAPersistentTime
                0x0000000000002554                TEE_GetREETime
                0x000000000000257c                TEE_Malloc
                0x000000000000268c                __GP11_TEE_Malloc
                0x0000000000002694                TEE_Free
                0x00000000000026f0                TEE_Realloc
                0x00000000000027c0                __GP11_TEE_Realloc
                0x00000000000027c8                TEE_CacheClean
                0x00000000000027d0                TEE_CacheFlush
                0x00000000000027d8                TEE_CacheInvalidate
 .text          0x00000000000027e0      0x1b8 /home/sanhow/optee-qemu-v8/optee_os/out/arm/export-ta_arm64/lib/libutee.a(tee_api_panic.o)
                0x00000000000027fc                TEE_Panic
                0x000000000000280c                __utee_check_outbuf_annotation
                0x0000000000002868                __utee_check_gp11_outbuf_annotation
                0x00000000000028c4                __utee_check_instring_annotation
                0x0000000000002904                __utee_check_outstring_annotation
                0x0000000000002908                __utee_check_gp11_outstring_annotation
                0x000000000000290c                __utee_check_out_annotation
                0x0000000000002938                __utee_check_attr_in_annotation
                0x0000000000002968                __utee_check_gp11_attr_in_annotation
                0x000000000000296c                __utee_check_inout_annotation
 .text          0x0000000000002998      0x33c /home/sanhow/optee-qemu-v8/optee_os/out/arm/export-ta_arm64/lib/libutee.a(tee_system_pta.o)
                0x0000000000002a1c                tee_map_zi_va
                0x0000000000002ae4                tee_map_zi
                0x0000000000002af4                tee_unmap
                0x0000000000002bbc                tee_invoke_supp_plugin
 .text          0x0000000000002cd4      0x770 /home/sanhow/optee-qemu-v8/optee_os/out/arm/export-ta_arm64/lib/libutee.a(user_ta_entry.o)
                0x0000000000002fa8                __utee_call_elf_init_fn
                0x00000000000030fc                __utee_call_elf_fini_fn
                0x00000000000031a0                __utee_entry
 .text          0x0000000000003444      0x244 /home/sanhow/optee-qemu-v8/optee_os/out/arm/export-ta_arm64/lib/libutee.a(user_ta_entry_compat.o)
                0x000000000000350c                __ta_open_sess
                0x00000000000035c0                __ta_invoke_cmd
 .text._utee_panic
                0x0000000000003688        0xc /home/sanhow/optee-qemu-v8/optee_os/out/arm/export-ta_arm64/lib/libutee.a(utee_syscalls_a64.o)
                0x0000000000003688                _utee_panic
 .text._utee_return
                0x0000000000003694        0xc /home/sanhow/optee-qemu-v8/optee_os/out/arm/export-ta_arm64/lib/libutee.a(utee_syscalls_a64.o)
                0x0000000000003694                _utee_return
 .text._utee_log
                0x00000000000036a0        0xc /home/sanhow/optee-qemu-v8/optee_os/out/arm/export-ta_arm64/lib/libutee.a(utee_syscalls_a64.o)
                0x00000000000036a0                _utee_log
 .text.__utee_panic
                0x00000000000036ac        0xc /home/sanhow/optee-qemu-v8/optee_os/out/arm/export-ta_arm64/lib/libutee.a(utee_syscalls_a64.o)
                0x00000000000036ac                __utee_panic
 .text._utee_get_property
                0x00000000000036b8        0xc /home/sanhow/optee-qemu-v8/optee_os/out/arm/export-ta_arm64/lib/libutee.a(utee_syscalls_a64.o)
                0x00000000000036b8                _utee_get_property
 .text._utee_get_property_name_to_index
                0x00000000000036c4        0xc /home/sanhow/optee-qemu-v8/optee_os/out/arm/export-ta_arm64/lib/libutee.a(utee_syscalls_a64.o)
                0x00000000000036c4                _utee_get_property_name_to_index
 .text._utee_open_ta_session
                0x00000000000036d0        0xc /home/sanhow/optee-qemu-v8/optee_os/out/arm/export-ta_arm64/lib/libutee.a(utee_syscalls_a64.o)
                0x00000000000036d0                _utee_open_ta_session
 .text._utee_close_ta_session
                0x00000000000036dc        0xc /home/sanhow/optee-qemu-v8/optee_os/out/arm/export-ta_arm64/lib/libutee.a(utee_syscalls_a64.o)
                0x00000000000036dc                _utee_close_ta_session
 .text._utee_invoke_ta_command
                0x00000000000036e8        0xc /home/sanhow/optee-qemu-v8/optee_os/out/arm/export-ta_arm64/lib/libutee.a(utee_syscalls_a64.o)
                0x00000000000036e8                _utee_invoke_ta_command
 .text._utee_get_cancellation_flag
                0x00000000000036f4        0xc /home/sanhow/optee-qemu-v8/optee_os/out/arm/export-ta_arm64/lib/libutee.a(utee_syscalls_a64.o)
                0x00000000000036f4                _utee_get_cancellation_flag
 .text._utee_check_access_rights
                0x0000000000003700        0xc /home/sanhow/optee-qemu-v8/optee_os/out/arm/export-ta_arm64/lib/libutee.a(utee_syscalls_a64.o)
                0x0000000000003700                _utee_check_access_rights
 .text._utee_unmask_cancellation
                0x000000000000370c        0xc /home/sanhow/optee-qemu-v8/optee_os/out/arm/export-ta_arm64/lib/libutee.a(utee_syscalls_a64.o)
                0x000000000000370c                _utee_unmask_cancellation
 .text._utee_mask_cancellation
                0x0000000000003718        0xc /home/sanhow/optee-qemu-v8/optee_os/out/arm/export-ta_arm64/lib/libutee.a(utee_syscalls_a64.o)
                0x0000000000003718                _utee_mask_cancellation
 .text._utee_wait
                0x0000000000003724        0xc /home/sanhow/optee-qemu-v8/optee_os/out/arm/export-ta_arm64/lib/libutee.a(utee_syscalls_a64.o)
                0x0000000000003724                _utee_wait
 .text._utee_get_time
                0x0000000000003730        0xc /home/sanhow/optee-qemu-v8/optee_os/out/arm/export-ta_arm64/lib/libutee.a(utee_syscalls_a64.o)
                0x0000000000003730                _utee_get_time
 .text._utee_set_ta_time
                0x000000000000373c        0xc /home/sanhow/optee-qemu-v8/optee_os/out/arm/export-ta_arm64/lib/libutee.a(utee_syscalls_a64.o)
                0x000000000000373c                _utee_set_ta_time
 .text._utee_cryp_state_alloc
                0x0000000000003748        0xc /home/sanhow/optee-qemu-v8/optee_os/out/arm/export-ta_arm64/lib/libutee.a(utee_syscalls_a64.o)
                0x0000000000003748                _utee_cryp_state_alloc
 .text._utee_cryp_state_copy
                0x0000000000003754        0xc /home/sanhow/optee-qemu-v8/optee_os/out/arm/export-ta_arm64/lib/libutee.a(utee_syscalls_a64.o)
                0x0000000000003754                _utee_cryp_state_copy
 .text._utee_cryp_state_free
                0x0000000000003760        0xc /home/sanhow/optee-qemu-v8/optee_os/out/arm/export-ta_arm64/lib/libutee.a(utee_syscalls_a64.o)
                0x0000000000003760                _utee_cryp_state_free
 .text._utee_hash_init
                0x000000000000376c        0xc /home/sanhow/optee-qemu-v8/optee_os/out/arm/export-ta_arm64/lib/libutee.a(utee_syscalls_a64.o)
                0x000000000000376c                _utee_hash_init
 .text._utee_hash_update
                0x0000000000003778        0xc /home/sanhow/optee-qemu-v8/optee_os/out/arm/export-ta_arm64/lib/libutee.a(utee_syscalls_a64.o)
                0x0000000000003778                _utee_hash_update
 .text._utee_hash_final
                0x0000000000003784        0xc /home/sanhow/optee-qemu-v8/optee_os/out/arm/export-ta_arm64/lib/libutee.a(utee_syscalls_a64.o)
                0x0000000000003784                _utee_hash_final
 .text._utee_cipher_init
                0x0000000000003790        0xc /home/sanhow/optee-qemu-v8/optee_os/out/arm/export-ta_arm64/lib/libutee.a(utee_syscalls_a64.o)
                0x0000000000003790                _utee_cipher_init
 .text._utee_cipher_update
                0x000000000000379c        0xc /home/sanhow/optee-qemu-v8/optee_os/out/arm/export-ta_arm64/lib/libutee.a(utee_syscalls_a64.o)
                0x000000000000379c                _utee_cipher_update
 .text._utee_cipher_final
                0x00000000000037a8        0xc /home/sanhow/optee-qemu-v8/optee_os/out/arm/export-ta_arm64/lib/libutee.a(utee_syscalls_a64.o)
                0x00000000000037a8                _utee_cipher_final
 .text._utee_cryp_obj_get_info
                0x00000000000037b4        0xc /home/sanhow/optee-qemu-v8/optee_os/out/arm/export-ta_arm64/lib/libutee.a(utee_syscalls_a64.o)
                0x00000000000037b4                _utee_cryp_obj_get_info
 .text._utee_cryp_obj_restrict_usage
                0x00000000000037c0        0xc /home/sanhow/optee-qemu-v8/optee_os/out/arm/export-ta_arm64/lib/libutee.a(utee_syscalls_a64.o)
                0x00000000000037c0                _utee_cryp_obj_restrict_usage
 .text._utee_cryp_obj_get_attr
                0x00000000000037cc        0xc /home/sanhow/optee-qemu-v8/optee_os/out/arm/export-ta_arm64/lib/libutee.a(utee_syscalls_a64.o)
                0x00000000000037cc                _utee_cryp_obj_get_attr
 .text._utee_cryp_obj_alloc
                0x00000000000037d8        0xc /home/sanhow/optee-qemu-v8/optee_os/out/arm/export-ta_arm64/lib/libutee.a(utee_syscalls_a64.o)
                0x00000000000037d8                _utee_cryp_obj_alloc
 .text._utee_cryp_obj_close
                0x00000000000037e4        0xc /home/sanhow/optee-qemu-v8/optee_os/out/arm/export-ta_arm64/lib/libutee.a(utee_syscalls_a64.o)
                0x00000000000037e4                _utee_cryp_obj_close
 .text._utee_cryp_obj_reset
                0x00000000000037f0        0xc /home/sanhow/optee-qemu-v8/optee_os/out/arm/export-ta_arm64/lib/libutee.a(utee_syscalls_a64.o)
                0x00000000000037f0                _utee_cryp_obj_reset
 .text._utee_cryp_obj_populate
                0x00000000000037fc        0xc /home/sanhow/optee-qemu-v8/optee_os/out/arm/export-ta_arm64/lib/libutee.a(utee_syscalls_a64.o)
                0x00000000000037fc                _utee_cryp_obj_populate
 .text._utee_cryp_obj_copy
                0x0000000000003808        0xc /home/sanhow/optee-qemu-v8/optee_os/out/arm/export-ta_arm64/lib/libutee.a(utee_syscalls_a64.o)
                0x0000000000003808                _utee_cryp_obj_copy
 .text._utee_cryp_derive_key
                0x0000000000003814        0xc /home/sanhow/optee-qemu-v8/optee_os/out/arm/export-ta_arm64/lib/libutee.a(utee_syscalls_a64.o)
                0x0000000000003814                _utee_cryp_derive_key
 .text._utee_cryp_random_number_generate
                0x0000000000003820        0xc /home/sanhow/optee-qemu-v8/optee_os/out/arm/export-ta_arm64/lib/libutee.a(utee_syscalls_a64.o)
                0x0000000000003820                _utee_cryp_random_number_generate
 .text._utee_authenc_init
                0x000000000000382c        0xc /home/sanhow/optee-qemu-v8/optee_os/out/arm/export-ta_arm64/lib/libutee.a(utee_syscalls_a64.o)
                0x000000000000382c                _utee_authenc_init
 .text._utee_authenc_update_aad
                0x0000000000003838        0xc /home/sanhow/optee-qemu-v8/optee_os/out/arm/export-ta_arm64/lib/libutee.a(utee_syscalls_a64.o)
                0x0000000000003838                _utee_authenc_update_aad
 .text._utee_authenc_update_payload
                0x0000000000003844        0xc /home/sanhow/optee-qemu-v8/optee_os/out/arm/export-ta_arm64/lib/libutee.a(utee_syscalls_a64.o)
                0x0000000000003844                _utee_authenc_update_payload
 .text._utee_authenc_enc_final
                0x0000000000003850        0xc /home/sanhow/optee-qemu-v8/optee_os/out/arm/export-ta_arm64/lib/libutee.a(utee_syscalls_a64.o)
                0x0000000000003850                _utee_authenc_enc_final
 .text._utee_authenc_dec_final
                0x000000000000385c        0xc /home/sanhow/optee-qemu-v8/optee_os/out/arm/export-ta_arm64/lib/libutee.a(utee_syscalls_a64.o)
                0x000000000000385c                _utee_authenc_dec_final
 .text._utee_asymm_operate
                0x0000000000003868        0xc /home/sanhow/optee-qemu-v8/optee_os/out/arm/export-ta_arm64/lib/libutee.a(utee_syscalls_a64.o)
                0x0000000000003868                _utee_asymm_operate
 .text._utee_asymm_verify
                0x0000000000003874        0xc /home/sanhow/optee-qemu-v8/optee_os/out/arm/export-ta_arm64/lib/libutee.a(utee_syscalls_a64.o)
                0x0000000000003874                _utee_asymm_verify
 .text._utee_storage_obj_open
                0x0000000000003880        0xc /home/sanhow/optee-qemu-v8/optee_os/out/arm/export-ta_arm64/lib/libutee.a(utee_syscalls_a64.o)
                0x0000000000003880                _utee_storage_obj_open
 .text._utee_storage_obj_create
                0x000000000000388c        0xc /home/sanhow/optee-qemu-v8/optee_os/out/arm/export-ta_arm64/lib/libutee.a(utee_syscalls_a64.o)
                0x000000000000388c                _utee_storage_obj_create
 .text._utee_storage_obj_del
                0x0000000000003898        0xc /home/sanhow/optee-qemu-v8/optee_os/out/arm/export-ta_arm64/lib/libutee.a(utee_syscalls_a64.o)
                0x0000000000003898                _utee_storage_obj_del
 .text._utee_storage_obj_rename
                0x00000000000038a4        0xc /home/sanhow/optee-qemu-v8/optee_os/out/arm/export-ta_arm64/lib/libutee.a(utee_syscalls_a64.o)
                0x00000000000038a4                _utee_storage_obj_rename
 .text._utee_storage_alloc_enum
                0x00000000000038b0        0xc /home/sanhow/optee-qemu-v8/optee_os/out/arm/export-ta_arm64/lib/libutee.a(utee_syscalls_a64.o)
                0x00000000000038b0                _utee_storage_alloc_enum
 .text._utee_storage_free_enum
                0x00000000000038bc        0xc /home/sanhow/optee-qemu-v8/optee_os/out/arm/export-ta_arm64/lib/libutee.a(utee_syscalls_a64.o)
                0x00000000000038bc                _utee_storage_free_enum
 .text._utee_storage_reset_enum
                0x00000000000038c8        0xc /home/sanhow/optee-qemu-v8/optee_os/out/arm/export-ta_arm64/lib/libutee.a(utee_syscalls_a64.o)
                0x00000000000038c8                _utee_storage_reset_enum
 .text._utee_storage_start_enum
                0x00000000000038d4        0xc /home/sanhow/optee-qemu-v8/optee_os/out/arm/export-ta_arm64/lib/libutee.a(utee_syscalls_a64.o)
                0x00000000000038d4                _utee_storage_start_enum
 .text._utee_storage_next_enum
                0x00000000000038e0        0xc /home/sanhow/optee-qemu-v8/optee_os/out/arm/export-ta_arm64/lib/libutee.a(utee_syscalls_a64.o)
                0x00000000000038e0                _utee_storage_next_enum
 .text._utee_storage_obj_read
                0x00000000000038ec        0xc /home/sanhow/optee-qemu-v8/optee_os/out/arm/export-ta_arm64/lib/libutee.a(utee_syscalls_a64.o)
                0x00000000000038ec                _utee_storage_obj_read
 .text._utee_storage_obj_write
                0x00000000000038f8        0xc /home/sanhow/optee-qemu-v8/optee_os/out/arm/export-ta_arm64/lib/libutee.a(utee_syscalls_a64.o)
                0x00000000000038f8                _utee_storage_obj_write
 .text._utee_storage_obj_trunc
                0x0000000000003904        0xc /home/sanhow/optee-qemu-v8/optee_os/out/arm/export-ta_arm64/lib/libutee.a(utee_syscalls_a64.o)
                0x0000000000003904                _utee_storage_obj_trunc
 .text._utee_storage_obj_seek
                0x0000000000003910        0xc /home/sanhow/optee-qemu-v8/optee_os/out/arm/export-ta_arm64/lib/libutee.a(utee_syscalls_a64.o)
                0x0000000000003910                _utee_storage_obj_seek
 .text._utee_cryp_obj_generate_key
                0x000000000000391c        0xc /home/sanhow/optee-qemu-v8/optee_os/out/arm/export-ta_arm64/lib/libutee.a(utee_syscalls_a64.o)
                0x000000000000391c                _utee_cryp_obj_generate_key
 .text._utee_cache_operation
                0x0000000000003928        0xc /home/sanhow/optee-qemu-v8/optee_os/out/arm/export-ta_arm64/lib/libutee.a(utee_syscalls_a64.o)
                0x0000000000003928                _utee_cache_operation
 .text.unlikely
                0x0000000000003934       0x20 /home/sanhow/optee-qemu-v8/optee_os/out/arm/export-ta_arm64/lib/libutee.a(abort.o)
                0x0000000000003934                abort
 .text          0x0000000000003954     0x2220 /home/sanhow/optee-qemu-v8/optee_os/out/arm/export-ta_arm64/lib/libutee.a(tee_api_arith_mpi.o)
                0x00000000000041b8                _TEE_MathAPI_Init
                0x0000000000004208                TEE_BigIntInit
                0x0000000000004268                __GP11_TEE_BigIntInit
                0x0000000000004270                TEE_BigIntConvertFromOctetString
                0x0000000000004340                __GP11_TEE_BigIntConvertFromOctetString
                0x0000000000004348                TEE_BigIntConvertToOctetString
                0x0000000000004418                __GP11_TEE_BigIntConvertToOctetString
                0x0000000000004484                TEE_BigIntConvertFromS32
                0x0000000000004540                TEE_BigIntConvertToS32
                0x0000000000004604                TEE_BigIntCmp
                0x00000000000046a4                TEE_BigIntCmpS32
                0x0000000000004910                TEE_BigIntShiftRight
                0x0000000000004ab8                __GP11_TEE_BigIntShiftRight
                0x0000000000004ac0                TEE_BigIntGetBit
                0x0000000000004b4c                TEE_BigIntGetBitCount
                0x0000000000004bcc                TEE_BigIntSetBit
                0x0000000000004c80                TEE_BigIntAssign
                0x0000000000004cd0                TEE_BigIntAbs
                0x0000000000004cfc                TEE_BigIntAdd
                0x0000000000004d08                TEE_BigIntSub
                0x0000000000004d14                TEE_BigIntNeg
                0x0000000000004e00                TEE_BigIntMul
                0x0000000000004f20                TEE_BigIntSquare
                0x0000000000004f28                TEE_BigIntDiv
                0x00000000000050e4                TEE_BigIntMod
                0x0000000000005150                TEE_BigIntAddMod
                0x000000000000515c                TEE_BigIntSubMod
                0x0000000000005168                TEE_BigIntMulMod
                0x0000000000005174                TEE_BigIntSquareMod
                0x0000000000005180                TEE_BigIntInvMod
                0x00000000000052d8                TEE_BigIntRelativePrime
                0x00000000000053e8                TEE_BigIntExpMod
                0x00000000000055c0                TEE_BigIntComputeExtendedGcd
                0x0000000000005838                TEE_BigIntIsProbablePrime
                0x00000000000058d8                TEE_BigIntInitFMM
                0x00000000000058dc                __GP11_TEE_BigIntInitFMM
                0x00000000000058e4                TEE_BigIntInitFMMContext
                0x00000000000058e8                __GP11_TEE_BigIntInitFMMContext
                0x00000000000058f0                TEE_BigIntInitFMMContext1
                0x00000000000058f8                TEE_BigIntFMMSizeInU32
                0x0000000000005908                __GP11_TEE_BigIntFMMSizeInU32
                0x0000000000005920                TEE_BigIntFMMContextSizeInU32
                0x0000000000005928                __GP11_TEE_BigIntFMMContextSizeInU32
                0x0000000000005940                TEE_BigIntConvertToFMM
                0x0000000000005944                TEE_BigIntConvertFromFMM
                0x0000000000005a20                TEE_BigIntComputeFMM
 .text          0x0000000000005b74     0x1000 /home/sanhow/optee-qemu-v8/optee_os/out/arm/export-ta_arm64/lib/libutee.a(tee_api_property.o)
                0x0000000000005f48                TEE_GetPropertyAsString
                0x00000000000061bc                __GP11_TEE_GetPropertyAsString
                0x0000000000006260                TEE_GetPropertyAsBool
                0x000000000000633c                TEE_GetPropertyAsU32
                0x0000000000006428                TEE_GetPropertyAsU64
                0x0000000000006514                __GP11_TEE_GetPropertyAsBinaryBlock
                0x0000000000006604                TEE_GetPropertyAsBinaryBlock
                0x00000000000066a8                TEE_GetPropertyAsUUID
                0x0000000000006794                TEE_GetPropertyAsIdentity
                0x0000000000006880                TEE_ResetPropertyEnumerator
                0x000000000000688c                TEE_AllocatePropertyEnumerator
                0x00000000000068d4                TEE_FreePropertyEnumerator
                0x00000000000068d8                TEE_StartPropertyEnumerator
                0x00000000000068e8                __GP11_TEE_GetPropertyName
                0x0000000000006a0c                TEE_GetPropertyName
                0x0000000000006aa0                TEE_GetNextProperty
 .text          0x0000000000006b74      0x374 /home/sanhow/optee-qemu-v8/optee_os/out/arm/export-ta_arm64/lib/libutee.a(tcb.o)
                0x0000000000006b74                __utee_tcb_init
                0x0000000000006dd8                __tls_get_addr
                0x0000000000006df4                dl_iterate_phdr
 .text          0x0000000000006ee8       0x58 /home/sanhow/optee-qemu-v8/optee_os/out/arm/export-ta_arm64/lib/libutee.a(assert.o)
                0x0000000000006ee8                _assert_log
                0x0000000000006f2c                _assert_break
 .text          0x0000000000006f40     0x36a4 /home/sanhow/optee-qemu-v8/optee_os/out/arm/export-ta_arm64/lib/libmbedtls.a(bignum.o)
                0x0000000000006f98                mbedtls_mpi_lt_mpi_ct
                0x000000000000707c                mbedtls_mpi_init
                0x0000000000007090                mbedtls_mpi_init_mempool
                0x00000000000070b8                mbedtls_mpi_free
                0x0000000000007120                mbedtls_mpi_grow
                0x0000000000007210                mbedtls_mpi_safe_cond_assign
                0x00000000000072b0                mbedtls_mpi_safe_cond_swap
                0x00000000000073cc                mbedtls_mpi_shrink
                0x00000000000074f8                mbedtls_mpi_copy
                0x00000000000075d4                mbedtls_mpi_swap
                0x0000000000007668                mbedtls_mpi_lset
                0x00000000000076d4                mbedtls_mpi_get_bit
                0x0000000000007700                mbedtls_mpi_set_bit
                0x000000000000778c                mbedtls_mpi_lsb
                0x00000000000077d0                mbedtls_mpi_bitlen
                0x00000000000077dc                mbedtls_mpi_size
                0x00000000000077f8                mbedtls_mpi_read_binary_le
                0x0000000000007858                mbedtls_mpi_read_binary
                0x00000000000078b8                mbedtls_mpi_write_binary_le
                0x00000000000078cc                mbedtls_mpi_write_binary
                0x00000000000078e0                mbedtls_mpi_shift_l
                0x0000000000007944                mbedtls_mpi_shift_r
                0x0000000000007974                mbedtls_mpi_cmp_abs
                0x0000000000007a14                mbedtls_mpi_cmp_mpi
                0x0000000000007af0                mbedtls_mpi_cmp_int
                0x0000000000007b70                mbedtls_mpi_add_abs
                0x0000000000007c68                mbedtls_mpi_sub_abs
                0x0000000000007e30                mbedtls_mpi_add_mpi
                0x0000000000007e38                mbedtls_mpi_sub_mpi
                0x0000000000007e40                mbedtls_mpi_add_int
                0x0000000000007ec0                mbedtls_mpi_sub_int
                0x0000000000007f40                mbedtls_mpi_mul_mpi
                0x00000000000080d4                mbedtls_mpi_mul_int
                0x0000000000008190                mbedtls_mpi_read_string
                0x00000000000083f4                mbedtls_mpi_div_mpi
                0x00000000000088f0                mbedtls_mpi_div_int
                0x0000000000008970                mbedtls_mpi_mod_mpi
                0x0000000000008d34                mbedtls_mpi_mod_int
                0x0000000000008dcc                mbedtls_mpi_write_string
                0x0000000000009124                mbedtls_mpi_montg_init
                0x000000000000914c                mbedtls_mpi_montmul
                0x0000000000009174                mbedtls_mpi_montred
                0x00000000000091f0                mbedtls_mpi_exp_mod
                0x0000000000009200                mbedtls_mpi_exp_mod_unsafe
                0x0000000000009214                mbedtls_mpi_gcd_modinv_odd
                0x0000000000009448                mbedtls_mpi_gcd
                0x0000000000009634                mbedtls_mpi_fill_random
                0x0000000000009950                mbedtls_mpi_random
                0x00000000000099e8                mbedtls_mpi_inv_mod_odd
                0x0000000000009ae0                mbedtls_mpi_inv_mod_even_in_range
                0x0000000000009c28                mbedtls_mpi_inv_mod
                0x0000000000009d98                mbedtls_mpi_is_prime_ext
                0x0000000000009e88                mbedtls_mpi_gen_prime
                0x000000000000a1d4                mbedtls_mpi_self_test
 .text          0x000000000000a5e4     0x13f8 /home/sanhow/optee-qemu-v8/optee_os/out/arm/export-ta_arm64/lib/libmbedtls.a(bignum_core.o)
                0x000000000000a658                mbedtls_mpi_core_clz
                0x000000000000a664                mbedtls_mpi_core_bitlen
                0x000000000000a6b8                mbedtls_mpi_core_bigendian_to_host
                0x000000000000a6ec                mbedtls_mpi_core_uint_le_mpi
                0x000000000000a744                mbedtls_mpi_core_lt_ct
                0x000000000000a7c4                mbedtls_mpi_core_cond_assign
                0x000000000000a810                mbedtls_mpi_core_cond_swap
                0x000000000000a878                mbedtls_mpi_core_read_le
                0x000000000000a904                mbedtls_mpi_core_read_be
                0x000000000000a994                mbedtls_mpi_core_write_le
                0x000000000000aa40                mbedtls_mpi_core_write_be
                0x000000000000aaf8                mbedtls_mpi_core_shift_r
                0x000000000000ab98                mbedtls_mpi_core_shift_l
                0x000000000000ac2c                mbedtls_mpi_core_add
                0x000000000000ac68                mbedtls_mpi_core_add_if
                0x000000000000acc4                mbedtls_mpi_core_sub
                0x000000000000ad08                mbedtls_mpi_core_mla
                0x000000000000aecc                mbedtls_mpi_core_mul
                0x000000000000af50                mbedtls_mpi_core_montmul_init
                0x000000000000af84                mbedtls_mpi_core_montmul
                0x000000000000b358                mbedtls_mpi_core_get_mont_r2_unsafe
                0x000000000000b3c0                mbedtls_mpi_core_fill_random
                0x000000000000b470                mbedtls_mpi_core_random
                0x000000000000b574                mbedtls_mpi_core_exp_mod_working_limbs
                0x000000000000b59c                mbedtls_mpi_core_exp_mod
                0x000000000000b5c4                mbedtls_mpi_core_exp_mod_unsafe
                0x000000000000b5f0                mbedtls_mpi_core_sub_int
                0x000000000000b620                mbedtls_mpi_core_check_zero_ct
                0x000000000000b644                mbedtls_mpi_core_to_mont_rep
                0x000000000000b660                mbedtls_mpi_core_from_mont_rep
                0x000000000000b6d4                mbedtls_mpi_core_gcd_modinv_odd
 .text          0x000000000000b9dc      0x468 /home/sanhow/optee-qemu-v8/optee_os/out/arm/export-ta_arm64/lib/libmbedtls.a(constant_time.o)
                0x000000000000ba50                mbedtls_ct_memcmp
                0x000000000000ba84                mbedtls_ct_memcmp_partial
                0x000000000000bb0c                mbedtls_ct_memmove_left
                0x000000000000bbac                mbedtls_ct_memcpy_if
                0x000000000000bcd0                mbedtls_ct_memcpy_offset
                0x000000000000bd60                mbedtls_ct_zeroize_if
 .text          0x000000000000be44       0x60 /home/sanhow/optee-qemu-v8/optee_os/out/arm/export-ta_arm64/lib/libmbedtls.a(platform_util.o)
                0x000000000000be44                mbedtls_platform_zeroize
                0x000000000000be7c                mbedtls_zeroize_and_free
 .text          0x000000000000bea4     0x1460 /home/sanhow/optee-qemu-v8/optee_os/out/arm/export-ta_arm64/lib/libutils.a(bget_malloc.o)
                0x000000000000bfb4                bget
                0x000000000000c2c8                bgetz
                0x000000000000c350                brel
                0x000000000000c65c                bgetr
                0x000000000000c728                bpool
                0x000000000000c814                bstats
                0x000000000000c938                bget_main_test
                0x000000000000cc08                malloc_reset_stats
                0x000000000000cc20                raw_malloc_flags
                0x000000000000cd9c                raw_memalign
                0x000000000000cdc0                raw_malloc
                0x000000000000cde4                raw_free
                0x000000000000ce28                raw_calloc
                0x000000000000ce4c                raw_realloc
                0x000000000000ce70                free_flags
                0x000000000000ce8c                malloc
                0x000000000000ceb8                malloc_flags
                0x000000000000cedc                calloc
                0x000000000000cf08                realloc
                0x000000000000cf34                memalign
                0x000000000000cf60                aligned_alloc
                0x000000000000cf9c                free
                0x000000000000cfa8                free_wipe
                0x000000000000cfb4                raw_malloc_get_ctx_size
                0x000000000000cfbc                raw_malloc_init_ctx
                0x000000000000cfe8                raw_malloc_add_pool
                0x000000000000d0d8                raw_malloc_buffer_overlaps_heap
                0x000000000000d148                raw_malloc_buffer_is_within_alloced
                0x000000000000d264                raw_malloc_get_stats
                0x000000000000d2a8                malloc_get_stats
                0x000000000000d2bc                malloc_add_pool
                0x000000000000d2d4                malloc_buffer_is_within_alloced
                0x000000000000d2ec                malloc_buffer_overlaps_heap
 .text          0x000000000000d304      0x120 /home/sanhow/optee-qemu-v8/optee_os/out/arm/export-ta_arm64/lib/libutils.a(snprintf.o)
                0x000000000000d304                snprintf
                0x000000000000d3cc                vsnprintf
 .text          0x000000000000d424       0x58 /home/sanhow/optee-qemu-v8/optee_os/out/arm/export-ta_arm64/lib/libutils.a(memmove.o)
                0x000000000000d424                memmove
 .text          0x000000000000d47c       0x1c /home/sanhow/optee-qemu-v8/optee_os/out/arm/export-ta_arm64/lib/libutils.a(memset.o)
                0x000000000000d47c                memset
 .text          0x000000000000d498       0x24 /home/sanhow/optee-qemu-v8/optee_os/out/arm/export-ta_arm64/lib/libutils.a(strcmp.o)
                0x000000000000d498                strcmp
 .text          0x000000000000d4bc       0x38 /home/sanhow/optee-qemu-v8/optee_os/out/arm/export-ta_arm64/lib/libutils.a(strlcpy.o)
                0x000000000000d4bc                strlcpy
 .text          0x000000000000d4f4      0x198 /home/sanhow/optee-qemu-v8/optee_os/out/arm/export-ta_arm64/lib/libutils.a(mempool.o)
                0x000000000000d4f4                mempool_alloc_pool
                0x000000000000d5bc                mempool_alloc
                0x000000000000d620                mempool_calloc
                0x000000000000d670                mempool_free
 .text          0x000000000000d68c       0x70 /home/sanhow/optee-qemu-v8/optee_os/out/arm/export-ta_arm64/lib/libutils.a(consttime_memcmp.o)
                0x000000000000d68c                consttime_memcmp
 .text          0x000000000000d6fc      0x250 /home/sanhow/optee-qemu-v8/optee_os/out/arm/export-ta_arm64/lib/libutils.a(base64.o)
                0x000000000000d6fc                base64_enc_len
                0x000000000000d714                base64_enc
                0x000000000000d828                base64_dec
 .text          0x000000000000d94c     0x45cc /home/sanhow/optee-qemu-v8/optee_os/out/arm/export-ta_arm64/lib/libutee.a(tee_api_operations.o)
                0x000000000000e0b8                TEE_FreeOperation
                0x000000000000e0f8                TEE_AllocateOperation
                0x000000000000ec50                __GP11_TEE_FreeOperation
                0x000000000000ec7c                TEE_GetOperationInfo
                0x000000000000ecd0                TEE_GetOperationInfoMultiple
                0x000000000000ee84                __GP11_TEE_GetOperationInfoMultiple
                0x000000000000ef18                TEE_ResetOperation
                0x000000000000ef54                TEE_SetOperationKey
                0x000000000000ef90                __GP11_TEE_SetOperationKey
                0x000000000000efcc                __GP11_TEE_SetOperationKey2
                0x000000000000f1f4                TEE_SetOperationKey2
                0x000000000000f214                TEE_CopyOperation
                0x000000000000f370                TEE_DigestUpdate
                0x000000000000f3e0                __GP11_TEE_DigestUpdate
                0x000000000000f3e8                TEE_DigestDoFinal
                0x000000000000f55c                __GP11_TEE_DigestDoFinal
                0x000000000000f608                TEE_DigestExtract
                0x000000000000f7b8                TEE_CipherInit
                0x000000000000f894                __GP11_TEE_CipherInit
                0x000000000000f89c                TEE_CipherUpdate
                0x000000000000fa8c                __GP11_TEE_CipherUpdate
                0x000000000000fb38                TEE_CipherDoFinal
                0x000000000000fd50                __GP11_TEE_CipherDoFinal
                0x000000000000fe08                TEE_MACInit
                0x000000000000feac                __GP11_TEE_MACInit
                0x000000000000feb4                TEE_MACUpdate
                0x000000000000ff54                __GP11_TEE_MACUpdate
                0x000000000000ff5c                TEE_MACComputeFinal
                0x0000000000010074                __GP11_TEE_MACComputeFinal
                0x0000000000010120                TEE_MACCompareFinal
                0x0000000000010248                __GP11_TEE_MACCompareFinal
                0x0000000000010254                TEE_AEInit
                0x0000000000010318                __GP11_TEE_AEInit
                0x0000000000010328                TEE_AEUpdateAAD
                0x00000000000103c4                __GP11_TEE_AEUpdateAAD
                0x0000000000010458                TEE_AEUpdate
                0x0000000000010524                __GP11_TEE_AEUpdate
                0x000000000001062c                TEE_AEEncryptFinal
                0x0000000000010830                __GP11_TEE_AEEncryptFinal
                0x0000000000010910                TEE_AEDecryptFinal
                0x0000000000010ae0                __GP11_TEE_AEDecryptFinal
                0x0000000000010ba4                TEE_AsymmetricEncrypt
                0x0000000000010d34                __GP11_TEE_AsymmetricEncrypt
                0x0000000000010eac                TEE_AsymmetricDecrypt
                0x0000000000011040                __GP11_TEE_AsymmetricDecrypt
                0x00000000000111bc                TEE_AsymmetricSignDigest
                0x000000000001132c                __GP11_TEE_AsymmetricSignDigest
                0x000000000001149c                TEE_AsymmetricVerifyDigest
                0x00000000000115f8                __GP11_TEE_AsymmetricVerifyDigest
                0x0000000000011754                TEE_DeriveKey
                0x00000000000118d0                __GP11_TEE_DeriveKey
                0x0000000000011a4c                TEE_GenerateRandom
                0x0000000000011a6c                __GP11_TEE_GenerateRandom
                0x0000000000011a74                rand
                0x0000000000011ad8                TEE_IsAlgorithmSupported
 .text          0x0000000000011f18     0x1a9c /home/sanhow/optee-qemu-v8/optee_os/out/arm/export-ta_arm64/lib/libutee.a(tee_api_objects.o)
                0x0000000000011f18                __utee_from_attr
                0x0000000000011f68                __utee_from_gp11_attr
                0x0000000000011fb8                TEE_GetObjectInfo
                0x000000000001206c                __GP11_TEE_GetObjectInfo
                0x0000000000012128                TEE_GetObjectInfo1
                0x00000000000121d0                __GP11_TEE_GetObjectInfo1
                0x0000000000012280                TEE_RestrictObjectUsage1
                0x00000000000122c4                TEE_RestrictObjectUsage
                0x000000000001235c                TEE_GetObjectBufferAttribute
                0x000000000001246c                __GP11_TEE_GetObjectBufferAttribute
                0x0000000000012510                TEE_GetObjectValueAttribute
                0x0000000000012650                TEE_CloseObject
                0x0000000000012678                __GP11_TEE_AllocateTransientObject
                0x0000000000012734                TEE_AllocateTransientObject
                0x0000000000012750                TEE_FreeTransientObject
                0x00000000000127e8                TEE_ResetTransientObject
                0x0000000000012880                TEE_PopulateTransientObject
                0x0000000000012994                __GP11_TEE_PopulateTransientObject
                0x0000000000012aa8                TEE_InitRefAttribute
                0x0000000000012af4                __GP11_TEE_InitRefAttribute
                0x0000000000012b44                TEE_InitValueAttribute
                0x0000000000012b90                __GP11_TEE_InitValueAttribute
                0x0000000000012bdc                TEE_CopyObjectAttributes1
                0x0000000000012cdc                TEE_CopyObjectAttributes
                0x0000000000012d78                TEE_GenerateKey
                0x0000000000012e4c                __GP11_TEE_GenerateKey
                0x0000000000012f20                TEE_OpenPersistentObject
                0x000000000001301c                __GP11_TEE_OpenPersistentObject
                0x0000000000013024                TEE_CreatePersistentObject
                0x0000000000013170                __GP11_TEE_CreatePersistentObject
                0x00000000000131ec                TEE_CloseAndDeletePersistentObject1
                0x0000000000013234                TEE_CloseAndDeletePersistentObject
                0x0000000000013260                TEE_RenamePersistentObject
                0x00000000000132bc                __GP11_TEE_RenamePersistentObject
                0x00000000000132c4                TEE_AllocatePersistentObjectEnumerator
                0x000000000001335c                TEE_FreePersistentObjectEnumerator
                0x0000000000013384                TEE_ResetPersistentObjectEnumerator
                0x00000000000133ac                TEE_StartPersistentObjectEnumerator
                0x00000000000133fc                TEE_GetNextPersistentObject
                0x0000000000013514                __GP11_TEE_GetNextPersistentObject
                0x0000000000013634                TEE_ReadObjectData
                0x0000000000013704                __GP11_TEE_ReadObjectData
                0x00000000000137a8                TEE_WriteObjectData
                0x0000000000013820                __GP11_TEE_WriteObjectData
                0x0000000000013828                TEE_TruncateObjectData
                0x0000000000013884                __GP11_TEE_TruncateObjectData
                0x000000000001388c                TEE_SeekObjectData
                0x00000000000139ac                __GP11_TEE_SeekObjectData
 .text          0x00000000000139b4        0x0 /home/sanhow/optee-qemu-v8/optee_os/out/arm/export-ta_arm64/lib/libutee.a(utee_syscalls_a64.o)
 .text          0x00000000000139b4        0x0 /home/sanhow/optee-qemu-v8/optee_os/out/arm/export-ta_arm64/lib/libutee.a(abort.o)
 *(SORT_BY_ALIGNMENT(.stub))
 *(SORT_BY_ALIGNMENT(.glue_7))
 *(SORT_BY_ALIGNMENT(.glue_7t))
 *(SORT_BY_ALIGNMENT(.gnu.linkonce.t.*))
 *(SORT_BY_ALIGNMENT(.vfp11_veneer))
                0x00000000000139b4                __text_end = .

.note.gnu.property
 *(SORT_BY_ALIGNMENT(.note.gnu.property))

.plt            0x00000000000139b4        0x0
 *(SORT_BY_ALIGNMENT(.plt))
 .plt           0x00000000000139b4        0x0 ./time_get_ta.o

.eh_frame_hdr
 *(SORT_BY_ALIGNMENT(.eh_frame_hdr))
 *(SORT_BY_ALIGNMENT(.eh_frame_entry) SORT_BY_ALIGNMENT(.eh_frame_entry.*))

.eh_frame       0x00000000000139b8     0x4250
 *(SORT_BY_ALIGNMENT(.eh_frame))
 .eh_frame      0x00000000000139b8       0xb0 ./time_get_ta.o
 .eh_frame      0x0000000000013a68       0x68 ./user_ta_header.o
                                         0x78 (size before relaxing)
 .eh_frame      0x0000000000013ad0       0x18 /home/sanhow/optee-qemu-v8/optee_os/out/arm/export-ta_arm64/lib/libutils.a(stack_check.o)
                                         0x30 (size before relaxing)
 .eh_frame      0x0000000000013ae8       0xb8 /home/sanhow/optee-qemu-v8/optee_os/out/arm/export-ta_arm64/lib/libutils.a(trace.o)
                                         0xc8 (size before relaxing)
 .eh_frame      0x0000000000013ba0       0x18 /home/sanhow/optee-qemu-v8/optee_os/out/arm/export-ta_arm64/lib/libutils.a(memcpy.o)
                                         0x28 (size before relaxing)
 .eh_frame      0x0000000000013bb8       0xf0 /home/sanhow/optee-qemu-v8/optee_os/out/arm/export-ta_arm64/lib/libutils.a(snprintk.o)
                                        0x108 (size before relaxing)
 .eh_frame      0x0000000000013ca8       0x18 /home/sanhow/optee-qemu-v8/optee_os/out/arm/export-ta_arm64/lib/libutils.a(memchr.o)
                                         0x28 (size before relaxing)
 .eh_frame      0x0000000000013cc0       0x18 /home/sanhow/optee-qemu-v8/optee_os/out/arm/export-ta_arm64/lib/libutils.a(strlen.o)
                                         0x28 (size before relaxing)
 .eh_frame      0x0000000000013cd8       0xa8 /home/sanhow/optee-qemu-v8/optee_os/out/arm/export-ta_arm64/lib/libutee.a(trace_ext.o)
                                         0xc0 (size before relaxing)
 .eh_frame      0x0000000000013d80      0x570 /home/sanhow/optee-qemu-v8/optee_os/out/arm/export-ta_arm64/lib/libutee.a(tee_api.o)
                                        0x588 (size before relaxing)
 .eh_frame      0x00000000000142f0      0x180 /home/sanhow/optee-qemu-v8/optee_os/out/arm/export-ta_arm64/lib/libutee.a(tee_api_panic.o)
                                        0x190 (size before relaxing)
 .eh_frame      0x0000000000014470       0xd8 /home/sanhow/optee-qemu-v8/optee_os/out/arm/export-ta_arm64/lib/libutee.a(tee_system_pta.o)
                                         0xf0 (size before relaxing)
 .eh_frame      0x0000000000014548      0x150 /home/sanhow/optee-qemu-v8/optee_os/out/arm/export-ta_arm64/lib/libutee.a(user_ta_entry.o)
                                        0x168 (size before relaxing)
 .eh_frame      0x0000000000014698       0x98 /home/sanhow/optee-qemu-v8/optee_os/out/arm/export-ta_arm64/lib/libutee.a(user_ta_entry_compat.o)
                                         0xa8 (size before relaxing)
 .eh_frame      0x0000000000014730       0x18 /home/sanhow/optee-qemu-v8/optee_os/out/arm/export-ta_arm64/lib/libutee.a(abort.o)
                                         0x30 (size before relaxing)
 .eh_frame      0x0000000000014748      0x7e8 /home/sanhow/optee-qemu-v8/optee_os/out/arm/export-ta_arm64/lib/libutee.a(tee_api_arith_mpi.o)
                                        0x800 (size before relaxing)
 .eh_frame      0x0000000000014f30      0x310 /home/sanhow/optee-qemu-v8/optee_os/out/arm/export-ta_arm64/lib/libutee.a(tee_api_property.o)
                                        0x328 (size before relaxing)
 .eh_frame      0x0000000000015240       0x90 /home/sanhow/optee-qemu-v8/optee_os/out/arm/export-ta_arm64/lib/libutee.a(tcb.o)
                                         0xa0 (size before relaxing)
 .eh_frame      0x00000000000152d0       0x38 /home/sanhow/optee-qemu-v8/optee_os/out/arm/export-ta_arm64/lib/libutee.a(assert.o)
                                         0x50 (size before relaxing)
 .eh_frame      0x0000000000015308      0xa28 /home/sanhow/optee-qemu-v8/optee_os/out/arm/export-ta_arm64/lib/libmbedtls.a(bignum.o)
                                        0xa40 (size before relaxing)
 .eh_frame      0x0000000000015d30      0x4a0 /home/sanhow/optee-qemu-v8/optee_os/out/arm/export-ta_arm64/lib/libmbedtls.a(bignum_core.o)
                                        0x4b0 (size before relaxing)
 .eh_frame      0x00000000000161d0      0x148 /home/sanhow/optee-qemu-v8/optee_os/out/arm/export-ta_arm64/lib/libmbedtls.a(constant_time.o)
                                        0x160 (size before relaxing)
 .eh_frame      0x0000000000016318       0x48 /home/sanhow/optee-qemu-v8/optee_os/out/arm/export-ta_arm64/lib/libmbedtls.a(platform_util.o)
                                         0x60 (size before relaxing)
 .eh_frame      0x0000000000016360      0x478 /home/sanhow/optee-qemu-v8/optee_os/out/arm/export-ta_arm64/lib/libutils.a(bget_malloc.o)
                                        0x488 (size before relaxing)
 .eh_frame      0x00000000000167d8       0x58 /home/sanhow/optee-qemu-v8/optee_os/out/arm/export-ta_arm64/lib/libutils.a(snprintf.o)
                                         0x70 (size before relaxing)
 .eh_frame      0x0000000000016830       0x18 /home/sanhow/optee-qemu-v8/optee_os/out/arm/export-ta_arm64/lib/libutils.a(memmove.o)
                                         0x28 (size before relaxing)
 .eh_frame      0x0000000000016848       0x18 /home/sanhow/optee-qemu-v8/optee_os/out/arm/export-ta_arm64/lib/libutils.a(memset.o)
                                         0x28 (size before relaxing)
 .eh_frame      0x0000000000016860       0x18 /home/sanhow/optee-qemu-v8/optee_os/out/arm/export-ta_arm64/lib/libutils.a(strcmp.o)
                                         0x28 (size before relaxing)
 .eh_frame      0x0000000000016878       0x18 /home/sanhow/optee-qemu-v8/optee_os/out/arm/export-ta_arm64/lib/libutils.a(strlcpy.o)
                                         0x28 (size before relaxing)
 .eh_frame      0x0000000000016890       0x88 /home/sanhow/optee-qemu-v8/optee_os/out/arm/export-ta_arm64/lib/libutils.a(mempool.o)
                                         0xa0 (size before relaxing)
 .eh_frame      0x0000000000016918       0x20 /home/sanhow/optee-qemu-v8/optee_os/out/arm/export-ta_arm64/lib/libutils.a(consttime_memcmp.o)
                                         0x30 (size before relaxing)
 .eh_frame      0x0000000000016938       0x58 /home/sanhow/optee-qemu-v8/optee_os/out/arm/export-ta_arm64/lib/libutils.a(base64.o)
                                         0x70 (size before relaxing)
 .eh_frame      0x0000000000016990      0xb08 /home/sanhow/optee-qemu-v8/optee_os/out/arm/export-ta_arm64/lib/libutee.a(tee_api_operations.o)
                                        0xb18 (size before relaxing)
 .eh_frame      0x0000000000017498      0x770 /home/sanhow/optee-qemu-v8/optee_os/out/arm/export-ta_arm64/lib/libutee.a(tee_api_objects.o)
                                        0x788 (size before relaxing)
 *(SORT_BY_ALIGNMENT(.eh_frame.*))

.gcc_except_table
 *(SORT_BY_ALIGNMENT(.gcc_except_table) SORT_BY_ALIGNMENT(.gcc_except_table.*))

.rodata         0x0000000000017c08     0x1399
 *(SORT_BY_ALIGNMENT(.gnu.linkonce.r.*))
 *(SORT_BY_ALIGNMENT(.rodata) SORT_BY_ALIGNMENT(.rodata.*))
 .rodata./home/sanhow/optee-qemu-v8/optee_os/out/arm/export-ta_arm64/src/user_ta_header.c
                0x0000000000017c08       0x33 ./user_ta_header.o
                0x0000000000017c08                ta_num_props
                0x0000000000017c28                __ta_no_share_heap_size
                0x0000000000017c30                ta_heap_size
                0x0000000000017c38                trace_ext_prefix
 *fill*         0x0000000000017c3b        0x5 
 .rodata.lib/libutee/tee_api.c
                0x0000000000017c40       0x18 /home/sanhow/optee-qemu-v8/optee_os/out/arm/export-ta_arm64/lib/libutee.a(tee_api.o)
 .rodata.lib/libutils/ext/snprintk.c
                0x0000000000017c58       0xac /home/sanhow/optee-qemu-v8/optee_os/out/arm/export-ta_arm64/lib/libutils.a(snprintk.o)
 .rodata.lib/libutee/tee_system_pta.c
                0x0000000000017d04       0x31 /home/sanhow/optee-qemu-v8/optee_os/out/arm/export-ta_arm64/lib/libutee.a(tee_system_pta.o)
 *fill*         0x0000000000017d35        0x3 
 .rodata.lib/libutee/tee_api_property.c
                0x0000000000017d38       0x10 /home/sanhow/optee-qemu-v8/optee_os/out/arm/export-ta_arm64/lib/libutee.a(tee_api_property.o)
 .rodata.lib/libmbedtls/mbedtls/library/bignum.c
                0x0000000000017d48       0xcc /home/sanhow/optee-qemu-v8/optee_os/out/arm/export-ta_arm64/lib/libmbedtls.a(bignum.o)
 .rodata.lib/libutee/tee_api_operations.c
                0x0000000000017e14       0x75 /home/sanhow/optee-qemu-v8/optee_os/out/arm/export-ta_arm64/lib/libutee.a(tee_api_operations.o)
 .rodata.str1.1.time_get_ta.c
                0x0000000000017e89      0xe3c ./time_get_ta.o
                                         0x7d (size before relaxing)
 .rodata.time_get_ta.c
                0x0000000000018cc5       0x6b ./time_get_ta.o
 .rodata.str1.1./home/sanhow/optee-qemu-v8/optee_os/out/arm/export-ta_arm64/src/user_ta_header.c
                0x0000000000018d30      0x15d ./user_ta_header.o
 .rodata.str1.1.lib/libutils/isoc/stack_check.c
                0x0000000000018d30       0x18 /home/sanhow/optee-qemu-v8/optee_os/out/arm/export-ta_arm64/lib/libutils.a(stack_check.o)
 .rodata.str1.1.lib/libutils/ext/trace.c
                0x0000000000018d30       0x1b /home/sanhow/optee-qemu-v8/optee_os/out/arm/export-ta_arm64/lib/libutils.a(trace.o)
 .rodata.lib/libutils/ext/trace.c
                0x0000000000018d30        0x5 /home/sanhow/optee-qemu-v8/optee_os/out/arm/export-ta_arm64/lib/libutils.a(trace.o)
 .rodata.str1.1.lib/libutils/ext/snprintk.c
                0x0000000000018d35       0x38 /home/sanhow/optee-qemu-v8/optee_os/out/arm/export-ta_arm64/lib/libutils.a(snprintk.o)
 .rodata.str1.1.lib/libutee/trace_ext.c
                0x0000000000018d35        0x2 /home/sanhow/optee-qemu-v8/optee_os/out/arm/export-ta_arm64/lib/libutee.a(trace_ext.o)
 .rodata.str1.1.lib/libutee/tee_api.c
                0x0000000000018d35       0x11 /home/sanhow/optee-qemu-v8/optee_os/out/arm/export-ta_arm64/lib/libutee.a(tee_api.o)
 .rodata.str1.1.lib/libutee/tee_system_pta.c
                0x0000000000018d35       0x55 /home/sanhow/optee-qemu-v8/optee_os/out/arm/export-ta_arm64/lib/libutee.a(tee_system_pta.o)
 .rodata.str1.1.lib/libutee/user_ta_entry.c
                0x0000000000018d35       0x4f /home/sanhow/optee-qemu-v8/optee_os/out/arm/export-ta_arm64/lib/libutee.a(user_ta_entry.o)
 .rodata.lib/libutee/user_ta_entry.c
                0x0000000000018d35       0x16 /home/sanhow/optee-qemu-v8/optee_os/out/arm/export-ta_arm64/lib/libutee.a(user_ta_entry.o)
 .rodata.str1.1.lib/libutee/abort.c
                0x0000000000018d4b        0x7 /home/sanhow/optee-qemu-v8/optee_os/out/arm/export-ta_arm64/lib/libutee.a(abort.o)
 .rodata.str1.1.lib/libutee/tee_api_arith_mpi.c
                0x0000000000018d4b       0xc9 /home/sanhow/optee-qemu-v8/optee_os/out/arm/export-ta_arm64/lib/libutee.a(tee_api_arith_mpi.o)
 .rodata.lib/libutee/tee_api_arith_mpi.c
                0x0000000000018d4b      0x14e /home/sanhow/optee-qemu-v8/optee_os/out/arm/export-ta_arm64/lib/libutee.a(tee_api_arith_mpi.o)
 .rodata.str1.1.lib/libutee/tee_api_property.c
                0x0000000000018e99       0x88 /home/sanhow/optee-qemu-v8/optee_os/out/arm/export-ta_arm64/lib/libutee.a(tee_api_property.o)
 .rodata.str1.1.lib/libutee/tcb.c
                0x0000000000018e99       0x8d /home/sanhow/optee-qemu-v8/optee_os/out/arm/export-ta_arm64/lib/libutee.a(tcb.o)
 .rodata.lib/libutee/tcb.c
                0x0000000000018e99       0x20 /home/sanhow/optee-qemu-v8/optee_os/out/arm/export-ta_arm64/lib/libutee.a(tcb.o)
 .rodata.str1.1.lib/libutee/assert.c
                0x0000000000018eb9       0x27 /home/sanhow/optee-qemu-v8/optee_os/out/arm/export-ta_arm64/lib/libutee.a(assert.o)
 .rodata.str1.1.lib/libmbedtls/mbedtls/library/bignum.c
                0x0000000000018eb9      0x45d /home/sanhow/optee-qemu-v8/optee_os/out/arm/export-ta_arm64/lib/libmbedtls.a(bignum.o)
 .rodata.str1.1.lib/libutils/isoc/bget_malloc.c
                0x0000000000018eb9      0x3ef /home/sanhow/optee-qemu-v8/optee_os/out/arm/export-ta_arm64/lib/libutils.a(bget_malloc.o)
 .rodata.lib/libutils/isoc/bget_malloc.c
                0x0000000000018eb9       0x7b /home/sanhow/optee-qemu-v8/optee_os/out/arm/export-ta_arm64/lib/libutils.a(bget_malloc.o)
 .rodata.str1.1.lib/libutils/ext/mempool.c
                0x0000000000018f34       0x89 /home/sanhow/optee-qemu-v8/optee_os/out/arm/export-ta_arm64/lib/libutils.a(mempool.o)
 .rodata.lib/libutils/ext/mempool.c
                0x0000000000018f34       0x2c /home/sanhow/optee-qemu-v8/optee_os/out/arm/export-ta_arm64/lib/libutils.a(mempool.o)
 .rodata.lib/libutils/ext/base64.c
                0x0000000000018f60       0x41 /home/sanhow/optee-qemu-v8/optee_os/out/arm/export-ta_arm64/lib/libutils.a(base64.o)
 .rodata.str1.1.lib/libutee/tee_api_operations.c
                0x0000000000018fa1       0x8a /home/sanhow/optee-qemu-v8/optee_os/out/arm/export-ta_arm64/lib/libutee.a(tee_api_operations.o)

.gnu.version_d  0x0000000000018fa8        0x0
 .gnu.version_d
                0x0000000000018fa8        0x0 ./time_get_ta.o

.gnu.version    0x0000000000018fa2        0x0
 .gnu.version   0x0000000000018fa2        0x0 ./time_get_ta.o

.gnu.version_r  0x0000000000018fa8        0x0
 .gnu.version_r
                0x0000000000018fa8        0x0 ./time_get_ta.o

.gnu.hash       0x0000000000018fa8       0x34
 .gnu.hash      0x0000000000018fa8       0x34 ./time_get_ta.o

.ta_head        0x0000000000018fe0       0x20
 .ta_head       0x0000000000018fe0       0x20 ./user_ta_header.o
                0x0000000000018fe0                ta_head

.ARM.extab
 *(SORT_BY_ALIGNMENT(.ARM.extab*) SORT_BY_ALIGNMENT(.gnu.linkonce.armextab.*))
                [!provide]                        PROVIDE (__exidx_start = .)

.ARM.exidx
 *(SORT_BY_ALIGNMENT(.ARM.exidx*) SORT_BY_ALIGNMENT(.gnu.linkonce.armexidx.*))
                [!provide]                        PROVIDE (__exidx_end = .)

.ctors
 *(SORT_BY_ALIGNMENT(.ctors))

.dtors
 *(SORT_BY_ALIGNMENT(.dtors))

.dynsym         0x0000000000019000       0xa8
 *(SORT_BY_ALIGNMENT(.dynsym))
 .dynsym        0x0000000000019000       0xa8 ./time_get_ta.o

.dynstr         0x00000000000190a8       0x36
 *(SORT_BY_ALIGNMENT(.dynstr))
 .dynstr        0x00000000000190a8       0x36 ./time_get_ta.o

.hash           0x00000000000190e0       0x30
 *(SORT_BY_ALIGNMENT(.hash))
 .hash          0x00000000000190e0       0x30 ./time_get_ta.o

.rela.dyn       0x0000000000019110      0x3a8
 .rela.data.rel.ro
                0x0000000000019110       0x18 ./time_get_ta.o
 .rela.ifunc    0x0000000000019128        0x0 ./time_get_ta.o
 .rela.data.rel.ro.local
                0x0000000000019128      0x300 ./time_get_ta.o
 .rela.data.rel.local
                0x0000000000019428       0x90 ./time_get_ta.o
                0x000000000001a000                . = ALIGN (0x1000)

.dynamic        0x000000000001a000      0x110
 *(SORT_BY_ALIGNMENT(.dynamic))
 .dynamic       0x000000000001a000      0x110 ./time_get_ta.o
                0x000000000001a000                _DYNAMIC

.tdata
 *(SORT_BY_ALIGNMENT(.tdata) SORT_BY_ALIGNMENT(.tdata.*) SORT_BY_ALIGNMENT(.gnu.linkonce.td.*))

.tbss
 *(SORT_BY_ALIGNMENT(.tbss) SORT_BY_ALIGNMENT(.tbss.*) SORT_BY_ALIGNMENT(.gnu.linkonce.tb.*))
 *(SORT_BY_ALIGNMENT(.tcommon))

.got            0x000000000001a110       0xe8
 *(SORT_BY_ALIGNMENT(.got.plt))
 .got.plt       0x000000000001a110       0x18 ./time_get_ta.o
 *(SORT_BY_ALIGNMENT(.got))
 .got           0x000000000001a128       0xd0 ./time_get_ta.o
                0x000000000001a128                _GLOBAL_OFFSET_TABLE_

.rel.text
 *(SORT_BY_ALIGNMENT(.rel.text))
 *(SORT_BY_ALIGNMENT(.rel.gnu.linkonce.t*))

.rela.text
 *(SORT_BY_ALIGNMENT(.rela.text))
 *(SORT_BY_ALIGNMENT(.rela.gnu.linkonce.t*))

.rel.data
 *(SORT_BY_ALIGNMENT(.rel.data))
 *(SORT_BY_ALIGNMENT(.rel.gnu.linkonce.d*))

.rela.data
 *(SORT_BY_ALIGNMENT(.rela.data))
 *(SORT_BY_ALIGNMENT(.rela.gnu.linkonce.d*))

.rel.tdata
 *(SORT_BY_ALIGNMENT(.rel.tdata) SORT_BY_ALIGNMENT(.rel.tdata.*) SORT_BY_ALIGNMENT(.rel.gnu.linkonce.td.*))

.rela.tdata
 *(SORT_BY_ALIGNMENT(.rela.tdata) SORT_BY_ALIGNMENT(.rela.tdata.*) SORT_BY_ALIGNMENT(.rela.gnu.linkonce.td.*))

.rel.tbss
 *(SORT_BY_ALIGNMENT(.rel.tbss) SORT_BY_ALIGNMENT(.rel.tbss.*) SORT_BY_ALIGNMENT(.rel.gnu.linkonce.tb.*))

.rela.tbss
 *(SORT_BY_ALIGNMENT(.rela.tbss) SORT_BY_ALIGNMENT(.rela.tbss.*) SORT_BY_ALIGNMENT(.rela.gnu.linkonce.tb.*))

.rel.rodata
 *(SORT_BY_ALIGNMENT(.rel.rodata))
 *(SORT_BY_ALIGNMENT(.rel.gnu.linkonce.r*))

.rela.rodata
 *(SORT_BY_ALIGNMENT(.rela.rodata))
 *(SORT_BY_ALIGNMENT(.rela.gnu.linkonce.r*))

.rel.dyn
 *(SORT_BY_ALIGNMENT(.rel.dyn))

.rel.got
 *(SORT_BY_ALIGNMENT(.rel.got))

.rela.got       0x000000000001a1f8      0x258
 *(SORT_BY_ALIGNMENT(.rela.got))
 .rela.got      0x000000000001a1f8      0x258 ./time_get_ta.o

.rel.ctors
 *(SORT_BY_ALIGNMENT(.rel.ctors))

.rela.ctors
 *(SORT_BY_ALIGNMENT(.rela.ctors))

.rel.dtors
 *(SORT_BY_ALIGNMENT(.rel.dtors))

.rela.dtors
 *(SORT_BY_ALIGNMENT(.rela.dtors))

.rel.init
 *(SORT_BY_ALIGNMENT(.rel.init))

.rela.init
 *(SORT_BY_ALIGNMENT(.rela.init))

.rel.fini
 *(SORT_BY_ALIGNMENT(.rel.fini))

.rela.fini
 *(SORT_BY_ALIGNMENT(.rela.fini))

.rel.bss
 *(SORT_BY_ALIGNMENT(.rel.bss))

.rela.bss       0x000000000001a450        0x0
 *(SORT_BY_ALIGNMENT(.rela.bss))
 .rela.bss      0x000000000001a450        0x0 ./time_get_ta.o

.rel.plt
 *(SORT_BY_ALIGNMENT(.rel.plt))

.rela.plt       0x000000000001a450        0x0
 *(SORT_BY_ALIGNMENT(.rela.plt))
 .rela.plt      0x000000000001a450        0x0 ./time_get_ta.o

.data           0x000000000001a450      0x28c
 *(SORT_BY_ALIGNMENT(.data) SORT_BY_ALIGNMENT(.data.*) SORT_BY_ALIGNMENT(.gnu.linkonce.d.*))
 .data.rel.ro.local
                0x000000000001a450      0x120 ./user_ta_header.o
                0x000000000001a450                ta_props
 .data          0x000000000001a570        0x8 /home/sanhow/optee-qemu-v8/optee_os/out/arm/export-ta_arm64/lib/libutils.a(stack_check.o)
                0x000000000001a570                __stack_chk_guard
 .data.rel.local
                0x000000000001a578       0x20 /home/sanhow/optee-qemu-v8/optee_os/out/arm/export-ta_arm64/lib/libutee.a(user_ta_entry.o)
 .data.rel.ro.local
                0x000000000001a598       0x60 /home/sanhow/optee-qemu-v8/optee_os/out/arm/export-ta_arm64/lib/libutee.a(tee_api_property.o)
                0x000000000001a598                tee_props
 .data.rel.ro   0x000000000001a5f8        0x8 /home/sanhow/optee-qemu-v8/optee_os/out/arm/export-ta_arm64/lib/libmbedtls.a(platform_util.o)
 .data          0x000000000001a600        0x8 /home/sanhow/optee-qemu-v8/optee_os/out/arm/export-ta_arm64/lib/libutils.a(bget_malloc.o)
 .data.rel.local
                0x000000000001a608       0xd0 /home/sanhow/optee-qemu-v8/optee_os/out/arm/export-ta_arm64/lib/libutils.a(bget_malloc.o)
 .data          0x000000000001a6d8        0x4 ./user_ta_header.o
                0x000000000001a6d8                trace_level
 .data          0x000000000001a6dc        0x0 ./time_get_ta.o
 .data.rel.ro   0x000000000001a6dc        0x0 ./time_get_ta.o
 .data          0x000000000001a6dc        0x0 /home/sanhow/optee-qemu-v8/optee_os/out/arm/export-ta_arm64/lib/libutils.a(trace.o)
 .data          0x000000000001a6dc        0x0 /home/sanhow/optee-qemu-v8/optee_os/out/arm/export-ta_arm64/lib/libutils.a(memcpy.o)
 .data          0x000000000001a6dc        0x0 /home/sanhow/optee-qemu-v8/optee_os/out/arm/export-ta_arm64/lib/libutils.a(snprintk.o)
 .data          0x000000000001a6dc        0x0 /home/sanhow/optee-qemu-v8/optee_os/out/arm/export-ta_arm64/lib/libutils.a(memchr.o)
 .data          0x000000000001a6dc        0x0 /home/sanhow/optee-qemu-v8/optee_os/out/arm/export-ta_arm64/lib/libutils.a(strlen.o)
 .data          0x000000000001a6dc        0x0 /home/sanhow/optee-qemu-v8/optee_os/out/arm/export-ta_arm64/lib/libutee.a(trace_ext.o)
 .data          0x000000000001a6dc        0x0 /home/sanhow/optee-qemu-v8/optee_os/out/arm/export-ta_arm64/lib/libutee.a(tee_api.o)
 .data          0x000000000001a6dc        0x0 /home/sanhow/optee-qemu-v8/optee_os/out/arm/export-ta_arm64/lib/libutee.a(tee_api_panic.o)
 .data          0x000000000001a6dc        0x0 /home/sanhow/optee-qemu-v8/optee_os/out/arm/export-ta_arm64/lib/libutee.a(tee_system_pta.o)
 .data          0x000000000001a6dc        0x0 /home/sanhow/optee-qemu-v8/optee_os/out/arm/export-ta_arm64/lib/libutee.a(user_ta_entry.o)
 .data          0x000000000001a6dc        0x0 /home/sanhow/optee-qemu-v8/optee_os/out/arm/export-ta_arm64/lib/libutee.a(user_ta_entry_compat.o)
 .data          0x000000000001a6dc        0x0 /home/sanhow/optee-qemu-v8/optee_os/out/arm/export-ta_arm64/lib/libutee.a(utee_syscalls_a64.o)
 .data          0x000000000001a6dc        0x0 /home/sanhow/optee-qemu-v8/optee_os/out/arm/export-ta_arm64/lib/libutee.a(abort.o)
 .data          0x000000000001a6dc        0x0 /home/sanhow/optee-qemu-v8/optee_os/out/arm/export-ta_arm64/lib/libutee.a(tee_api_arith_mpi.o)
 .data          0x000000000001a6dc        0x0 /home/sanhow/optee-qemu-v8/optee_os/out/arm/export-ta_arm64/lib/libutee.a(tee_api_property.o)
 .data          0x000000000001a6dc        0x0 /home/sanhow/optee-qemu-v8/optee_os/out/arm/export-ta_arm64/lib/libutee.a(tcb.o)
 .data          0x000000000001a6dc        0x0 /home/sanhow/optee-qemu-v8/optee_os/out/arm/export-ta_arm64/lib/libutee.a(assert.o)
 .data          0x000000000001a6dc        0x0 /home/sanhow/optee-qemu-v8/optee_os/out/arm/export-ta_arm64/lib/libmbedtls.a(bignum.o)
 .data          0x000000000001a6dc        0x0 /home/sanhow/optee-qemu-v8/optee_os/out/arm/export-ta_arm64/lib/libmbedtls.a(bignum_core.o)
 .data          0x000000000001a6dc        0x0 /home/sanhow/optee-qemu-v8/optee_os/out/arm/export-ta_arm64/lib/libmbedtls.a(constant_time.o)
 .data          0x000000000001a6dc        0x0 /home/sanhow/optee-qemu-v8/optee_os/out/arm/export-ta_arm64/lib/libmbedtls.a(platform_util.o)
 .data          0x000000000001a6dc        0x0 /home/sanhow/optee-qemu-v8/optee_os/out/arm/export-ta_arm64/lib/libutils.a(snprintf.o)
 .data          0x000000000001a6dc        0x0 /home/sanhow/optee-qemu-v8/optee_os/out/arm/export-ta_arm64/lib/libutils.a(memmove.o)
 .data          0x000000000001a6dc        0x0 /home/sanhow/optee-qemu-v8/optee_os/out/arm/export-ta_arm64/lib/libutils.a(memset.o)
 .data          0x000000000001a6dc        0x0 /home/sanhow/optee-qemu-v8/optee_os/out/arm/export-ta_arm64/lib/libutils.a(strcmp.o)
 .data          0x000000000001a6dc        0x0 /home/sanhow/optee-qemu-v8/optee_os/out/arm/export-ta_arm64/lib/libutils.a(strlcpy.o)
 .data          0x000000000001a6dc        0x0 /home/sanhow/optee-qemu-v8/optee_os/out/arm/export-ta_arm64/lib/libutils.a(mempool.o)
 .data          0x000000000001a6dc        0x0 /home/sanhow/optee-qemu-v8/optee_os/out/arm/export-ta_arm64/lib/libutils.a(consttime_memcmp.o)
 .data          0x000000000001a6dc        0x0 /home/sanhow/optee-qemu-v8/optee_os/out/arm/export-ta_arm64/lib/libutils.a(base64.o)
 .data          0x000000000001a6dc        0x0 /home/sanhow/optee-qemu-v8/optee_os/out/arm/export-ta_arm64/lib/libutee.a(tee_api_operations.o)
 .data          0x000000000001a6dc        0x0 /home/sanhow/optee-qemu-v8/optee_os/out/arm/export-ta_arm64/lib/libutee.a(tee_api_objects.o)

.bss            0x000000000001a6e0     0xb8b8
 *(SORT_BY_ALIGNMENT(.bss) SORT_BY_ALIGNMENT(.bss.*) SORT_BY_ALIGNMENT(.gnu.linkonce.b.*) SORT_BY_ALIGNMENT(COMMON))
 .bss           0x000000000001a6e0       0x10 /home/sanhow/optee-qemu-v8/optee_os/out/arm/export-ta_arm64/lib/libutee.a(tee_api.o)
 .bss           0x000000000001a6f0        0x8 /home/sanhow/optee-qemu-v8/optee_os/out/arm/export-ta_arm64/lib/libutee.a(tee_system_pta.o)
 .bss           0x000000000001a6f8       0x6c /home/sanhow/optee-qemu-v8/optee_os/out/arm/export-ta_arm64/lib/libutee.a(user_ta_entry.o)
                0x000000000001a708                __elf_phdr_info
                0x000000000001a718                __ta_no_share_malloc_ctx
                0x000000000001a720                ta_params
                0x000000000001a760                ta_param_types
 *fill*         0x000000000001a764        0x4 
 .bss           0x000000000001a768     0x3800 /home/sanhow/optee-qemu-v8/optee_os/out/arm/export-ta_arm64/lib/libutee.a(tee_api_arith_mpi.o)
 .bss           0x000000000001df68       0x10 /home/sanhow/optee-qemu-v8/optee_os/out/arm/export-ta_arm64/lib/libutee.a(tcb.o)
 .bss           0x000000000001df78        0x8 /home/sanhow/optee-qemu-v8/optee_os/out/arm/export-ta_arm64/lib/libmbedtls.a(bignum.o)
                0x000000000001df78                mbedtls_mpi_mempool
 .bss           0x000000000001df80        0x8 /home/sanhow/optee-qemu-v8/optee_os/out/arm/export-ta_arm64/lib/libmbedtls.a(constant_time.o)
                0x000000000001df80                mbedtls_ct_zero
 .bss           0x000000000001df88        0x8 /home/sanhow/optee-qemu-v8/optee_os/out/arm/export-ta_arm64/lib/libutils.a(bget_malloc.o)
 .bss           0x000000000001df90        0x0 ./time_get_ta.o
 .bss           0x000000000001df90     0x8001 ./user_ta_header.o
                0x000000000001df91                ta_heap
                0x000000000001df91                __ta_no_share_heap
 .bss           0x0000000000025f91        0x0 /home/sanhow/optee-qemu-v8/optee_os/out/arm/export-ta_arm64/lib/libutils.a(stack_check.o)
 .bss           0x0000000000025f91        0x0 /home/sanhow/optee-qemu-v8/optee_os/out/arm/export-ta_arm64/lib/libutils.a(trace.o)
 .bss           0x0000000000025f91        0x0 /home/sanhow/optee-qemu-v8/optee_os/out/arm/export-ta_arm64/lib/libutils.a(memcpy.o)
 .bss           0x0000000000025f91        0x0 /home/sanhow/optee-qemu-v8/optee_os/out/arm/export-ta_arm64/lib/libutils.a(snprintk.o)
 .bss           0x0000000000025f91        0x0 /home/sanhow/optee-qemu-v8/optee_os/out/arm/export-ta_arm64/lib/libutils.a(memchr.o)
 .bss           0x0000000000025f91        0x0 /home/sanhow/optee-qemu-v8/optee_os/out/arm/export-ta_arm64/lib/libutils.a(strlen.o)
 .bss           0x0000000000025f91        0x0 /home/sanhow/optee-qemu-v8/optee_os/out/arm/export-ta_arm64/lib/libutee.a(trace_ext.o)
 .bss           0x0000000000025f91        0x0 /home/sanhow/optee-qemu-v8/optee_os/out/arm/export-ta_arm64/lib/libutee.a(tee_api_panic.o)
 .bss           0x0000000000025f91        0x0 /home/sanhow/optee-qemu-v8/optee_os/out/arm/export-ta_arm64/lib/libutee.a(user_ta_entry_compat.o)
 .bss           0x0000000000025f91        0x0 /home/sanhow/optee-qemu-v8/optee_os/out/arm/export-ta_arm64/lib/libutee.a(utee_syscalls_a64.o)
 .bss           0x0000000000025f91        0x0 /home/sanhow/optee-qemu-v8/optee_os/out/arm/export-ta_arm64/lib/libutee.a(abort.o)
 .bss           0x0000000000025f91        0x0 /home/sanhow/optee-qemu-v8/optee_os/out/arm/export-ta_arm64/lib/libutee.a(tee_api_property.o)
 .bss           0x0000000000025f91        0x0 /home/sanhow/optee-qemu-v8/optee_os/out/arm/export-ta_arm64/lib/libutee.a(assert.o)
 .bss           0x0000000000025f91        0x0 /home/sanhow/optee-qemu-v8/optee_os/out/arm/export-ta_arm64/lib/libmbedtls.a(bignum_core.o)
 .bss           0x0000000000025f91        0x0 /home/sanhow/optee-qemu-v8/optee_os/out/arm/export-ta_arm64/lib/libmbedtls.a(platform_util.o)
 .bss           0x0000000000025f91        0x0 /home/sanhow/optee-qemu-v8/optee_os/out/arm/export-ta_arm64/lib/libutils.a(snprintf.o)
 .bss           0x0000000000025f91        0x0 /home/sanhow/optee-qemu-v8/optee_os/out/arm/export-ta_arm64/lib/libutils.a(memmove.o)
 .bss           0x0000000000025f91        0x0 /home/sanhow/optee-qemu-v8/optee_os/out/arm/export-ta_arm64/lib/libutils.a(memset.o)
 .bss           0x0000000000025f91        0x0 /home/sanhow/optee-qemu-v8/optee_os/out/arm/export-ta_arm64/lib/libutils.a(strcmp.o)
 .bss           0x0000000000025f91        0x0 /home/sanhow/optee-qemu-v8/optee_os/out/arm/export-ta_arm64/lib/libutils.a(strlcpy.o)
 .bss           0x0000000000025f91        0x0 /home/sanhow/optee-qemu-v8/optee_os/out/arm/export-ta_arm64/lib/libutils.a(mempool.o)
 .bss           0x0000000000025f91        0x0 /home/sanhow/optee-qemu-v8/optee_os/out/arm/export-ta_arm64/lib/libutils.a(consttime_memcmp.o)
 .bss           0x0000000000025f91        0x0 /home/sanhow/optee-qemu-v8/optee_os/out/arm/export-ta_arm64/lib/libutils.a(base64.o)
 .bss           0x0000000000025f91        0x0 /home/sanhow/optee-qemu-v8/optee_os/out/arm/export-ta_arm64/lib/libutee.a(tee_api_operations.o)
 .bss           0x0000000000025f91        0x0 /home/sanhow/optee-qemu-v8/optee_os/out/arm/export-ta_arm64/lib/libutee.a(tee_api_objects.o)
                0x0000000000025f98                . = ALIGN (0x8)
 *fill*         0x0000000000025f91        0x7 
                0x0000000000025f98                __ftrace_buf_start = .
                0x0000000000025f98                . = (. + DEFINED (_mcount)?0x800:0x0)
                0x0000000000025f98                __ftrace_buf_end = .

.dynbss         0x0000000000025f98        0x0
 .dynbss        0x0000000000025f98        0x0 ./time_get_ta.o

/DISCARD/
 *(SORT_BY_ALIGNMENT(.interp))
LOAD ./time_get_ta.o
LOAD ./user_ta_header.o
START GROUP
LOAD /home/sanhow/optee-qemu-v8/optee_os/out/arm/export-ta_arm64/lib/libutils.a
LOAD /home/sanhow/optee-qemu-v8/optee_os/out/arm/export-ta_arm64/lib/libutee.a
LOAD /home/sanhow/optee-qemu-v8/optee_os/out/arm/export-ta_arm64/lib/libmbedtls.a
LOAD /home/sanhow/optee-qemu-v8/optee_os/out/arm/export-ta_arm64/lib/libdl.a
END GROUP
LOAD /usr/lib/gcc/aarch64-linux-gnu/13/libgcc.a
LOAD /home/sanhow/optee-qemu-v8/optee_os/out/arm/export-ta_arm64/lib/libutils.a
OUTPUT(8ad93514-9898-4b4e-a15a-70dbf647d208.elf elf64-littleaarch64)
LOAD linker stubs

.debug_info     0x0000000000000000    0x27d7b
 .debug_info    0x0000000000000000      0x5de ./time_get_ta.o
 .debug_info    0x00000000000005de      0x7e1 ./user_ta_header.o
 .debug_info    0x0000000000000dbf      0x144 /home/sanhow/optee-qemu-v8/optee_os/out/arm/export-ta_arm64/lib/libutils.a(stack_check.o)
 .debug_info    0x0000000000000f03      0x70f /home/sanhow/optee-qemu-v8/optee_os/out/arm/export-ta_arm64/lib/libutils.a(trace.o)
 .debug_info    0x0000000000001612      0x130 /home/sanhow/optee-qemu-v8/optee_os/out/arm/export-ta_arm64/lib/libutils.a(memcpy.o)
 .debug_info    0x0000000000001742      0x935 /home/sanhow/optee-qemu-v8/optee_os/out/arm/export-ta_arm64/lib/libutils.a(snprintk.o)
 .debug_info    0x0000000000002077       0xff /home/sanhow/optee-qemu-v8/optee_os/out/arm/export-ta_arm64/lib/libutils.a(memchr.o)
 .debug_info    0x0000000000002176       0xbf /home/sanhow/optee-qemu-v8/optee_os/out/arm/export-ta_arm64/lib/libutils.a(strlen.o)
 .debug_info    0x0000000000002235      0x3d7 /home/sanhow/optee-qemu-v8/optee_os/out/arm/export-ta_arm64/lib/libutee.a(trace_ext.o)
 .debug_info    0x000000000000260c     0x272a /home/sanhow/optee-qemu-v8/optee_os/out/arm/export-ta_arm64/lib/libutee.a(tee_api.o)
 .debug_info    0x0000000000004d36      0xa03 /home/sanhow/optee-qemu-v8/optee_os/out/arm/export-ta_arm64/lib/libutee.a(tee_api_panic.o)
 .debug_info    0x0000000000005739      0x94e /home/sanhow/optee-qemu-v8/optee_os/out/arm/export-ta_arm64/lib/libutee.a(tee_system_pta.o)
 .debug_info    0x0000000000006087     0x1752 /home/sanhow/optee-qemu-v8/optee_os/out/arm/export-ta_arm64/lib/libutee.a(user_ta_entry.o)
 .debug_info    0x00000000000077d9      0x51e /home/sanhow/optee-qemu-v8/optee_os/out/arm/export-ta_arm64/lib/libutee.a(user_ta_entry_compat.o)
 .debug_info    0x0000000000007cf7      0x3b5 /home/sanhow/optee-qemu-v8/optee_os/out/arm/export-ta_arm64/lib/libutee.a(utee_syscalls_a64.o)
 .debug_info    0x00000000000080ac       0xf1 /home/sanhow/optee-qemu-v8/optee_os/out/arm/export-ta_arm64/lib/libutee.a(abort.o)
 .debug_info    0x000000000000819d     0x523d /home/sanhow/optee-qemu-v8/optee_os/out/arm/export-ta_arm64/lib/libutee.a(tee_api_arith_mpi.o)
 .debug_info    0x000000000000d3da     0x1985 /home/sanhow/optee-qemu-v8/optee_os/out/arm/export-ta_arm64/lib/libutee.a(tee_api_property.o)
 .debug_info    0x000000000000ed5f      0x8b9 /home/sanhow/optee-qemu-v8/optee_os/out/arm/export-ta_arm64/lib/libutee.a(tcb.o)
 .debug_info    0x000000000000f618      0x1b5 /home/sanhow/optee-qemu-v8/optee_os/out/arm/export-ta_arm64/lib/libutee.a(assert.o)
 .debug_info    0x000000000000f7cd     0x5bbc /home/sanhow/optee-qemu-v8/optee_os/out/arm/export-ta_arm64/lib/libmbedtls.a(bignum.o)
 .debug_info    0x0000000000015389     0x3921 /home/sanhow/optee-qemu-v8/optee_os/out/arm/export-ta_arm64/lib/libmbedtls.a(bignum_core.o)
 .debug_info    0x0000000000018caa      0xf5f /home/sanhow/optee-qemu-v8/optee_os/out/arm/export-ta_arm64/lib/libmbedtls.a(constant_time.o)
 .debug_info    0x0000000000019c09      0x259 /home/sanhow/optee-qemu-v8/optee_os/out/arm/export-ta_arm64/lib/libmbedtls.a(platform_util.o)
 .debug_info    0x0000000000019e62     0x420e /home/sanhow/optee-qemu-v8/optee_os/out/arm/export-ta_arm64/lib/libutils.a(bget_malloc.o)
 .debug_info    0x000000000001e070      0x29f /home/sanhow/optee-qemu-v8/optee_os/out/arm/export-ta_arm64/lib/libutils.a(snprintf.o)
 .debug_info    0x000000000001e30f       0xfb /home/sanhow/optee-qemu-v8/optee_os/out/arm/export-ta_arm64/lib/libutils.a(memmove.o)
 .debug_info    0x000000000001e40a       0xd3 /home/sanhow/optee-qemu-v8/optee_os/out/arm/export-ta_arm64/lib/libutils.a(memset.o)
 .debug_info    0x000000000001e4dd       0xb4 /home/sanhow/optee-qemu-v8/optee_os/out/arm/export-ta_arm64/lib/libutils.a(strcmp.o)
 .debug_info    0x000000000001e591      0x123 /home/sanhow/optee-qemu-v8/optee_os/out/arm/export-ta_arm64/lib/libutils.a(strlcpy.o)
 .debug_info    0x000000000001e6b4      0x71b /home/sanhow/optee-qemu-v8/optee_os/out/arm/export-ta_arm64/lib/libutils.a(mempool.o)
 .debug_info    0x000000000001edcf      0x132 /home/sanhow/optee-qemu-v8/optee_os/out/arm/export-ta_arm64/lib/libutils.a(consttime_memcmp.o)
 .debug_info    0x000000000001ef01      0x339 /home/sanhow/optee-qemu-v8/optee_os/out/arm/export-ta_arm64/lib/libutils.a(base64.o)
 .debug_info    0x000000000001f23a     0x5c47 /home/sanhow/optee-qemu-v8/optee_os/out/arm/export-ta_arm64/lib/libutee.a(tee_api_operations.o)
 .debug_info    0x0000000000024e81     0x2efa /home/sanhow/optee-qemu-v8/optee_os/out/arm/export-ta_arm64/lib/libutee.a(tee_api_objects.o)

.debug_abbrev   0x0000000000000000     0x5467
 .debug_abbrev  0x0000000000000000      0x22a ./time_get_ta.o
 .debug_abbrev  0x000000000000022a      0x282 ./user_ta_header.o
 .debug_abbrev  0x00000000000004ac       0xb2 /home/sanhow/optee-qemu-v8/optee_os/out/arm/export-ta_arm64/lib/libutils.a(stack_check.o)
 .debug_abbrev  0x000000000000055e      0x2bf /home/sanhow/optee-qemu-v8/optee_os/out/arm/export-ta_arm64/lib/libutils.a(trace.o)
 .debug_abbrev  0x000000000000081d       0xbb /home/sanhow/optee-qemu-v8/optee_os/out/arm/export-ta_arm64/lib/libutils.a(memcpy.o)
 .debug_abbrev  0x00000000000008d8      0x2f9 /home/sanhow/optee-qemu-v8/optee_os/out/arm/export-ta_arm64/lib/libutils.a(snprintk.o)
 .debug_abbrev  0x0000000000000bd1       0xb4 /home/sanhow/optee-qemu-v8/optee_os/out/arm/export-ta_arm64/lib/libutils.a(memchr.o)
 .debug_abbrev  0x0000000000000c85       0x85 /home/sanhow/optee-qemu-v8/optee_os/out/arm/export-ta_arm64/lib/libutils.a(strlen.o)
 .debug_abbrev  0x0000000000000d0a      0x1c4 /home/sanhow/optee-qemu-v8/optee_os/out/arm/export-ta_arm64/lib/libutee.a(trace_ext.o)
 .debug_abbrev  0x0000000000000ece      0x55e /home/sanhow/optee-qemu-v8/optee_os/out/arm/export-ta_arm64/lib/libutee.a(tee_api.o)
 .debug_abbrev  0x000000000000142c      0x21f /home/sanhow/optee-qemu-v8/optee_os/out/arm/export-ta_arm64/lib/libutee.a(tee_api_panic.o)
 .debug_abbrev  0x000000000000164b      0x2ec /home/sanhow/optee-qemu-v8/optee_os/out/arm/export-ta_arm64/lib/libutee.a(tee_system_pta.o)
 .debug_abbrev  0x0000000000001937      0x595 /home/sanhow/optee-qemu-v8/optee_os/out/arm/export-ta_arm64/lib/libutee.a(user_ta_entry.o)
 .debug_abbrev  0x0000000000001ecc      0x1b5 /home/sanhow/optee-qemu-v8/optee_os/out/arm/export-ta_arm64/lib/libutee.a(user_ta_entry_compat.o)
 .debug_abbrev  0x0000000000002081       0x26 /home/sanhow/optee-qemu-v8/optee_os/out/arm/export-ta_arm64/lib/libutee.a(utee_syscalls_a64.o)
 .debug_abbrev  0x00000000000020a7       0x94 /home/sanhow/optee-qemu-v8/optee_os/out/arm/export-ta_arm64/lib/libutee.a(abort.o)
 .debug_abbrev  0x000000000000213b      0x53f /home/sanhow/optee-qemu-v8/optee_os/out/arm/export-ta_arm64/lib/libutee.a(tee_api_arith_mpi.o)
 .debug_abbrev  0x000000000000267a      0x3a2 /home/sanhow/optee-qemu-v8/optee_os/out/arm/export-ta_arm64/lib/libutee.a(tee_api_property.o)
 .debug_abbrev  0x0000000000002a1c      0x2c8 /home/sanhow/optee-qemu-v8/optee_os/out/arm/export-ta_arm64/lib/libutee.a(tcb.o)
 .debug_abbrev  0x0000000000002ce4       0xbd /home/sanhow/optee-qemu-v8/optee_os/out/arm/export-ta_arm64/lib/libutee.a(assert.o)
 .debug_abbrev  0x0000000000002da1      0x576 /home/sanhow/optee-qemu-v8/optee_os/out/arm/export-ta_arm64/lib/libmbedtls.a(bignum.o)
 .debug_abbrev  0x0000000000003317      0x548 /home/sanhow/optee-qemu-v8/optee_os/out/arm/export-ta_arm64/lib/libmbedtls.a(bignum_core.o)
 .debug_abbrev  0x000000000000385f      0x397 /home/sanhow/optee-qemu-v8/optee_os/out/arm/export-ta_arm64/lib/libmbedtls.a(constant_time.o)
 .debug_abbrev  0x0000000000003bf6      0x153 /home/sanhow/optee-qemu-v8/optee_os/out/arm/export-ta_arm64/lib/libmbedtls.a(platform_util.o)
 .debug_abbrev  0x0000000000003d49      0x584 /home/sanhow/optee-qemu-v8/optee_os/out/arm/export-ta_arm64/lib/libutils.a(bget_malloc.o)
 .debug_abbrev  0x00000000000042cd      0x155 /home/sanhow/optee-qemu-v8/optee_os/out/arm/export-ta_arm64/lib/libutils.a(snprintf.o)
 .debug_abbrev  0x0000000000004422       0xa6 /home/sanhow/optee-qemu-v8/optee_os/out/arm/export-ta_arm64/lib/libutils.a(memmove.o)
 .debug_abbrev  0x00000000000044c8       0xa3 /home/sanhow/optee-qemu-v8/optee_os/out/arm/export-ta_arm64/lib/libutils.a(memset.o)
 .debug_abbrev  0x000000000000456b       0x6f /home/sanhow/optee-qemu-v8/optee_os/out/arm/export-ta_arm64/lib/libutils.a(strcmp.o)
 .debug_abbrev  0x00000000000045da       0xa5 /home/sanhow/optee-qemu-v8/optee_os/out/arm/export-ta_arm64/lib/libutils.a(strlcpy.o)
 .debug_abbrev  0x000000000000467f      0x2a2 /home/sanhow/optee-qemu-v8/optee_os/out/arm/export-ta_arm64/lib/libutils.a(mempool.o)
 .debug_abbrev  0x0000000000004921       0xc2 /home/sanhow/optee-qemu-v8/optee_os/out/arm/export-ta_arm64/lib/libutils.a(consttime_memcmp.o)
 .debug_abbrev  0x00000000000049e3      0x1a4 /home/sanhow/optee-qemu-v8/optee_os/out/arm/export-ta_arm64/lib/libutils.a(base64.o)
 .debug_abbrev  0x0000000000004b87      0x530 /home/sanhow/optee-qemu-v8/optee_os/out/arm/export-ta_arm64/lib/libutee.a(tee_api_operations.o)
 .debug_abbrev  0x00000000000050b7      0x3b0 /home/sanhow/optee-qemu-v8/optee_os/out/arm/export-ta_arm64/lib/libutee.a(tee_api_objects.o)

.debug_loclists
                0x0000000000000000    0x16dad
 .debug_loclists
                0x0000000000000000      0x149 ./time_get_ta.o
 .debug_loclists
                0x0000000000000149      0x100 ./user_ta_header.o
 .debug_loclists
                0x0000000000000249      0x29e /home/sanhow/optee-qemu-v8/optee_os/out/arm/export-ta_arm64/lib/libutils.a(trace.o)
 .debug_loclists
                0x00000000000004e7      0x297 /home/sanhow/optee-qemu-v8/optee_os/out/arm/export-ta_arm64/lib/libutils.a(memcpy.o)
 .debug_loclists
                0x000000000000077e     0x18a9 /home/sanhow/optee-qemu-v8/optee_os/out/arm/export-ta_arm64/lib/libutils.a(snprintk.o)
 .debug_loclists
                0x0000000000002027       0x6e /home/sanhow/optee-qemu-v8/optee_os/out/arm/export-ta_arm64/lib/libutils.a(memchr.o)
 .debug_loclists
                0x0000000000002095       0x3d /home/sanhow/optee-qemu-v8/optee_os/out/arm/export-ta_arm64/lib/libutils.a(strlen.o)
 .debug_loclists
                0x00000000000020d2       0xae /home/sanhow/optee-qemu-v8/optee_os/out/arm/export-ta_arm64/lib/libutee.a(trace_ext.o)
 .debug_loclists
                0x0000000000002180     0x120a /home/sanhow/optee-qemu-v8/optee_os/out/arm/export-ta_arm64/lib/libutee.a(tee_api.o)
 .debug_loclists
                0x000000000000338a      0x480 /home/sanhow/optee-qemu-v8/optee_os/out/arm/export-ta_arm64/lib/libutee.a(tee_api_panic.o)
 .debug_loclists
                0x000000000000380a      0x32f /home/sanhow/optee-qemu-v8/optee_os/out/arm/export-ta_arm64/lib/libutee.a(tee_system_pta.o)
 .debug_loclists
                0x0000000000003b39      0x651 /home/sanhow/optee-qemu-v8/optee_os/out/arm/export-ta_arm64/lib/libutee.a(user_ta_entry.o)
 .debug_loclists
                0x000000000000418a      0x1cb /home/sanhow/optee-qemu-v8/optee_os/out/arm/export-ta_arm64/lib/libutee.a(user_ta_entry_compat.o)
 .debug_loclists
                0x0000000000004355     0x1fed /home/sanhow/optee-qemu-v8/optee_os/out/arm/export-ta_arm64/lib/libutee.a(tee_api_arith_mpi.o)
 .debug_loclists
                0x0000000000006342      0xe50 /home/sanhow/optee-qemu-v8/optee_os/out/arm/export-ta_arm64/lib/libutee.a(tee_api_property.o)
 .debug_loclists
                0x0000000000007192      0x2ae /home/sanhow/optee-qemu-v8/optee_os/out/arm/export-ta_arm64/lib/libutee.a(tcb.o)
 .debug_loclists
                0x0000000000007440       0x71 /home/sanhow/optee-qemu-v8/optee_os/out/arm/export-ta_arm64/lib/libutee.a(assert.o)
 .debug_loclists
                0x00000000000074b1     0x3c2e /home/sanhow/optee-qemu-v8/optee_os/out/arm/export-ta_arm64/lib/libmbedtls.a(bignum.o)
 .debug_loclists
                0x000000000000b0df     0x296e /home/sanhow/optee-qemu-v8/optee_os/out/arm/export-ta_arm64/lib/libmbedtls.a(bignum_core.o)
 .debug_loclists
                0x000000000000da4d      0x7f6 /home/sanhow/optee-qemu-v8/optee_os/out/arm/export-ta_arm64/lib/libmbedtls.a(constant_time.o)
 .debug_loclists
                0x000000000000e243       0x9f /home/sanhow/optee-qemu-v8/optee_os/out/arm/export-ta_arm64/lib/libmbedtls.a(platform_util.o)
 .debug_loclists
                0x000000000000e2e2     0x2996 /home/sanhow/optee-qemu-v8/optee_os/out/arm/export-ta_arm64/lib/libutils.a(bget_malloc.o)
 .debug_loclists
                0x0000000000010c78       0xd0 /home/sanhow/optee-qemu-v8/optee_os/out/arm/export-ta_arm64/lib/libutils.a(snprintf.o)
 .debug_loclists
                0x0000000000010d48      0x171 /home/sanhow/optee-qemu-v8/optee_os/out/arm/export-ta_arm64/lib/libutils.a(memmove.o)
 .debug_loclists
                0x0000000000010eb9       0x67 /home/sanhow/optee-qemu-v8/optee_os/out/arm/export-ta_arm64/lib/libutils.a(memset.o)
 .debug_loclists
                0x0000000000010f20       0x50 /home/sanhow/optee-qemu-v8/optee_os/out/arm/export-ta_arm64/lib/libutils.a(strcmp.o)
 .debug_loclists
                0x0000000000010f70       0x96 /home/sanhow/optee-qemu-v8/optee_os/out/arm/export-ta_arm64/lib/libutils.a(strlcpy.o)
 .debug_loclists
                0x0000000000011006      0x285 /home/sanhow/optee-qemu-v8/optee_os/out/arm/export-ta_arm64/lib/libutils.a(mempool.o)
 .debug_loclists
                0x000000000001128b       0xcb /home/sanhow/optee-qemu-v8/optee_os/out/arm/export-ta_arm64/lib/libutils.a(consttime_memcmp.o)
 .debug_loclists
                0x0000000000011356      0x328 /home/sanhow/optee-qemu-v8/optee_os/out/arm/export-ta_arm64/lib/libutils.a(base64.o)
 .debug_loclists
                0x000000000001167e     0x3f0b /home/sanhow/optee-qemu-v8/optee_os/out/arm/export-ta_arm64/lib/libutee.a(tee_api_operations.o)
 .debug_loclists
                0x0000000000015589     0x1824 /home/sanhow/optee-qemu-v8/optee_os/out/arm/export-ta_arm64/lib/libutee.a(tee_api_objects.o)

.debug_aranges  0x0000000000000000      0xa10
 .debug_aranges
                0x0000000000000000       0x30 ./time_get_ta.o
 .debug_aranges
                0x0000000000000030       0x30 ./user_ta_header.o
 .debug_aranges
                0x0000000000000060       0x30 /home/sanhow/optee-qemu-v8/optee_os/out/arm/export-ta_arm64/lib/libutils.a(stack_check.o)
 .debug_aranges
                0x0000000000000090       0x30 /home/sanhow/optee-qemu-v8/optee_os/out/arm/export-ta_arm64/lib/libutils.a(trace.o)
 .debug_aranges
                0x00000000000000c0       0x30 /home/sanhow/optee-qemu-v8/optee_os/out/arm/export-ta_arm64/lib/libutils.a(memcpy.o)
 .debug_aranges
                0x00000000000000f0       0x30 /home/sanhow/optee-qemu-v8/optee_os/out/arm/export-ta_arm64/lib/libutils.a(snprintk.o)
 .debug_aranges
                0x0000000000000120       0x30 /home/sanhow/optee-qemu-v8/optee_os/out/arm/export-ta_arm64/lib/libutils.a(memchr.o)
 .debug_aranges
                0x0000000000000150       0x30 /home/sanhow/optee-qemu-v8/optee_os/out/arm/export-ta_arm64/lib/libutils.a(strlen.o)
 .debug_aranges
                0x0000000000000180       0x30 /home/sanhow/optee-qemu-v8/optee_os/out/arm/export-ta_arm64/lib/libutee.a(trace_ext.o)
 .debug_aranges
                0x00000000000001b0       0x30 /home/sanhow/optee-qemu-v8/optee_os/out/arm/export-ta_arm64/lib/libutee.a(tee_api.o)
 .debug_aranges
                0x00000000000001e0       0x30 /home/sanhow/optee-qemu-v8/optee_os/out/arm/export-ta_arm64/lib/libutee.a(tee_api_panic.o)
 .debug_aranges
                0x0000000000000210       0x30 /home/sanhow/optee-qemu-v8/optee_os/out/arm/export-ta_arm64/lib/libutee.a(tee_system_pta.o)
 .debug_aranges
                0x0000000000000240       0x30 /home/sanhow/optee-qemu-v8/optee_os/out/arm/export-ta_arm64/lib/libutee.a(user_ta_entry.o)
 .debug_aranges
                0x0000000000000270       0x30 /home/sanhow/optee-qemu-v8/optee_os/out/arm/export-ta_arm64/lib/libutee.a(user_ta_entry_compat.o)
 .debug_aranges
                0x00000000000002a0      0x3b0 /home/sanhow/optee-qemu-v8/optee_os/out/arm/export-ta_arm64/lib/libutee.a(utee_syscalls_a64.o)
 .debug_aranges
                0x0000000000000650       0x30 /home/sanhow/optee-qemu-v8/optee_os/out/arm/export-ta_arm64/lib/libutee.a(abort.o)
 .debug_aranges
                0x0000000000000680       0x30 /home/sanhow/optee-qemu-v8/optee_os/out/arm/export-ta_arm64/lib/libutee.a(tee_api_arith_mpi.o)
 .debug_aranges
                0x00000000000006b0       0x30 /home/sanhow/optee-qemu-v8/optee_os/out/arm/export-ta_arm64/lib/libutee.a(tee_api_property.o)
 .debug_aranges
                0x00000000000006e0       0x30 /home/sanhow/optee-qemu-v8/optee_os/out/arm/export-ta_arm64/lib/libutee.a(tcb.o)
 .debug_aranges
                0x0000000000000710       0x30 /home/sanhow/optee-qemu-v8/optee_os/out/arm/export-ta_arm64/lib/libutee.a(assert.o)
 .debug_aranges
                0x0000000000000740       0x30 /home/sanhow/optee-qemu-v8/optee_os/out/arm/export-ta_arm64/lib/libmbedtls.a(bignum.o)
 .debug_aranges
                0x0000000000000770       0x30 /home/sanhow/optee-qemu-v8/optee_os/out/arm/export-ta_arm64/lib/libmbedtls.a(bignum_core.o)
 .debug_aranges
                0x00000000000007a0       0x30 /home/sanhow/optee-qemu-v8/optee_os/out/arm/export-ta_arm64/lib/libmbedtls.a(constant_time.o)
 .debug_aranges
                0x00000000000007d0       0x30 /home/sanhow/optee-qemu-v8/optee_os/out/arm/export-ta_arm64/lib/libmbedtls.a(platform_util.o)
 .debug_aranges
                0x0000000000000800       0x30 /home/sanhow/optee-qemu-v8/optee_os/out/arm/export-ta_arm64/lib/libutils.a(bget_malloc.o)
 .debug_aranges
                0x0000000000000830       0x30 /home/sanhow/optee-qemu-v8/optee_os/out/arm/export-ta_arm64/lib/libutils.a(snprintf.o)
 .debug_aranges
                0x0000000000000860       0x30 /home/sanhow/optee-qemu-v8/optee_os/out/arm/export-ta_arm64/lib/libutils.a(memmove.o)
 .debug_aranges