Archive member included to satisfy reference by file (symbol)

/home/sanhow/optee-qemu-v8/optee_os/out/arm/export-ta_arm64/lib/libutils.a(stack_check.o)
                              ./user_ta_header.o (__stack_chk_guard)
/home/sanhow/optee-qemu-v8/optee_os/out/arm/export-ta_arm64/lib/libutils.a(trace.o)
                              ./bit_operation_ta.o (trace_printf)
/home/sanhow/optee-qemu-v8/optee_os/out/arm/export-ta_arm64/lib/libutils.a(memcpy.o)
                              /home/sanhow/optee-qemu-v8/optee_os/out/arm/export-ta_arm64/lib/libutils.a(trace.o) (memcpy)
/home/sanhow/optee-qemu-v8/optee_os/out/arm/export-ta_arm64/lib/libutils.a(snprintk.o)
                              /home/sanhow/optee-qemu-v8/optee_os/out/arm/export-ta_arm64/lib/libutils.a(trace.o) (vsnprintk)
/home/sanhow/optee-qemu-v8/optee_os/out/arm/export-ta_arm64/lib/libutils.a(memchr.o)
                              /home/sanhow/optee-qemu-v8/optee_os/out/arm/export-ta_arm64/lib/libutils.a(snprintk.o) (memchr)
/home/sanhow/optee-qemu-v8/optee_os/out/arm/export-ta_arm64/lib/libutils.a(strlen.o)
                              /home/sanhow/optee-qemu-v8/optee_os/out/arm/export-ta_arm64/lib/libutils.a(snprintk.o) (strlen)
/home/sanhow/optee-qemu-v8/optee_os/out/arm/export-ta_arm64/lib/libutee.a(trace_ext.o)
                              /home/sanhow/optee-qemu-v8/optee_os/out/arm/export-ta_arm64/lib/libutils.a(trace.o) (trace_ext_puts)
/home/sanhow/optee-qemu-v8/optee_os/out/arm/export-ta_arm64/lib/libutee.a(user_ta_entry.o)
                              ./user_ta_header.o (__utee_entry)
/home/sanhow/optee-qemu-v8/optee_os/out/arm/export-ta_arm64/lib/libutee.a(user_ta_entry_compat.o)
                              ./user_ta_header.o (__ta_open_sess)
/home/sanhow/optee-qemu-v8/optee_os/out/arm/export-ta_arm64/lib/libutee.a(utee_syscalls_a64.o)
                              /home/sanhow/optee-qemu-v8/optee_os/out/arm/export-ta_arm64/lib/libutils.a(stack_check.o) (_utee_panic)
/home/sanhow/optee-qemu-v8/optee_os/out/arm/export-ta_arm64/lib/libutee.a(abort.o)
                              /home/sanhow/optee-qemu-v8/optee_os/out/arm/export-ta_arm64/lib/libutee.a(user_ta_entry.o) (abort)
/home/sanhow/optee-qemu-v8/optee_os/out/arm/export-ta_arm64/lib/libutee.a(tee_api.o)
                              /home/sanhow/optee-qemu-v8/optee_os/out/arm/export-ta_arm64/lib/libutee.a(user_ta_entry.o) (TEE_Malloc)
/home/sanhow/optee-qemu-v8/optee_os/out/arm/export-ta_arm64/lib/libutee.a(tee_api_arith_mpi.o)
                              /home/sanhow/optee-qemu-v8/optee_os/out/arm/export-ta_arm64/lib/libutee.a(user_ta_entry.o) (_TEE_MathAPI_Init)
/home/sanhow/optee-qemu-v8/optee_os/out/arm/export-ta_arm64/lib/libutee.a(tee_api_panic.o)
                              /home/sanhow/optee-qemu-v8/optee_os/out/arm/export-ta_arm64/lib/libutee.a(tee_api.o) (TEE_Panic)
/home/sanhow/optee-qemu-v8/optee_os/out/arm/export-ta_arm64/lib/libutee.a(tee_api_property.o)
                              /home/sanhow/optee-qemu-v8/optee_os/out/arm/export-ta_arm64/lib/libutee.a(user_ta_entry.o) (TEE_GetPropertyAsU32)
/home/sanhow/optee-qemu-v8/optee_os/out/arm/export-ta_arm64/lib/libutee.a(tee_system_pta.o)
                              /home/sanhow/optee-qemu-v8/optee_os/out/arm/export-ta_arm64/lib/libutee.a(tee_api.o) (tee_map_zi)
/home/sanhow/optee-qemu-v8/optee_os/out/arm/export-ta_arm64/lib/libutee.a(tcb.o)
                              /home/sanhow/optee-qemu-v8/optee_os/out/arm/export-ta_arm64/lib/libutee.a(user_ta_entry.o) (__utee_tcb_init)
/home/sanhow/optee-qemu-v8/optee_os/out/arm/export-ta_arm64/lib/libutee.a(assert.o)
                              /home/sanhow/optee-qemu-v8/optee_os/out/arm/export-ta_arm64/lib/libutee.a(tcb.o) (_assert_log)
/home/sanhow/optee-qemu-v8/optee_os/out/arm/export-ta_arm64/lib/libmbedtls.a(bignum.o)
                              /home/sanhow/optee-qemu-v8/optee_os/out/arm/export-ta_arm64/lib/libutee.a(tee_api_arith_mpi.o) (mbedtls_mpi_init_mempool)
/home/sanhow/optee-qemu-v8/optee_os/out/arm/export-ta_arm64/lib/libmbedtls.a(bignum_core.o)
                              /home/sanhow/optee-qemu-v8/optee_os/out/arm/export-ta_arm64/lib/libmbedtls.a(bignum.o) (mbedtls_mpi_core_bitlen)
/home/sanhow/optee-qemu-v8/optee_os/out/arm/export-ta_arm64/lib/libmbedtls.a(constant_time.o)
                              /home/sanhow/optee-qemu-v8/optee_os/out/arm/export-ta_arm64/lib/libmbedtls.a(bignum.o) (mbedtls_ct_zero)
/home/sanhow/optee-qemu-v8/optee_os/out/arm/export-ta_arm64/lib/libmbedtls.a(platform_util.o)
                              /home/sanhow/optee-qemu-v8/optee_os/out/arm/export-ta_arm64/lib/libmbedtls.a(bignum.o) (mbedtls_platform_zeroize)
/home/sanhow/optee-qemu-v8/optee_os/out/arm/export-ta_arm64/lib/libutils.a(bget_malloc.o)
                              /home/sanhow/optee-qemu-v8/optee_os/out/arm/export-ta_arm64/lib/libutee.a(tee_api.o) (raw_malloc_flags)
[...]
Memory Configuration

Name             Origin             Length             Attributes
*default*        0x0000000000000000 0xffffffffffffffff

Linker script and memory map


.text           0x0000000000000000    0x139a0
                0x0000000000000000                __text_start = .
 *(SORT_BY_ALIGNMENT(.text) SORT_BY_ALIGNMENT(.text.*))
 .text          0x0000000000000000      0x10c /home/sanhow/optee-qemu-v8/optee_os/out/arm/export-ta_arm64/lib/libutils.a(memcpy.o)
                0x0000000000000000                memcpy
 .text          0x000000000000010c      0x1a4 ./bit_operation_ta.o
                0x000000000000010c                TA_CreateEntryPoint
                0x0000000000000140                TA_DestroyEntryPoint
                0x0000000000000164                __GP11_TA_OpenSessionEntryPoint
                0x00000000000001d8                TA_CloseSessionEntryPoint
                0x00000000000001dc                __GP11_TA_InvokeCommandEntryPoint
 .text          0x00000000000002b0       0xa0 ./user_ta_header.o
                0x00000000000002b0                __ta_entry
                0x0000000000000330                tahead_get_trace_level
                0x0000000000000338                TA_OpenSessionEntryPoint
                0x0000000000000344                TA_InvokeCommandEntryPoint
 .text          0x0000000000000350       0x30 /home/sanhow/optee-qemu-v8/optee_os/out/arm/export-ta_arm64/lib/libutils.a(stack_check.o)
                0x0000000000000350                __stack_chk_fail
 .text          0x0000000000000380      0x328 /home/sanhow/optee-qemu-v8/optee_os/out/arm/export-ta_arm64/lib/libutils.a(trace.o)
                0x0000000000000380                trace_set_level
                0x000000000000039c                trace_get_level
                0x00000000000003ac                trace_vprintf
                0x00000000000005cc                trace_printf
                0x00000000000006a4                dhex_dump
 .text          0x00000000000006a8      0xe38 /home/sanhow/optee-qemu-v8/optee_os/out/arm/export-ta_arm64/lib/libutils.a(snprintk.o)
                0x00000000000006a8                __vsnprintf
                0x0000000000000770                vsnprintk
                0x00000000000007c8                snprintk
                0x0000000000001494                __vsprintf
 .text          0x00000000000014e0       0x2c /home/sanhow/optee-qemu-v8/optee_os/out/arm/export-ta_arm64/lib/libutils.a(memchr.o)
                0x00000000000014e0                memchr
 .text          0x000000000000150c       0x1c /home/sanhow/optee-qemu-v8/optee_os/out/arm/export-ta_arm64/lib/libutils.a(strlen.o)
                0x000000000000150c                strlen
 .text          0x0000000000001528      0x1d4 /home/sanhow/optee-qemu-v8/optee_os/out/arm/export-ta_arm64/lib/libutee.a(trace_ext.o)
                0x0000000000001528                trace_ext_puts
                0x0000000000001550                trace_ext_get_thread_id
                0x0000000000001558                printf
                0x0000000000001644                puts
                0x0000000000001684                putchar
 .text          0x00000000000016fc      0x770 /home/sanhow/optee-qemu-v8/optee_os/out/arm/export-ta_arm64/lib/libutee.a(user_ta_entry.o)
                0x00000000000019d0                __utee_call_elf_init_fn
                0x0000000000001b24                __utee_call_elf_fini_fn
                0x0000000000001bc8                __utee_entry
 .text          0x0000000000001e6c      0x244 /home/sanhow/optee-qemu-v8/optee_os/out/arm/export-ta_arm64/lib/libutee.a(user_ta_entry_compat.o)
                0x0000000000001f34                __ta_open_sess
                0x0000000000001fe8                __ta_invoke_cmd
 .text._utee_panic
                0x00000000000020b0        0xc /home/sanhow/optee-qemu-v8/optee_os/out/arm/export-ta_arm64/lib/libutee.a(utee_syscalls_a64.o)
                0x00000000000020b0                _utee_panic
 .text._utee_return
                0x00000000000020bc        0xc /home/sanhow/optee-qemu-v8/optee_os/out/arm/export-ta_arm64/lib/libutee.a(utee_syscalls_a64.o)
                0x00000000000020bc                _utee_return
 .text._utee_log
                0x00000000000020c8        0xc /home/sanhow/optee-qemu-v8/optee_os/out/arm/export-ta_arm64/lib/libutee.a(utee_syscalls_a64.o)
                0x00000000000020c8                _utee_log
 .text.__utee_panic
                0x00000000000020d4        0xc /home/sanhow/optee-qemu-v8/optee_os/out/arm/export-ta_arm64/lib/libutee.a(utee_syscalls_a64.o)
                0x00000000000020d4                __utee_panic
 .text._utee_get_property
                0x00000000000020e0        0xc /home/sanhow/optee-qemu-v8/optee_os/out/arm/export-ta_arm64/lib/libutee.a(utee_syscalls_a64.o)
                0x00000000000020e0                _utee_get_property
 .text._utee_get_property_name_to_index
                0x00000000000020ec        0xc /home/sanhow/optee-qemu-v8/optee_os/out/arm/export-ta_arm64/lib/libutee.a(utee_syscalls_a64.o)
                0x00000000000020ec                _utee_get_property_name_to_index
 .text._utee_open_ta_session
                0x00000000000020f8        0xc /home/sanhow/optee-qemu-v8/optee_os/out/arm/export-ta_arm64/lib/libutee.a(utee_syscalls_a64.o)
                0x00000000000020f8                _utee_open_ta_session
 .text._utee_close_ta_session
                0x0000000000002104        0xc /home/sanhow/optee-qemu-v8/optee_os/out/arm/export-ta_arm64/lib/libutee.a(utee_syscalls_a64.o)
                0x0000000000002104                _utee_close_ta_session
 .text._utee_invoke_ta_command
                0x0000000000002110        0xc /home/sanhow/optee-qemu-v8/optee_os/out/arm/export-ta_arm64/lib/libutee.a(utee_syscalls_a64.o)
                0x0000000000002110                _utee_invoke_ta_command
 .text._utee_get_cancellation_flag
                0x000000000000211c        0xc /home/sanhow/optee-qemu-v8/optee_os/out/arm/export-ta_arm64/lib/libutee.a(utee_syscalls_a64.o)
                0x000000000000211c                _utee_get_cancellation_flag
 .text._utee_check_access_rights
                0x0000000000002128        0xc /home/sanhow/optee-qemu-v8/optee_os/out/arm/export-ta_arm64/lib/libutee.a(utee_syscalls_a64.o)
                0x0000000000002128                _utee_check_access_rights
 .text._utee_unmask_cancellation
                0x0000000000002134        0xc /home/sanhow/optee-qemu-v8/optee_os/out/arm/export-ta_arm64/lib/libutee.a(utee_syscalls_a64.o)
                0x0000000000002134                _utee_unmask_cancellation
 .text._utee_mask_cancellation
                0x0000000000002140        0xc /home/sanhow/optee-qemu-v8/optee_os/out/arm/export-ta_arm64/lib/libutee.a(utee_syscalls_a64.o)
                0x0000000000002140                _utee_mask_cancellation
 .text._utee_wait
                0x000000000000214c        0xc /home/sanhow/optee-qemu-v8/optee_os/out/arm/export-ta_arm64/lib/libutee.a(utee_syscalls_a64.o)
                0x000000000000214c                _utee_wait
 .text._utee_get_time
                0x0000000000002158        0xc /home/sanhow/optee-qemu-v8/optee_os/out/arm/export-ta_arm64/lib/libutee.a(utee_syscalls_a64.o)
                0x0000000000002158                _utee_get_time
 .text._utee_set_ta_time
                0x0000000000002164        0xc /home/sanhow/optee-qemu-v8/optee_os/out/arm/export-ta_arm64/lib/libutee.a(utee_syscalls_a64.o)
                0x0000000000002164                _utee_set_ta_time
 .text._utee_cryp_state_alloc
                0x0000000000002170        0xc /home/sanhow/optee-qemu-v8/optee_os/out/arm/export-ta_arm64/lib/libutee.a(utee_syscalls_a64.o)
                0x0000000000002170                _utee_cryp_state_alloc
 .text._utee_cryp_state_copy
                0x000000000000217c        0xc /home/sanhow/optee-qemu-v8/optee_os/out/arm/export-ta_arm64/lib/libutee.a(utee_syscalls_a64.o)
                0x000000000000217c                _utee_cryp_state_copy
 .text._utee_cryp_state_free
                0x0000000000002188        0xc /home/sanhow/optee-qemu-v8/optee_os/out/arm/export-ta_arm64/lib/libutee.a(utee_syscalls_a64.o)
                0x0000000000002188                _utee_cryp_state_free
 .text._utee_hash_init
                0x0000000000002194        0xc /home/sanhow/optee-qemu-v8/optee_os/out/arm/export-ta_arm64/lib/libutee.a(utee_syscalls_a64.o)
                0x0000000000002194                _utee_hash_init
 .text._utee_hash_update
                0x00000000000021a0        0xc /home/sanhow/optee-qemu-v8/optee_os/out/arm/export-ta_arm64/lib/libutee.a(utee_syscalls_a64.o)
                0x00000000000021a0                _utee_hash_update
 .text._utee_hash_final
                0x00000000000021ac        0xc /home/sanhow/optee-qemu-v8/optee_os/out/arm/export-ta_arm64/lib/libutee.a(utee_syscalls_a64.o)
                0x00000000000021ac                _utee_hash_final
 .text._utee_cipher_init
                0x00000000000021b8        0xc /home/sanhow/optee-qemu-v8/optee_os/out/arm/export-ta_arm64/lib/libutee.a(utee_syscalls_a64.o)
                0x00000000000021b8                _utee_cipher_init
 .text._utee_cipher_update
                0x00000000000021c4        0xc /home/sanhow/optee-qemu-v8/optee_os/out/arm/export-ta_arm64/lib/libutee.a(utee_syscalls_a64.o)
                0x00000000000021c4                _utee_cipher_update
 .text._utee_cipher_final
                0x00000000000021d0        0xc /home/sanhow/optee-qemu-v8/optee_os/out/arm/export-ta_arm64/lib/libutee.a(utee_syscalls_a64.o)
                0x00000000000021d0                _utee_cipher_final
 .text._utee_cryp_obj_get_info
                0x00000000000021dc        0xc /home/sanhow/optee-qemu-v8/optee_os/out/arm/export-ta_arm64/lib/libutee.a(utee_syscalls_a64.o)
                0x00000000000021dc                _utee_cryp_obj_get_info
 .text._utee_cryp_obj_restrict_usage
                0x00000000000021e8        0xc /home/sanhow/optee-qemu-v8/optee_os/out/arm/export-ta_arm64/lib/libutee.a(utee_syscalls_a64.o)
                0x00000000000021e8                _utee_cryp_obj_restrict_usage
 .text._utee_cryp_obj_get_attr
                0x00000000000021f4        0xc /home/sanhow/optee-qemu-v8/optee_os/out/arm/export-ta_arm64/lib/libutee.a(utee_syscalls_a64.o)
                0x00000000000021f4                _utee_cryp_obj_get_attr
 .text._utee_cryp_obj_alloc
                0x0000000000002200        0xc /home/sanhow/optee-qemu-v8/optee_os/out/arm/export-ta_arm64/lib/libutee.a(utee_syscalls_a64.o)
                0x0000000000002200                _utee_cryp_obj_alloc
 .text._utee_cryp_obj_close
                0x000000000000220c        0xc /home/sanhow/optee-qemu-v8/optee_os/out/arm/export-ta_arm64/lib/libutee.a(utee_syscalls_a64.o)
                0x000000000000220c                _utee_cryp_obj_close
 .text._utee_cryp_obj_reset
                0x0000000000002218        0xc /home/sanhow/optee-qemu-v8/optee_os/out/arm/export-ta_arm64/lib/libutee.a(utee_syscalls_a64.o)
                0x0000000000002218                _utee_cryp_obj_reset
 .text._utee_cryp_obj_populate
                0x0000000000002224        0xc /home/sanhow/optee-qemu-v8/optee_os/out/arm/export-ta_arm64/lib/libutee.a(utee_syscalls_a64.o)
                0x0000000000002224                _utee_cryp_obj_populate
 .text._utee_cryp_obj_copy
                0x0000000000002230        0xc /home/sanhow/optee-qemu-v8/optee_os/out/arm/export-ta_arm64/lib/libutee.a(utee_syscalls_a64.o)
                0x0000000000002230                _utee_cryp_obj_copy
 .text._utee_cryp_derive_key
                0x000000000000223c        0xc /home/sanhow/optee-qemu-v8/optee_os/out/arm/export-ta_arm64/lib/libutee.a(utee_syscalls_a64.o)
                0x000000000000223c                _utee_cryp_derive_key
 .text._utee_cryp_random_number_generate
                0x0000000000002248        0xc /home/sanhow/optee-qemu-v8/optee_os/out/arm/export-ta_arm64/lib/libutee.a(utee_syscalls_a64.o)
                0x0000000000002248                _utee_cryp_random_number_generate
 .text._utee_authenc_init
                0x0000000000002254        0xc /home/sanhow/optee-qemu-v8/optee_os/out/arm/export-ta_arm64/lib/libutee.a(utee_syscalls_a64.o)
                0x0000000000002254                _utee_authenc_init
 .text._utee_authenc_update_aad
                0x0000000000002260        0xc /home/sanhow/optee-qemu-v8/optee_os/out/arm/export-ta_arm64/lib/libutee.a(utee_syscalls_a64.o)
                0x0000000000002260                _utee_authenc_update_aad
 .text._utee_authenc_update_payload
                0x000000000000226c        0xc /home/sanhow/optee-qemu-v8/optee_os/out/arm/export-ta_arm64/lib/libutee.a(utee_syscalls_a64.o)
                0x000000000000226c                _utee_authenc_update_payload
 .text._utee_authenc_enc_final
                0x0000000000002278        0xc /home/sanhow/optee-qemu-v8/optee_os/out/arm/export-ta_arm64/lib/libutee.a(utee_syscalls_a64.o)
                0x0000000000002278                _utee_authenc_enc_final
 .text._utee_authenc_dec_final
                0x0000000000002284        0xc /home/sanhow/optee-qemu-v8/optee_os/out/arm/export-ta_arm64/lib/libutee.a(utee_syscalls_a64.o)
                0x0000000000002284                _utee_authenc_dec_final
 .text._utee_asymm_operate
                0x0000000000002290        0xc /home/sanhow/optee-qemu-v8/optee_os/out/arm/export-ta_arm64/lib/libutee.a(utee_syscalls_a64.o)
                0x0000000000002290                _utee_asymm_operate
 .text._utee_asymm_verify
                0x000000000000229c        0xc /home/sanhow/optee-qemu-v8/optee_os/out/arm/export-ta_arm64/lib/libutee.a(utee_syscalls_a64.o)
                0x000000000000229c                _utee_asymm_verify
 .text._utee_storage_obj_open
                0x00000000000022a8        0xc /home/sanhow/optee-qemu-v8/optee_os/out/arm/export-ta_arm64/lib/libutee.a(utee_syscalls_a64.o)
                0x00000000000022a8                _utee_storage_obj_open
 .text._utee_storage_obj_create
                0x00000000000022b4        0xc /home/sanhow/optee-qemu-v8/optee_os/out/arm/export-ta_arm64/lib/libutee.a(utee_syscalls_a64.o)
                0x00000000000022b4                _utee_storage_obj_create
 .text._utee_storage_obj_del
                0x00000000000022c0        0xc /home/sanhow/optee-qemu-v8/optee_os/out/arm/export-ta_arm64/lib/libutee.a(utee_syscalls_a64.o)
                0x00000000000022c0                _utee_storage_obj_del
 .text._utee_storage_obj_rename
                0x00000000000022cc        0xc /home/sanhow/optee-qemu-v8/optee_os/out/arm/export-ta_arm64/lib/libutee.a(utee_syscalls_a64.o)
                0x00000000000022cc                _utee_storage_obj_rename
 .text._utee_storage_alloc_enum
                0x00000000000022d8        0xc /home/sanhow/optee-qemu-v8/optee_os/out/arm/export-ta_arm64/lib/libutee.a(utee_syscalls_a64.o)
                0x00000000000022d8                _utee_storage_alloc_enum
 .text._utee_storage_free_enum
                0x00000000000022e4        0xc /home/sanhow/optee-qemu-v8/optee_os/out/arm/export-ta_arm64/lib/libutee.a(utee_syscalls_a64.o)
                0x00000000000022e4                _utee_storage_free_enum
 .text._utee_storage_reset_enum
                0x00000000000022f0        0xc /home/sanhow/optee-qemu-v8/optee_os/out/arm/export-ta_arm64/lib/libutee.a(utee_syscalls_a64.o)
                0x00000000000022f0                _utee_storage_reset_enum
 .text._utee_storage_start_enum
                0x00000000000022fc        0xc /home/sanhow/optee-qemu-v8/optee_os/out/arm/export-ta_arm64/lib/libutee.a(utee_syscalls_a64.o)
                0x00000000000022fc                _utee_storage_start_enum
 .text._utee_storage_next_enum
                0x0000000000002308        0xc /home/sanhow/optee-qemu-v8/optee_os/out/arm/export-ta_arm64/lib/libutee.a(utee_syscalls_a64.o)
                0x0000000000002308                _utee_storage_next_enum
 .text._utee_storage_obj_read
                0x0000000000002314        0xc /home/sanhow/optee-qemu-v8/optee_os/out/arm/export-ta_arm64/lib/libutee.a(utee_syscalls_a64.o)
                0x0000000000002314                _utee_storage_obj_read
 .text._utee_storage_obj_write
                0x0000000000002320        0xc /home/sanhow/optee-qemu-v8/optee_os/out/arm/export-ta_arm64/lib/libutee.a(utee_syscalls_a64.o)
                0x0000000000002320                _utee_storage_obj_write
 .text._utee_storage_obj_trunc
                0x000000000000232c        0xc /home/sanhow/optee-qemu-v8/optee_os/out/arm/export-ta_arm64/lib/libutee.a(utee_syscalls_a64.o)
                0x000000000000232c                _utee_storage_obj_trunc
 .text._utee_storage_obj_seek
                0x0000000000002338        0xc /home/sanhow/optee-qemu-v8/optee_os/out/arm/export-ta_arm64/lib/libutee.a(utee_syscalls_a64.o)
                0x0000000000002338                _utee_storage_obj_seek
 .text._utee_cryp_obj_generate_key
                0x0000000000002344        0xc /home/sanhow/optee-qemu-v8/optee_os/out/arm/export-ta_arm64/lib/libutee.a(utee_syscalls_a64.o)
                0x0000000000002344                _utee_cryp_obj_generate_key
 .text._utee_cache_operation
                0x0000000000002350        0xc /home/sanhow/optee-qemu-v8/optee_os/out/arm/export-ta_arm64/lib/libutee.a(utee_syscalls_a64.o)
                0x0000000000002350                _utee_cache_operation
 .text.unlikely
                0x000000000000235c       0x20 /home/sanhow/optee-qemu-v8/optee_os/out/arm/export-ta_arm64/lib/libutee.a(abort.o)
                0x000000000000235c                abort
 .text          0x000000000000237c     0x10d0 /home/sanhow/optee-qemu-v8/optee_os/out/arm/export-ta_arm64/lib/libutee.a(tee_api.o)
                0x0000000000002710                TEE_CloseTASession
                0x0000000000002738                TEE_GetCancellationFlag
                0x00000000000027a0                TEE_UnmaskCancellation
                0x0000000000002808                TEE_MaskCancellation
                0x0000000000002870                TEE_CheckMemoryAccessRights
                0x0000000000002a9c                TEE_OpenTASession
                0x0000000000002bfc                __GP11_TEE_OpenTASession
                0x0000000000002d4c                TEE_InvokeTACommand
                0x0000000000002edc                __GP11_TEE_InvokeTACommand
                0x000000000000305c                __GP11_TEE_CheckMemoryAccessRights
                0x0000000000003064                TEE_SetInstanceData
                0x0000000000003070                TEE_GetInstanceData
                0x000000000000307c                TEE_MemMove
                0x0000000000003080                __GP11_TEE_MemMove
                0x0000000000003088                TEE_MemCompare
                0x000000000000308c                __GP11_TEE_MemCompare
                0x0000000000003094                TEE_MemFill
                0x0000000000003098                __GP11_TEE_MemFill
                0x00000000000030a0                TEE_GetSystemTime
                0x00000000000030c8                TEE_Wait
                0x0000000000003104                TEE_GetTAPersistentTime
                0x000000000000317c                TEE_SetTAPersistentTime
                0x00000000000031c0                TEE_GetREETime
                0x00000000000031e8                TEE_Malloc
                0x00000000000032f8                __GP11_TEE_Malloc
                0x0000000000003300                TEE_Free
                0x000000000000335c                TEE_Realloc
                0x000000000000342c                __GP11_TEE_Realloc
                0x0000000000003434                TEE_CacheClean
                0x000000000000343c                TEE_CacheFlush
                0x0000000000003444                TEE_CacheInvalidate
 .text          0x000000000000344c     0x2220 /home/sanhow/optee-qemu-v8/optee_os/out/arm/export-ta_arm64/lib/libutee.a(tee_api_arith_mpi.o)
                0x0000000000003cb0                _TEE_MathAPI_Init
                0x0000000000003d00                TEE_BigIntInit
                0x0000000000003d60                __GP11_TEE_BigIntInit
                0x0000000000003d68                TEE_BigIntConvertFromOctetString
                0x0000000000003e38                __GP11_TEE_BigIntConvertFromOctetString
                0x0000000000003e40                TEE_BigIntConvertToOctetString
                0x0000000000003f10                __GP11_TEE_BigIntConvertToOctetString
                0x0000000000003f7c                TEE_BigIntConvertFromS32
                0x0000000000004038                TEE_BigIntConvertToS32
                0x00000000000040fc                TEE_BigIntCmp
                0x000000000000419c                TEE_BigIntCmpS32
                0x0000000000004408                TEE_BigIntShiftRight
                0x00000000000045b0                __GP11_TEE_BigIntShiftRight
                0x00000000000045b8                TEE_BigIntGetBit
                0x0000000000004644                TEE_BigIntGetBitCount
                0x00000000000046c4                TEE_BigIntSetBit
                0x0000000000004778                TEE_BigIntAssign
                0x00000000000047c8                TEE_BigIntAbs
                0x00000000000047f4                TEE_BigIntAdd
                0x0000000000004800                TEE_BigIntSub
                0x000000000000480c                TEE_BigIntNeg
                0x00000000000048f8                TEE_BigIntMul
                0x0000000000004a18                TEE_BigIntSquare
                0x0000000000004a20                TEE_BigIntDiv
                0x0000000000004bdc                TEE_BigIntMod
                0x0000000000004c48                TEE_BigIntAddMod
                0x0000000000004c54                TEE_BigIntSubMod
                0x0000000000004c60                TEE_BigIntMulMod
                0x0000000000004c6c                TEE_BigIntSquareMod
                0x0000000000004c78                TEE_BigIntInvMod
                0x0000000000004dd0                TEE_BigIntRelativePrime
                0x0000000000004ee0                TEE_BigIntExpMod
                0x00000000000050b8                TEE_BigIntComputeExtendedGcd
                0x0000000000005330                TEE_BigIntIsProbablePrime
                0x00000000000053d0                TEE_BigIntInitFMM
                0x00000000000053d4                __GP11_TEE_BigIntInitFMM
                0x00000000000053dc                TEE_BigIntInitFMMContext
                0x00000000000053e0                __GP11_TEE_BigIntInitFMMContext
                0x00000000000053e8                TEE_BigIntInitFMMContext1
                0x00000000000053f0                TEE_BigIntFMMSizeInU32
                0x0000000000005400                __GP11_TEE_BigIntFMMSizeInU32
                0x0000000000005418                TEE_BigIntFMMContextSizeInU32
                0x0000000000005420                __GP11_TEE_BigIntFMMContextSizeInU32
                0x0000000000005438                TEE_BigIntConvertToFMM
                0x000000000000543c                TEE_BigIntConvertFromFMM
                0x0000000000005518                TEE_BigIntComputeFMM
 .text          0x000000000000566c      0x1b8 /home/sanhow/optee-qemu-v8/optee_os/out/arm/export-ta_arm64/lib/libutee.a(tee_api_panic.o)
                0x0000000000005688                TEE_Panic
                0x0000000000005698                __utee_check_outbuf_annotation
                0x00000000000056f4                __utee_check_gp11_outbuf_annotation
                0x0000000000005750                __utee_check_instring_annotation
                0x0000000000005790                __utee_check_outstring_annotation
                0x0000000000005794                __utee_check_gp11_outstring_annotation
                0x0000000000005798                __utee_check_out_annotation
                0x00000000000057c4                __utee_check_attr_in_annotation
                0x00000000000057f4                __utee_check_gp11_attr_in_annotation
                0x00000000000057f8                __utee_check_inout_annotation
 .text          0x0000000000005824     0x1000 /home/sanhow/optee-qemu-v8/optee_os/out/arm/export-ta_arm64/lib/libutee.a(tee_api_property.o)
                0x0000000000005bf8                TEE_GetPropertyAsString
                0x0000000000005e6c                __GP11_TEE_GetPropertyAsString
                0x0000000000005f10                TEE_GetPropertyAsBool
                0x0000000000005fec                TEE_GetPropertyAsU32
                0x00000000000060d8                TEE_GetPropertyAsU64
                0x00000000000061c4                __GP11_TEE_GetPropertyAsBinaryBlock
                0x00000000000062b4                TEE_GetPropertyAsBinaryBlock
                0x0000000000006358                TEE_GetPropertyAsUUID
                0x0000000000006444                TEE_GetPropertyAsIdentity
                0x0000000000006530                TEE_ResetPropertyEnumerator
                0x000000000000653c                TEE_AllocatePropertyEnumerator
                0x0000000000006584                TEE_FreePropertyEnumerator
                0x0000000000006588                TEE_StartPropertyEnumerator
                0x0000000000006598                __GP11_TEE_GetPropertyName
                0x00000000000066bc                TEE_GetPropertyName
                0x0000000000006750                TEE_GetNextProperty
 .text          0x0000000000006824      0x33c /home/sanhow/optee-qemu-v8/optee_os/out/arm/export-ta_arm64/lib/libutee.a(tee_system_pta.o)
                0x00000000000068a8                tee_map_zi_va
                0x0000000000006970                tee_map_zi
                0x0000000000006980                tee_unmap
                0x0000000000006a48                tee_invoke_supp_plugin
 .text          0x0000000000006b60      0x374 /home/sanhow/optee-qemu-v8/optee_os/out/arm/export-ta_arm64/lib/libutee.a(tcb.o)
                0x0000000000006b60                __utee_tcb_init
                0x0000000000006dc4                __tls_get_addr
                0x0000000000006de0                dl_iterate_phdr
 .text          0x0000000000006ed4       0x58 /home/sanhow/optee-qemu-v8/optee_os/out/arm/export-ta_arm64/lib/libutee.a(assert.o)
                0x0000000000006ed4                _assert_log
                0x0000000000006f18                _assert_break
 .text          0x0000000000006f2c     0x36a4 /home/sanhow/optee-qemu-v8/optee_os/out/arm/export-ta_arm64/lib/libmbedtls.a(bignum.o)
                0x0000000000006f84                mbedtls_mpi_lt_mpi_ct
                0x0000000000007068                mbedtls_mpi_init
                0x000000000000707c                mbedtls_mpi_init_mempool
                0x00000000000070a4                mbedtls_mpi_free
                0x000000000000710c                mbedtls_mpi_grow
                0x00000000000071fc                mbedtls_mpi_safe_cond_assign
                0x000000000000729c                mbedtls_mpi_safe_cond_swap
                0x00000000000073b8                mbedtls_mpi_shrink
                0x00000000000074e4                mbedtls_mpi_copy
                0x00000000000075c0                mbedtls_mpi_swap
                0x0000000000007654                mbedtls_mpi_lset
                0x00000000000076c0                mbedtls_mpi_get_bit
                0x00000000000076ec                mbedtls_mpi_set_bit
                0x0000000000007778                mbedtls_mpi_lsb
                0x00000000000077bc                mbedtls_mpi_bitlen
                0x00000000000077c8                mbedtls_mpi_size
                0x00000000000077e4                mbedtls_mpi_read_binary_le
                0x0000000000007844                mbedtls_mpi_read_binary
                0x00000000000078a4                mbedtls_mpi_write_binary_le
                0x00000000000078b8                mbedtls_mpi_write_binary
                0x00000000000078cc                mbedtls_mpi_shift_l
                0x0000000000007930                mbedtls_mpi_shift_r
                0x0000000000007960                mbedtls_mpi_cmp_abs
                0x0000000000007a00                mbedtls_mpi_cmp_mpi
                0x0000000000007adc                mbedtls_mpi_cmp_int
                0x0000000000007b5c                mbedtls_mpi_add_abs
                0x0000000000007c54                mbedtls_mpi_sub_abs
                0x0000000000007e1c                mbedtls_mpi_add_mpi
                0x0000000000007e24                mbedtls_mpi_sub_mpi
                0x0000000000007e2c                mbedtls_mpi_add_int
                0x0000000000007eac                mbedtls_mpi_sub_int
                0x0000000000007f2c                mbedtls_mpi_mul_mpi
                0x00000000000080c0                mbedtls_mpi_mul_int
                0x000000000000817c                mbedtls_mpi_read_string
                0x00000000000083e0                mbedtls_mpi_div_mpi
                0x00000000000088dc                mbedtls_mpi_div_int
                0x000000000000895c                mbedtls_mpi_mod_mpi
                0x0000000000008d20                mbedtls_mpi_mod_int
                0x0000000000008db8                mbedtls_mpi_write_string
                0x0000000000009110                mbedtls_mpi_montg_init
                0x0000000000009138                mbedtls_mpi_montmul
                0x0000000000009160                mbedtls_mpi_montred
                0x00000000000091dc                mbedtls_mpi_exp_mod
                0x00000000000091ec                mbedtls_mpi_exp_mod_unsafe
                0x0000000000009200                mbedtls_mpi_gcd_modinv_odd
                0x0000000000009434                mbedtls_mpi_gcd
                0x0000000000009620                mbedtls_mpi_fill_random
                0x000000000000993c                mbedtls_mpi_random
                0x00000000000099d4                mbedtls_mpi_inv_mod_odd
                0x0000000000009acc                mbedtls_mpi_inv_mod_even_in_range
                0x0000000000009c14                mbedtls_mpi_inv_mod
                0x0000000000009d84                mbedtls_mpi_is_prime_ext
                0x0000000000009e74                mbedtls_mpi_gen_prime
                0x000000000000a1c0                mbedtls_mpi_self_test
 .text          0x000000000000a5d0     0x13f8 /home/sanhow/optee-qemu-v8/optee_os/out/arm/export-ta_arm64/lib/libmbedtls.a(bignum_core.o)
                0x000000000000a644                mbedtls_mpi_core_clz
                0x000000000000a650                mbedtls_mpi_core_bitlen
                0x000000000000a6a4                mbedtls_mpi_core_bigendian_to_host
                0x000000000000a6d8                mbedtls_mpi_core_uint_le_mpi
                0x000000000000a730                mbedtls_mpi_core_lt_ct
                0x000000000000a7b0                mbedtls_mpi_core_cond_assign
                0x000000000000a7fc                mbedtls_mpi_core_cond_swap
                0x000000000000a864                mbedtls_mpi_core_read_le
                0x000000000000a8f0                mbedtls_mpi_core_read_be
                0x000000000000a980                mbedtls_mpi_core_write_le
                0x000000000000aa2c                mbedtls_mpi_core_write_be
                0x000000000000aae4                mbedtls_mpi_core_shift_r
                0x000000000000ab84                mbedtls_mpi_core_shift_l
                0x000000000000ac18                mbedtls_mpi_core_add
                0x000000000000ac54                mbedtls_mpi_core_add_if
                0x000000000000acb0                mbedtls_mpi_core_sub
                0x000000000000acf4                mbedtls_mpi_core_mla
                0x000000000000aeb8                mbedtls_mpi_core_mul
                0x000000000000af3c                mbedtls_mpi_core_montmul_init
                0x000000000000af70                mbedtls_mpi_core_montmul
                0x000000000000b344                mbedtls_mpi_core_get_mont_r2_unsafe
                0x000000000000b3ac                mbedtls_mpi_core_fill_random
                0x000000000000b45c                mbedtls_mpi_core_random
                0x000000000000b560                mbedtls_mpi_core_exp_mod_working_limbs
                0x000000000000b588                mbedtls_mpi_core_exp_mod
                0x000000000000b5b0                mbedtls_mpi_core_exp_mod_unsafe
                0x000000000000b5dc                mbedtls_mpi_core_sub_int
                0x000000000000b60c                mbedtls_mpi_core_check_zero_ct
                0x000000000000b630                mbedtls_mpi_core_to_mont_rep
                0x000000000000b64c                mbedtls_mpi_core_from_mont_rep
                0x000000000000b6c0                mbedtls_mpi_core_gcd_modinv_odd
 .text          0x000000000000b9c8      0x468 /home/sanhow/optee-qemu-v8/optee_os/out/arm/export-ta_arm64/lib/libmbedtls.a(constant_time.o)
                0x000000000000ba3c                mbedtls_ct_memcmp
                0x000000000000ba70                mbedtls_ct_memcmp_partial
                0x000000000000baf8                mbedtls_ct_memmove_left
                0x000000000000bb98                mbedtls_ct_memcpy_if
                0x000000000000bcbc                mbedtls_ct_memcpy_offset
                0x000000000000bd4c                mbedtls_ct_zeroize_if
 .text          0x000000000000be30       0x60 /home/sanhow/optee-qemu-v8/optee_os/out/arm/export-ta_arm64/lib/libmbedtls.a(platform_util.o)
                0x000000000000be30                mbedtls_platform_zeroize
                0x000000000000be68                mbedtls_zeroize_and_free
 .text          0x000000000000be90     0x1460 /home/sanhow/optee-qemu-v8/optee_os/out/arm/export-ta_arm64/lib/libutils.a(bget_malloc.o)
                0x000000000000bfa0                bget
                0x000000000000c2b4                bgetz
                0x000000000000c33c                brel
                0x000000000000c648                bgetr
                0x000000000000c714                bpool
                0x000000000000c800                bstats
                0x000000000000c924                bget_main_test
                0x000000000000cbf4                malloc_reset_stats
                0x000000000000cc0c                raw_malloc_flags
                0x000000000000cd88                raw_memalign
                0x000000000000cdac                raw_malloc
                0x000000000000cdd0                raw_free
                0x000000000000ce14                raw_calloc
                0x000000000000ce38                raw_realloc
                0x000000000000ce5c                free_flags
                0x000000000000ce78                malloc
                0x000000000000cea4                malloc_flags
                0x000000000000cec8                calloc
                0x000000000000cef4                realloc
                0x000000000000cf20                memalign
                0x000000000000cf4c                aligned_alloc
                0x000000000000cf88                free
                0x000000000000cf94                free_wipe
                0x000000000000cfa0                raw_malloc_get_ctx_size
                0x000000000000cfa8                raw_malloc_init_ctx
                0x000000000000cfd4                raw_malloc_add_pool
                0x000000000000d0c4                raw_malloc_buffer_overlaps_heap
                0x000000000000d134                raw_malloc_buffer_is_within_alloced
                0x000000000000d250                raw_malloc_get_stats
                0x000000000000d294                malloc_get_stats
                0x000000000000d2a8                malloc_add_pool
                0x000000000000d2c0                malloc_buffer_is_within_alloced
                0x000000000000d2d8                malloc_buffer_overlaps_heap
 .text          0x000000000000d2f0      0x120 /home/sanhow/optee-qemu-v8/optee_os/out/arm/export-ta_arm64/lib/libutils.a(snprintf.o)
                0x000000000000d2f0                snprintf
                0x000000000000d3b8                vsnprintf
 .text          0x000000000000d410       0x58 /home/sanhow/optee-qemu-v8/optee_os/out/arm/export-ta_arm64/lib/libutils.a(memmove.o)
                0x000000000000d410                memmove
 .text          0x000000000000d468       0x1c /home/sanhow/optee-qemu-v8/optee_os/out/arm/export-ta_arm64/lib/libutils.a(memset.o)
                0x000000000000d468                memset
 .text          0x000000000000d484       0x24 /home/sanhow/optee-qemu-v8/optee_os/out/arm/export-ta_arm64/lib/libutils.a(strcmp.o)
                0x000000000000d484                strcmp
 .text          0x000000000000d4a8       0x38 /home/sanhow/optee-qemu-v8/optee_os/out/arm/export-ta_arm64/lib/libutils.a(strlcpy.o)
                0x000000000000d4a8                strlcpy
 .text          0x000000000000d4e0      0x198 /home/sanhow/optee-qemu-v8/optee_os/out/arm/export-ta_arm64/lib/libutils.a(mempool.o)
                0x000000000000d4e0                mempool_alloc_pool
                0x000000000000d5a8                mempool_alloc
                0x000000000000d60c                mempool_calloc
                0x000000000000d65c                mempool_free
 .text          0x000000000000d678       0x70 /home/sanhow/optee-qemu-v8/optee_os/out/arm/export-ta_arm64/lib/libutils.a(consttime_memcmp.o)
                0x000000000000d678                consttime_memcmp
 .text          0x000000000000d6e8      0x250 /home/sanhow/optee-qemu-v8/optee_os/out/arm/export-ta_arm64/lib/libutils.a(base64.o)
                0x000000000000d6e8                base64_enc_len
                0x000000000000d700                base64_enc
                0x000000000000d814                base64_dec
 .text          0x000000000000d938     0x45cc /home/sanhow/optee-qemu-v8/optee_os/out/arm/export-ta_arm64/lib/libutee.a(tee_api_operations.o)
                0x000000000000e0a4                TEE_FreeOperation
                0x000000000000e0e4                TEE_AllocateOperation
                0x000000000000ec3c                __GP11_TEE_FreeOperation
                0x000000000000ec68                TEE_GetOperationInfo
                0x000000000000ecbc                TEE_GetOperationInfoMultiple
                0x000000000000ee70                __GP11_TEE_GetOperationInfoMultiple
                0x000000000000ef04                TEE_ResetOperation
                0x000000000000ef40                TEE_SetOperationKey
                0x000000000000ef7c                __GP11_TEE_SetOperationKey
                0x000000000000efb8                __GP11_TEE_SetOperationKey2
                0x000000000000f1e0                TEE_SetOperationKey2
                0x000000000000f200                TEE_CopyOperation
                0x000000000000f35c                TEE_DigestUpdate
                0x000000000000f3cc                __GP11_TEE_DigestUpdate
                0x000000000000f3d4                TEE_DigestDoFinal
                0x000000000000f548                __GP11_TEE_DigestDoFinal
                0x000000000000f5f4                TEE_DigestExtract
                0x000000000000f7a4                TEE_CipherInit
                0x000000000000f880                __GP11_TEE_CipherInit
                0x000000000000f888                TEE_CipherUpdate
                0x000000000000fa78                __GP11_TEE_CipherUpdate
                0x000000000000fb24                TEE_CipherDoFinal
                0x000000000000fd3c                __GP11_TEE_CipherDoFinal
                0x000000000000fdf4                TEE_MACInit
                0x000000000000fe98                __GP11_TEE_MACInit
                0x000000000000fea0                TEE_MACUpdate
                0x000000000000ff40                __GP11_TEE_MACUpdate
                0x000000000000ff48                TEE_MACComputeFinal
                0x0000000000010060                __GP11_TEE_MACComputeFinal
                0x000000000001010c                TEE_MACCompareFinal
                0x0000000000010234                __GP11_TEE_MACCompareFinal
                0x0000000000010240                TEE_AEInit
                0x0000000000010304                __GP11_TEE_AEInit
                0x0000000000010314                TEE_AEUpdateAAD
                0x00000000000103b0                __GP11_TEE_AEUpdateAAD
                0x0000000000010444                TEE_AEUpdate
                0x0000000000010510                __GP11_TEE_AEUpdate
                0x0000000000010618                TEE_AEEncryptFinal
                0x000000000001081c                __GP11_TEE_AEEncryptFinal
                0x00000000000108fc                TEE_AEDecryptFinal
                0x0000000000010acc                __GP11_TEE_AEDecryptFinal
                0x0000000000010b90                TEE_AsymmetricEncrypt
                0x0000000000010d20                __GP11_TEE_AsymmetricEncrypt
                0x0000000000010e98                TEE_AsymmetricDecrypt
                0x000000000001102c                __GP11_TEE_AsymmetricDecrypt
                0x00000000000111a8                TEE_AsymmetricSignDigest
                0x0000000000011318                __GP11_TEE_AsymmetricSignDigest
                0x0000000000011488                TEE_AsymmetricVerifyDigest
                0x00000000000115e4                __GP11_TEE_AsymmetricVerifyDigest
                0x0000000000011740                TEE_DeriveKey
                0x00000000000118bc                __GP11_TEE_DeriveKey
                0x0000000000011a38                TEE_GenerateRandom
                0x0000000000011a58                __GP11_TEE_GenerateRandom
                0x0000000000011a60                rand
                0x0000000000011ac4                TEE_IsAlgorithmSupported
 .text          0x0000000000011f04     0x1a9c /home/sanhow/optee-qemu-v8/optee_os/out/arm/export-ta_arm64/lib/libutee.a(tee_api_objects.o)
                0x0000000000011f04                __utee_from_attr
                0x0000000000011f54                __utee_from_gp11_attr
                0x0000000000011fa4                TEE_GetObjectInfo
                0x0000000000012058                __GP11_TEE_GetObjectInfo
                0x0000000000012114                TEE_GetObjectInfo1
                0x00000000000121bc                __GP11_TEE_GetObjectInfo1
                0x000000000001226c                TEE_RestrictObjectUsage1
                0x00000000000122b0                TEE_RestrictObjectUsage
                0x0000000000012348                TEE_GetObjectBufferAttribute
                0x0000000000012458                __GP11_TEE_GetObjectBufferAttribute
                0x00000000000124fc                TEE_GetObjectValueAttribute
                0x000000000001263c                TEE_CloseObject
                0x0000000000012664                __GP11_TEE_AllocateTransientObject
                0x0000000000012720                TEE_AllocateTransientObject
                0x000000000001273c                TEE_FreeTransientObject
                0x00000000000127d4                TEE_ResetTransientObject
                0x000000000001286c                TEE_PopulateTransientObject
                0x0000000000012980                __GP11_TEE_PopulateTransientObject
                0x0000000000012a94                TEE_InitRefAttribute
                0x0000000000012ae0                __GP11_TEE_InitRefAttribute
                0x0000000000012b30                TEE_InitValueAttribute
                0x0000000000012b7c                __GP11_TEE_InitValueAttribute
                0x0000000000012bc8                TEE_CopyObjectAttributes1
                0x0000000000012cc8                TEE_CopyObjectAttributes
                0x0000000000012d64                TEE_GenerateKey
                0x0000000000012e38                __GP11_TEE_GenerateKey
                0x0000000000012f0c                TEE_OpenPersistentObject
                0x0000000000013008                __GP11_TEE_OpenPersistentObject
                0x0000000000013010                TEE_CreatePersistentObject
                0x000000000001315c                __GP11_TEE_CreatePersistentObject
                0x00000000000131d8                TEE_CloseAndDeletePersistentObject1
                0x0000000000013220                TEE_CloseAndDeletePersistentObject
                0x000000000001324c                TEE_RenamePersistentObject
                0x00000000000132a8                __GP11_TEE_RenamePersistentObject
                0x00000000000132b0                TEE_AllocatePersistentObjectEnumerator
                0x0000000000013348                TEE_FreePersistentObjectEnumerator
                0x0000000000013370                TEE_ResetPersistentObjectEnumerator
                0x0000000000013398                TEE_StartPersistentObjectEnumerator
                0x00000000000133e8                TEE_GetNextPersistentObject
                0x0000000000013500                __GP11_TEE_GetNextPersistentObject
                0x0000000000013620                TEE_ReadObjectData
                0x00000000000136f0                __GP11_TEE_ReadObjectData
                0x0000000000013794                TEE_WriteObjectData
                0x000000000001380c                __GP11_TEE_WriteObjectData
                0x0000000000013814                TEE_TruncateObjectData
                0x0000000000013870                __GP11_TEE_TruncateObjectData
                0x0000000000013878                TEE_SeekObjectData
                0x0000000000013998                __GP11_TEE_SeekObjectData
 .text          0x00000000000139a0        0x0 /home/sanhow/optee-qemu-v8/optee_os/out/arm/export-ta_arm64/lib/libutee.a(utee_syscalls_a64.o)
 .text          0x00000000000139a0        0x0 /home/sanhow/optee-qemu-v8/optee_os/out/arm/export-ta_arm64/lib/libutee.a(abort.o)
 *(SORT_BY_ALIGNMENT(.stub))
 *(SORT_BY_ALIGNMENT(.glue_7))
 *(SORT_BY_ALIGNMENT(.glue_7t))
 *(SORT_BY_ALIGNMENT(.gnu.linkonce.t.*))
 *(SORT_BY_ALIGNMENT(.vfp11_veneer))
                0x00000000000139a0                __text_end = .

.note.gnu.property
 *(SORT_BY_ALIGNMENT(.note.gnu.property))

.plt            0x00000000000139a0        0x0
 *(SORT_BY_ALIGNMENT(.plt))
 .plt           0x00000000000139a0        0x0 ./bit_operation_ta.o

.eh_frame_hdr
 *(SORT_BY_ALIGNMENT(.eh_frame_hdr))
 *(SORT_BY_ALIGNMENT(.eh_frame_entry) SORT_BY_ALIGNMENT(.eh_frame_entry.*))

.eh_frame       0x00000000000139a0     0x4250
 *(SORT_BY_ALIGNMENT(.eh_frame))
 .eh_frame      0x00000000000139a0       0xb0 ./bit_operation_ta.o
 .eh_frame      0x0000000000013a50       0x68 ./user_ta_header.o
                                         0x78 (size before relaxing)
 .eh_frame      0x0000000000013ab8       0x18 /home/sanhow/optee-qemu-v8/optee_os/out/arm/export-ta_arm64/lib/libutils.a(stack_check.o)
                                         0x30 (size before relaxing)
 .eh_frame      0x0000000000013ad0       0xb8 /home/sanhow/optee-qemu-v8/optee_os/out/arm/export-ta_arm64/lib/libutils.a(trace.o)
                                         0xc8 (size before relaxing)
 .eh_frame      0x0000000000013b88       0x18 /home/sanhow/optee-qemu-v8/optee_os/out/arm/export-ta_arm64/lib/libutils.a(memcpy.o)
                                         0x28 (size before relaxing)
 .eh_frame      0x0000000000013ba0       0xf0 /home/sanhow/optee-qemu-v8/optee_os/out/arm/export-ta_arm64/lib/libutils.a(snprintk.o)
                                        0x108 (size before relaxing)
 .eh_frame      0x0000000000013c90       0x18 /home/sanhow/optee-qemu-v8/optee_os/out/arm/export-ta_arm64/lib/libutils.a(memchr.o)
                                         0x28 (size before relaxing)
 .eh_frame      0x0000000000013ca8       0x18 /home/sanhow/optee-qemu-v8/optee_os/out/arm/export-ta_arm64/lib/libutils.a(strlen.o)
                                         0x28 (size before relaxing)
 .eh_frame      0x0000000000013cc0       0xa8 /home/sanhow/optee-qemu-v8/optee_os/out/arm/export-ta_arm64/lib/libutee.a(trace_ext.o)
                                         0xc0 (size before relaxing)
 .eh_frame      0x0000000000013d68      0x150 /home/sanhow/optee-qemu-v8/optee_os/out/arm/export-ta_arm64/lib/libutee.a(user_ta_entry.o)
                                        0x168 (size before relaxing)
 .eh_frame      0x0000000000013eb8       0x98 /home/sanhow/optee-qemu-v8/optee_os/out/arm/export-ta_arm64/lib/libutee.a(user_ta_entry_compat.o)
                                         0xa8 (size before relaxing)
 .eh_frame      0x0000000000013f50       0x18 /home/sanhow/optee-qemu-v8/optee_os/out/arm/export-ta_arm64/lib/libutee.a(abort.o)
                                         0x30 (size before relaxing)
 .eh_frame      0x0000000000013f68      0x570 /home/sanhow/optee-qemu-v8/optee_os/out/arm/export-ta_arm64/lib/libutee.a(tee_api.o)
                                        0x588 (size before relaxing)
 .eh_frame      0x00000000000144d8      0x7e8 /home/sanhow/optee-qemu-v8/optee_os/out/arm/export-ta_arm64/lib/libutee.a(tee_api_arith_mpi.o)
                                        0x800 (size before relaxing)
 .eh_frame      0x0000000000014cc0      0x180 /home/sanhow/optee-qemu-v8/optee_os/out/arm/export-ta_arm64/lib/libutee.a(tee_api_panic.o)
                                        0x190 (size before relaxing)
 .eh_frame      0x0000000000014e40      0x310 /home/sanhow/optee-qemu-v8/optee_os/out/arm/export-ta_arm64/lib/libutee.a(tee_api_property.o)
                                        0x328 (size before relaxing)
 .eh_frame      0x0000000000015150       0xd8 /home/sanhow/optee-qemu-v8/optee_os/out/arm/export-ta_arm64/lib/libutee.a(tee_system_pta.o)
                                         0xf0 (size before relaxing)
 .eh_frame      0x0000000000015228       0x90 /home/sanhow/optee-qemu-v8/optee_os/out/arm/export-ta_arm64/lib/libutee.a(tcb.o)
                                         0xa0 (size before relaxing)
 .eh_frame      0x00000000000152b8       0x38 /home/sanhow/optee-qemu-v8/optee_os/out/arm/export-ta_arm64/lib/libutee.a(assert.o)
                                         0x50 (size before relaxing)
 .eh_frame      0x00000000000152f0      0xa28 /home/sanhow/optee-qemu-v8/optee_os/out/arm/export-ta_arm64/lib/libmbedtls.a(bignum.o)
                                        0xa40 (size before relaxing)
 .eh_frame      0x0000000000015d18      0x4a0 /home/sanhow/optee-qemu-v8/optee_os/out/arm/export-ta_arm64/lib/libmbedtls.a(bignum_core.o)
                                        0x4b0 (size before relaxing)
 .eh_frame      0x00000000000161b8      0x148 /home/sanhow/optee-qemu-v8/optee_os/out/arm/export-ta_arm64/lib/libmbedtls.a(constant_time.o)
                                        0x160 (size before relaxing)
 .eh_frame      0x0000000000016300       0x48 /home/sanhow/optee-qemu-v8/optee_os/out/arm/export-ta_arm64/lib/libmbedtls.a(platform_util.o)
                                         0x60 (size before relaxing)
 .eh_frame      0x0000000000016348      0x478 /home/sanhow/optee-qemu-v8/optee_os/out/arm/export-ta_arm64/lib/libutils.a(bget_malloc.o)
                                        0x488 (size before relaxing)
 .eh_frame      0x00000000000167c0       0x58 /home/sanhow/optee-qemu-v8/optee_os/out/arm/export-ta_arm64/lib/libutils.a(snprintf.o)
                                         0x70 (size before relaxing)
 .eh_frame      0x0000000000016818       0x18 /home/sanhow/optee-qemu-v8/optee_os/out/arm/export-ta_arm64/lib/libutils.a(memmove.o)
                                         0x28 (size before relaxing)
 .eh_frame      0x0000000000016830       0x18 /home/sanhow/optee-qemu-v8/optee_os/out/arm/export-ta_arm64/lib/libutils.a(memset.o)
                                         0x28 (size before relaxing)
 .eh_frame      0x0000000000016848       0x18 /home/sanhow/optee-qemu-v8/optee_os/out/arm/export-ta_arm64/lib/libutils.a(strcmp.o)
                                         0x28 (size before relaxing)
 .eh_frame      0x0000000000016860       0x18 /home/sanhow/optee-qemu-v8/optee_os/out/arm/export-ta_arm64/lib/libutils.a(strlcpy.o)
                                         0x28 (size before relaxing)
 .eh_frame      0x0000000000016878       0x88 /home/sanhow/optee-qemu-v8/optee_os/out/arm/export-ta_arm64/lib/libutils.a(mempool.o)
                                         0xa0 (size before relaxing)
 .eh_frame      0x0000000000016900       0x20 /home/sanhow/optee-qemu-v8/optee_os/out/arm/export-ta_arm64/lib/libutils.a(consttime_memcmp.o)
                                         0x30 (size before relaxing)
 .eh_frame      0x0000000000016920       0x58 /home/sanhow/optee-qemu-v8/optee_os/out/arm/export-ta_arm64/lib/libutils.a(base64.o)
                                         0x70 (size before relaxing)
 .eh_frame      0x0000000000016978      0xb08 /home/sanhow/optee-qemu-v8/optee_os/out/arm/export-ta_arm64/lib/libutee.a(tee_api_operations.o)
                                        0xb18 (size before relaxing)
 .eh_frame      0x0000000000017480      0x770 /home/sanhow/optee-qemu-v8/optee_os/out/arm/export-ta_arm64/lib/libutee.a(tee_api_objects.o)
                                        0x788 (size before relaxing)
 *(SORT_BY_ALIGNMENT(.eh_frame.*))

.gcc_except_table
 *(SORT_BY_ALIGNMENT(.gcc_except_table) SORT_BY_ALIGNMENT(.gcc_except_table.*))

.rodata         0x0000000000017bf0     0x139e
 *(SORT_BY_ALIGNMENT(.gnu.linkonce.r.*))
 *(SORT_BY_ALIGNMENT(.rodata) SORT_BY_ALIGNMENT(.rodata.*))
 .rodata./home/sanhow/optee-qemu-v8/optee_os/out/arm/export-ta_arm64/src/user_ta_header.c
                0x0000000000017bf0       0x33 ./user_ta_header.o
                0x0000000000017bf0                ta_num_props
                0x0000000000017c10                __ta_no_share_heap_size
                0x0000000000017c18                ta_heap_size
                0x0000000000017c20                trace_ext_prefix
 *fill*         0x0000000000017c23        0x5 
 .rodata.lib/libutee/tee_api.c
                0x0000000000017c28       0x18 /home/sanhow/optee-qemu-v8/optee_os/out/arm/export-ta_arm64/lib/libutee.a(tee_api.o)
 .rodata.lib/libutils/ext/snprintk.c
                0x0000000000017c40       0xac /home/sanhow/optee-qemu-v8/optee_os/out/arm/export-ta_arm64/lib/libutils.a(snprintk.o)
 .rodata.lib/libutee/tee_api_property.c
                0x0000000000017cec       0x10 /home/sanhow/optee-qemu-v8/optee_os/out/arm/export-ta_arm64/lib/libutee.a(tee_api_property.o)
 .rodata.lib/libutee/tee_system_pta.c
                0x0000000000017cfc       0x31 /home/sanhow/optee-qemu-v8/optee_os/out/arm/export-ta_arm64/lib/libutee.a(tee_system_pta.o)
 *fill*         0x0000000000017d2d        0x3 
 .rodata.lib/libmbedtls/mbedtls/library/bignum.c
                0x0000000000017d30       0xcc /home/sanhow/optee-qemu-v8/optee_os/out/arm/export-ta_arm64/lib/libmbedtls.a(bignum.o)
 .rodata.lib/libutee/tee_api_operations.c
                0x0000000000017dfc       0x75 /home/sanhow/optee-qemu-v8/optee_os/out/arm/export-ta_arm64/lib/libutee.a(tee_api_operations.o)
 .rodata.str1.1.bit_operation_ta.c
                0x0000000000017e71      0xe41 ./bit_operation_ta.o
                                         0x7d (size before relaxing)
 .rodata.bit_operation_ta.c
                0x0000000000018cb2       0x6b ./bit_operation_ta.o
 .rodata.str1.1./home/sanhow/optee-qemu-v8/optee_os/out/arm/export-ta_arm64/src/user_ta_header.c
                0x0000000000018d1d      0x162 ./user_ta_header.o
 .rodata.str1.1.lib/libutils/isoc/stack_check.c
                0x0000000000018d1d       0x18 /home/sanhow/optee-qemu-v8/optee_os/out/arm/export-ta_arm64/lib/libutils.a(stack_check.o)
 .rodata.str1.1.lib/libutils/ext/trace.c
                0x0000000000018d1d       0x1b /home/sanhow/optee-qemu-v8/optee_os/out/arm/export-ta_arm64/lib/libutils.a(trace.o)
 .rodata.lib/libutils/ext/trace.c
                0x0000000000018d1d        0x5 /home/sanhow/optee-qemu-v8/optee_os/out/arm/export-ta_arm64/lib/libutils.a(trace.o)
 .rodata.str1.1.lib/libutils/ext/snprintk.c
                0x0000000000018d22       0x38 /home/sanhow/optee-qemu-v8/optee_os/out/arm/export-ta_arm64/lib/libutils.a(snprintk.o)
 .rodata.str1.1.lib/libutee/trace_ext.c
                0x0000000000018d22        0x2 /home/sanhow/optee-qemu-v8/optee_os/out/arm/export-ta_arm64/lib/libutee.a(trace_ext.o)
 .rodata.str1.1.lib/libutee/user_ta_entry.c
                0x0000000000018d22       0x4f /home/sanhow/optee-qemu-v8/optee_os/out/arm/export-ta_arm64/lib/libutee.a(user_ta_entry.o)
 .rodata.lib/libutee/user_ta_entry.c
                0x0000000000018d22       0x16 /home/sanhow/optee-qemu-v8/optee_os/out/arm/export-ta_arm64/lib/libutee.a(user_ta_entry.o)
 .rodata.str1.1.lib/libutee/abort.c
                0x0000000000018d38        0x7 /home/sanhow/optee-qemu-v8/optee_os/out/arm/export-ta_arm64/lib/libutee.a(abort.o)
 .rodata.str1.1.lib/libutee/tee_api.c
                0x0000000000018d38       0x11 /home/sanhow/optee-qemu-v8/optee_os/out/arm/export-ta_arm64/lib/libutee.a(tee_api.o)
 .rodata.str1.1.lib/libutee/tee_api_arith_mpi.c
                0x0000000000018d38       0xc9 /home/sanhow/optee-qemu-v8/optee_os/out/arm/export-ta_arm64/lib/libutee.a(tee_api_arith_mpi.o)
 .rodata.lib/libutee/tee_api_arith_mpi.c
                0x0000000000018d38      0x14e /home/sanhow/optee-qemu-v8/optee_os/out/arm/export-ta_arm64/lib/libutee.a(tee_api_arith_mpi.o)
 .rodata.str1.1.lib/libutee/tee_api_property.c
                0x0000000000018e86       0x88 /home/sanhow/optee-qemu-v8/optee_os/out/arm/export-ta_arm64/lib/libutee.a(tee_api_property.o)
 .rodata.str1.1.lib/libutee/tee_system_pta.c
                0x0000000000018e86       0x55 /home/sanhow/optee-qemu-v8/optee_os/out/arm/export-ta_arm64/lib/libutee.a(tee_system_pta.o)
 .rodata.str1.1.lib/libutee/tcb.c
                0x0000000000018e86       0x8d /home/sanhow/optee-qemu-v8/optee_os/out/arm/export-ta_arm64/lib/libutee.a(tcb.o)
 .rodata.lib/libutee/tcb.c
                0x0000000000018e86       0x20 /home/sanhow/optee-qemu-v8/optee_os/out/arm/export-ta_arm64/lib/libutee.a(tcb.o)
 .rodata.str1.1.lib/libutee/assert.c
                0x0000000000018ea6       0x27 /home/sanhow/optee-qemu-v8/optee_os/out/arm/export-ta_arm64/lib/libutee.a(assert.o)
 .rodata.str1.1.lib/libmbedtls/mbedtls/library/bignum.c
                0x0000000000018ea6      0x45d /home/sanhow/optee-qemu-v8/optee_os/out/arm/export-ta_arm64/lib/libmbedtls.a(bignum.o)
 .rodata.str1.1.lib/libutils/isoc/bget_malloc.c
                0x0000000000018ea6      0x3ef /home/sanhow/optee-qemu-v8/optee_os/out/arm/export-ta_arm64/lib/libutils.a(bget_malloc.o)
 .rodata.lib/libutils/isoc/bget_malloc.c
                0x0000000000018ea6       0x7b /home/sanhow/optee-qemu-v8/optee_os/out/arm/export-ta_arm64/lib/libutils.a(bget_malloc.o)
 .rodata.str1.1.lib/libutils/ext/mempool.c
                0x0000000000018f21       0x89 /home/sanhow/optee-qemu-v8/optee_os/out/arm/export-ta_arm64/lib/libutils.a(mempool.o)
 .rodata.lib/libutils/ext/mempool.c
                0x0000000000018f21       0x2c /home/sanhow/optee-qemu-v8/optee_os/out/arm/export-ta_arm64/lib/libutils.a(mempool.o)
 .rodata.lib/libutils/ext/base64.c
                0x0000000000018f4d       0x41 /home/sanhow/optee-qemu-v8/optee_os/out/arm/export-ta_arm64/lib/libutils.a(base64.o)
 .rodata.str1.1.lib/libutee/tee_api_operations.c
                0x0000000000018f8e       0x8a /home/sanhow/optee-qemu-v8/optee_os/out/arm/export-ta_arm64/lib/libutee.a(tee_api_operations.o)

.gnu.version_d  0x0000000000018f90        0x0
 .gnu.version_d
                0x0000000000018f90        0x0 ./bit_operation_ta.o

.gnu.version    0x0000000000018f8e        0x0
 .gnu.version   0x0000000000018f8e        0x0 ./bit_operation_ta.o

.gnu.version_r  0x0000000000018f90        0x0
 .gnu.version_r
                0x0000000000018f90        0x0 ./bit_operation_ta.o

.gnu.hash       0x0000000000018f90       0x34
 .gnu.hash      0x0000000000018f90       0x34 ./bit_operation_ta.o

.ta_head        0x0000000000018fc8       0x20
 .ta_head       0x0000000000018fc8       0x20 ./user_ta_header.o
                0x0000000000018fc8                ta_head

.ARM.extab
 *(SORT_BY_ALIGNMENT(.ARM.extab*) SORT_BY_ALIGNMENT(.gnu.linkonce.armextab.*))
                [!provide]                        PROVIDE (__exidx_start = .)

.ARM.exidx
 *(SORT_BY_ALIGNMENT(.ARM.exidx*) SORT_BY_ALIGNMENT(.gnu.linkonce.armexidx.*))
                [!provide]                        PROVIDE (__exidx_end = .)

.ctors
 *(SORT_BY_ALIGNMENT(.ctors))

.dtors
 *(SORT_BY_ALIGNMENT(.dtors))

.dynsym         0x0000000000018fe8       0xa8
 *(SORT_BY_ALIGNMENT(.dynsym))
 .dynsym        0x0000000000018fe8       0xa8 ./bit_operation_ta.o

.dynstr         0x0000000000019090       0x36
 *(SORT_BY_ALIGNMENT(.dynstr))
 .dynstr        0x0000000000019090       0x36 ./bit_operation_ta.o

.hash           0x00000000000190c8       0x30
 *(SORT_BY_ALIGNMENT(.hash))
 .hash          0x00000000000190c8       0x30 ./bit_operation_ta.o

.rela.dyn       0x00000000000190f8      0x3a8
 .rela.data.rel.ro
                0x00000000000190f8       0x18 ./bit_operation_ta.o
 .rela.ifunc    0x0000000000019110        0x0 ./bit_operation_ta.o
 .rela.data.rel.ro.local
                0x0000000000019110      0x300 ./bit_operation_ta.o
 .rela.data.rel.local
                0x0000000000019410       0x90 ./bit_operation_ta.o
                0x000000000001a000                . = ALIGN (0x1000)

.dynamic        0x000000000001a000      0x110
 *(SORT_BY_ALIGNMENT(.dynamic))
 .dynamic       0x000000000001a000      0x110 ./bit_operation_ta.o
                0x000000000001a000                _DYNAMIC

.tdata
 *(SORT_BY_ALIGNMENT(.tdata) SORT_BY_ALIGNMENT(.tdata.*) SORT_BY_ALIGNMENT(.gnu.linkonce.td.*))

.tbss
 *(SORT_BY_ALIGNMENT(.tbss) SORT_BY_ALIGNMENT(.tbss.*) SORT_BY_ALIGNMENT(.gnu.linkonce.tb.*))
 *(SORT_BY_ALIGNMENT(.tcommon))

.got            0x000000000001a110       0xe8
 *(SORT_BY_ALIGNMENT(.got.plt))
 .got.plt       0x000000000001a110       0x18 ./bit_operation_ta.o
 *(SORT_BY_ALIGNMENT(.got))
 .got           0x000000000001a128       0xd0 ./bit_operation_ta.o
                0x000000000001a128                _GLOBAL_OFFSET_TABLE_

.rel.text
 *(SORT_BY_ALIGNMENT(.rel.text))
 *(SORT_BY_ALIGNMENT(.rel.gnu.linkonce.t*))

.rela.text
 *(SORT_BY_ALIGNMENT(.rela.text))
 *(SORT_BY_ALIGNMENT(.rela.gnu.linkonce.t*))

.rel.data
 *(SORT_BY_ALIGNMENT(.rel.data))
 *(SORT_BY_ALIGNMENT(.rel.gnu.linkonce.d*))

.rela.data
 *(SORT_BY_ALIGNMENT(.rela.data))
 *(SORT_BY_ALIGNMENT(.rela.gnu.linkonce.d*))

.rel.tdata
 *(SORT_BY_ALIGNMENT(.rel.tdata) SORT_BY_ALIGNMENT(.rel.tdata.*) SORT_BY_ALIGNMENT(.rel.gnu.linkonce.td.*))

.rela.tdata
 *(SORT_BY_ALIGNMENT(.rela.tdata) SORT_BY_ALIGNMENT(.rela.tdata.*) SORT_BY_ALIGNMENT(.rela.gnu.linkonce.td.*))

.rel.tbss
 *(SORT_BY_ALIGNMENT(.rel.tbss) SORT_BY_ALIGNMENT(.rel.tbss.*) SORT_BY_ALIGNMENT(.rel.gnu.linkonce.tb.*))

.rela.tbss
 *(SORT_BY_ALIGNMENT(.rela.tbss) SORT_BY_ALIGNMENT(.rela.tbss.*) SORT_BY_ALIGNMENT(.rela.gnu.linkonce.tb.*))

.rel.rodata
 *(SORT_BY_ALIGNMENT(.rel.rodata))
 *(SORT_BY_ALIGNMENT(.rel.gnu.linkonce.r*))

.rela.rodata
 *(SORT_BY_ALIGNMENT(.rela.rodata))
 *(SORT_BY_ALIGNMENT(.rela.gnu.linkonce.r*))

.rel.dyn
 *(SORT_BY_ALIGNMENT(.rel.dyn))

.rel.got
 *(SORT_BY_ALIGNMENT(.rel.got))

.rela.got       0x000000000001a1f8      0x258
 *(SORT_BY_ALIGNMENT(.rela.got))
 .rela.got      0x000000000001a1f8      0x258 ./bit_operation_ta.o

.rel.ctors
 *(SORT_BY_ALIGNMENT(.rel.ctors))

.rela.ctors
 *(SORT_BY_ALIGNMENT(.rela.ctors))

.rel.dtors
 *(SORT_BY_ALIGNMENT(.rel.dtors))

.rela.dtors
 *(SORT_BY_ALIGNMENT(.rela.dtors))

.rel.init
 *(SORT_BY_ALIGNMENT(.rel.init))

.rela.init
 *(SORT_BY_ALIGNMENT(.rela.init))

.rel.fini
 *(SORT_BY_ALIGNMENT(.rel.fini))

.rela.fini
 *(SORT_BY_ALIGNMENT(.rela.fini))

.rel.bss
 *(SORT_BY_ALIGNMENT(.rel.bss))

.rela.bss       0x000000000001a450        0x0
 *(SORT_BY_ALIGNMENT(.rela.bss))
 .rela.bss      0x000000000001a450        0x0 ./bit_operation_ta.o

.rel.plt
 *(SORT_BY_ALIGNMENT(.rel.plt))

.rela.plt       0x000000000001a450        0x0
 *(SORT_BY_ALIGNMENT(.rela.plt))
 .rela.plt      0x000000000001a450        0x0 ./bit_operation_ta.o

.data           0x000000000001a450      0x28c
 *(SORT_BY_ALIGNMENT(.data) SORT_BY_ALIGNMENT(.data.*) SORT_BY_ALIGNMENT(.gnu.linkonce.d.*))
 .data.rel.ro.local
                0x000000000001a450      0x120 ./user_ta_header.o
                0x000000000001a450                ta_props
 .data          0x000000000001a570        0x8 /home/sanhow/optee-qemu-v8/optee_os/out/arm/export-ta_arm64/lib/libutils.a(stack_check.o)
                0x000000000001a570                __stack_chk_guard
 .data.rel.local
                0x000000000001a578       0x20 /home/sanhow/optee-qemu-v8/optee_os/out/arm/export-ta_arm64/lib/libutee.a(user_ta_entry.o)
 .data.rel.ro.local
                0x000000000001a598       0x60 /home/sanhow/optee-qemu-v8/optee_os/out/arm/export-ta_arm64/lib/libutee.a(tee_api_property.o)
                0x000000000001a598                tee_props
 .data.rel.ro   0x000000000001a5f8        0x8 /home/sanhow/optee-qemu-v8/optee_os/out/arm/export-ta_arm64/lib/libmbedtls.a(platform_util.o)
 .data          0x000000000001a600        0x8 /home/sanhow/optee-qemu-v8/optee_os/out/arm/export-ta_arm64/lib/libutils.a(bget_malloc.o)
 .data.rel.local
                0x000000000001a608       0xd0 /home/sanhow/optee-qemu-v8/optee_os/out/arm/export-ta_arm64/lib/libutils.a(bget_malloc.o)
 .data          0x000000000001a6d8        0x4 ./user_ta_header.o
                0x000000000001a6d8                trace_level
 .data          0x000000000001a6dc        0x0 ./bit_operation_ta.o
 .data.rel.ro   0x000000000001a6dc        0x0 ./bit_operation_ta.o
 .data          0x000000000001a6dc        0x0 /home/sanhow/optee-qemu-v8/optee_os/out/arm/export-ta_arm64/lib/libutils.a(trace.o)
 .data          0x000000000001a6dc        0x0 /home/sanhow/optee-qemu-v8/optee_os/out/arm/export-ta_arm64/lib/libutils.a(memcpy.o)
 .data          0x000000000001a6dc        0x0 /home/sanhow/optee-qemu-v8/optee_os/out/arm/export-ta_arm64/lib/libutils.a(snprintk.o)
 .data          0x000000000001a6dc        0x0 /home/sanhow/optee-qemu-v8/optee_os/out/arm/export-ta_arm64/lib/libutils.a(memchr.o)
 .data          0x000000000001a6dc        0x0 /home/sanhow/optee-qemu-v8/optee_os/out/arm/export-ta_arm64/lib/libutils.a(strlen.o)
 .data          0x000000000001a6dc        0x0 /home/sanhow/optee-qemu-v8/optee_os/out/arm/export-ta_arm64/lib/libutee.a(trace_ext.o)
 .data          0x000000000001a6dc        0x0 /home/sanhow/optee-qemu-v8/optee_os/out/arm/export-ta_arm64/lib/libutee.a(user_ta_entry.o)
 .data          0x000000000001a6dc        0x0 /home/sanhow/optee-qemu-v8/optee_os/out/arm/export-ta_arm64/lib/libutee.a(user_ta_entry_compat.o)
 .data          0x000000000001a6dc        0x0 /home/sanhow/optee-qemu-v8/optee_os/out/arm/export-ta_arm64/lib/libutee.a(utee_syscalls_a64.o)
 .data          0x000000000001a6dc        0x0 /home/sanhow/optee-qemu-v8/optee_os/out/arm/export-ta_arm64/lib/libutee.a(abort.o)
 .data          0x000000000001a6dc        0x0 /home/sanhow/optee-qemu-v8/optee_os/out/arm/export-ta_arm64/lib/libutee.a(tee_api.o)
 .data          0x000000000001a6dc        0x0 /home/sanhow/optee-qemu-v8/optee_os/out/arm/export-ta_arm64/lib/libutee.a(tee_api_arith_mpi.o)
 .data          0x000000000001a6dc        0x0 /home/sanhow/optee-qemu-v8/optee_os/out/arm/export-ta_arm64/lib/libutee.a(tee_api_panic.o)
 .data          0x000000000001a6dc        0x0 /home/sanhow/optee-qemu-v8/optee_os/out/arm/export-ta_arm64/lib/libutee.a(tee_api_property.o)
 .data          0x000000000001a6dc        0x0 /home/sanhow/optee-qemu-v8/optee_os/out/arm/export-ta_arm64/lib/libutee.a(tee_system_pta.o)
 .data          0x000000000001a6dc        0x0 /home/sanhow/optee-qemu-v8/optee_os/out/arm/export-ta_arm64/lib/libutee.a(tcb.o)
 .data          0x000000000001a6dc        0x0 /home/sanhow/optee-qemu-v8/optee_os/out/arm/export-ta_arm64/lib/libutee.a(assert.o)
 .data          0x000000000001a6dc        0x0 /home/sanhow/optee-qemu-v8/optee_os/out/arm/export-ta_arm64/lib/libmbedtls.a(bignum.o)
 .data          0x000000000001a6dc        0x0 /home/sanhow/optee-qemu-v8/optee_os/out/arm/export-ta_arm64/lib/libmbedtls.a(bignum_core.o)
 .data          0x000000000001a6dc        0x0 /home/sanhow/optee-qemu-v8/optee_os/out/arm/export-ta_arm64/lib/libmbedtls.a(constant_time.o)
 .data          0x000000000001a6dc        0x0 /home/sanhow/optee-qemu-v8/optee_os/out/arm/export-ta_arm64/lib/libmbedtls.a(platform_util.o)
 .data          0x000000000001a6dc        0x0 /home/sanhow/optee-qemu-v8/optee_os/out/arm/export-ta_arm64/lib/libutils.a(snprintf.o)
 .data          0x000000000001a6dc        0x0 /home/sanhow/optee-qemu-v8/optee_os/out/arm/export-ta_arm64/lib/libutils.a(memmove.o)
 .data          0x000000000001a6dc        0x0 /home/sanhow/optee-qemu-v8/optee_os/out/arm/export-ta_arm64/lib/libutils.a(memset.o)
 .data          0x000000000001a6dc        0x0 /home/sanhow/optee-qemu-v8/optee_os/out/arm/export-ta_arm64/lib/libutils.a(strcmp.o)
 .data          0x000000000001a6dc        0x0 /home/sanhow/optee-qemu-v8/optee_os/out/arm/export-ta_arm64/lib/libutils.a(strlcpy.o)
 .data          0x000000000001a6dc        0x0 /home/sanhow/optee-qemu-v8/optee_os/out/arm/export-ta_arm64/lib/libutils.a(mempool.o)
 .data          0x000000000001a6dc        0x0 /home/sanhow/optee-qemu-v8/optee_os/out/arm/export-ta_arm64/lib/libutils.a(consttime_memcmp.o)
 .data          0x000000000001a6dc        0x0 /home/sanhow/optee-qemu-v8/optee_os/out/arm/export-ta_arm64/lib/libutils.a(base64.o)
 .data          0x000000000001a6dc        0x0 /home/sanhow/optee-qemu-v8/optee_os/out/arm/export-ta_arm64/lib/libutee.a(tee_api_operations.o)
 .data          0x000000000001a6dc        0x0 /home/sanhow/optee-qemu-v8/optee_os/out/arm/export-ta_arm64/lib/libutee.a(tee_api_objects.o)

.bss            0x000000000001a6e0     0xb8b8
 *(SORT_BY_ALIGNMENT(.bss) SORT_BY_ALIGNMENT(.bss.*) SORT_BY_ALIGNMENT(.gnu.linkonce.b.*) SORT_BY_ALIGNMENT(COMMON))
 .bss           0x000000000001a6e0       0x6c /home/sanhow/optee-qemu-v8/optee_os/out/arm/export-ta_arm64/lib/libutee.a(user_ta_entry.o)
                0x000000000001a6f0                __elf_phdr_info
                0x000000000001a700                __ta_no_share_malloc_ctx
                0x000000000001a708                ta_params
                0x000000000001a748                ta_param_types
 *fill*         0x000000000001a74c        0x4 
 .bss           0x000000000001a750       0x10 /home/sanhow/optee-qemu-v8/optee_os/out/arm/export-ta_arm64/lib/libutee.a(tee_api.o)
 .bss           0x000000000001a760     0x3800 /home/sanhow/optee-qemu-v8/optee_os/out/arm/export-ta_arm64/lib/libutee.a(tee_api_arith_mpi.o)
 .bss           0x000000000001df60        0x8 /home/sanhow/optee-qemu-v8/optee_os/out/arm/export-ta_arm64/lib/libutee.a(tee_system_pta.o)
 .bss           0x000000000001df68       0x10 /home/sanhow/optee-qemu-v8/optee_os/out/arm/export-ta_arm64/lib/libutee.a(tcb.o)
 .bss           0x000000000001df78        0x8 /home/sanhow/optee-qemu-v8/optee_os/out/arm/export-ta_arm64/lib/libmbedtls.a(bignum.o)
                0x000000000001df78                mbedtls_mpi_mempool
 .bss           0x000000000001df80        0x8 /home/sanhow/optee-qemu-v8/optee_os/out/arm/export-ta_arm64/lib/libmbedtls.a(constant_time.o)
                0x000000000001df80                mbedtls_ct_zero
 .bss           0x000000000001df88        0x8 /home/sanhow/optee-qemu-v8/optee_os/out/arm/export-ta_arm64/lib/libutils.a(bget_malloc.o)
 .bss           0x000000000001df90        0x0 ./bit_operation_ta.o
 .bss           0x000000000001df90     0x8001 ./user_ta_header.o
                0x000000000001df91                ta_heap
                0x000000000001df91                __ta_no_share_heap
 .bss           0x0000000000025f91        0x0 /home/sanhow/optee-qemu-v8/optee_os/out/arm/export-ta_arm64/lib/libutils.a(stack_check.o)
 .bss           0x0000000000025f91        0x0 /home/sanhow/optee-qemu-v8/optee_os/out/arm/export-ta_arm64/lib/libutils.a(trace.o)
 .bss           0x0000000000025f91        0x0 /home/sanhow/optee-qemu-v8/optee_os/out/arm/export-ta_arm64/lib/libutils.a(memcpy.o)
 .bss           0x0000000000025f91        0x0 /home/sanhow/optee-qemu-v8/optee_os/out/arm/export-ta_arm64/lib/libutils.a(snprintk.o)
 .bss           0x0000000000025f91        0x0 /home/sanhow/optee-qemu-v8/optee_os/out/arm/export-ta_arm64/lib/libutils.a(memchr.o)
 .bss           0x0000000000025f91        0x0 /home/sanhow/optee-qemu-v8/optee_os/out/arm/export-ta_arm64/lib/libutils.a(strlen.o)
 .bss           0x0000000000025f91        0x0 /home/sanhow/optee-qemu-v8/optee_os/out/arm/export-ta_arm64/lib/libutee.a(trace_ext.o)
 .bss           0x0000000000025f91        0x0 /home/sanhow/optee-qemu-v8/optee_os/out/arm/export-ta_arm64/lib/libutee.a(user_ta_entry_compat.o)
 .bss           0x0000000000025f91        0x0 /home/sanhow/optee-qemu-v8/optee_os/out/arm/export-ta_arm64/lib/libutee.a(utee_syscalls_a64.o)
 .bss           0x0000000000025f91        0x0 /home/sanhow/optee-qemu-v8/optee_os/out/arm/export-ta_arm64/lib/libutee.a(abort.o)
 .bss           0x0000000000025f91        0x0 /home/sanhow/optee-qemu-v8/optee_os/out/arm/export-ta_arm64/lib/libutee.a(tee_api_panic.o)
 .bss           0x0000000000025f91        0x0 /home/sanhow/optee-qemu-v8/optee_os/out/arm/export-ta_arm64/lib/libutee.a(tee_api_property.o)
 .bss           0x0000000000025f91        0x0 /home/sanhow/optee-qemu-v8/optee_os/out/arm/export-ta_arm64/lib/libutee.a(assert.o)
 .bss           0x0000000000025f91        0x0 /home/sanhow/optee-qemu-v8/optee_os/out/arm/export-ta_arm64/lib/libmbedtls.a(bignum_core.o)
 .bss           0x0000000000025f91        0x0 /home/sanhow/optee-qemu-v8/optee_os/out/arm/export-ta_arm64/lib/libmbedtls.a(platform_util.o)
 .bss           0x0000000000025f91        0x0 /home/sanhow/optee-qemu-v8/optee_os/out/arm/export-ta_arm64/lib/libutils.a(snprintf.o)
 .bss           0x0000000000025f91        0x0 /home/sanhow/optee-qemu-v8/optee_os/out/arm/export-ta_arm64/lib/libutils.a(memmove.o)
 .bss           0x0000000000025f91        0x0 /home/sanhow/optee-qemu-v8/optee_os/out/arm/export-ta_arm64/lib/libutils.a(memset.o)
 .bss           0x0000000000025f91        0x0 /home/sanhow/optee-qemu-v8/optee_os/out/arm/export-ta_arm64/lib/libutils.a(strcmp.o)
 .bss           0x0000000000025f91        0x0 /home/sanhow/optee-qemu-v8/optee_os/out/arm/export-ta_arm64/lib/libutils.a(strlcpy.o)
 .bss           0x0000000000025f91        0x0 /home/sanhow/optee-qemu-v8/optee_os/out/arm/export-ta_arm64/lib/libutils.a(mempool.o)
 .bss           0x0000000000025f91        0x0 /home/sanhow/optee-qemu-v8/optee_os/out/arm/export-ta_arm64/lib/libutils.a(consttime_memcmp.o)
 .bss           0x0000000000025f91        0x0 /home/sanhow/optee-qemu-v8/optee_os/out/arm/export-ta_arm64/lib/libutils.a(base64.o)
 .bss           0x0000000000025f91        0x0 /home/sanhow/optee-qemu-v8/optee_os/out/arm/export-ta_arm64/lib/libutee.a(tee_api_operations.o)
 .bss           0x0000000000025f91        0x0 /home/sanhow/optee-qemu-v8/optee_os/out/arm/export-ta_arm64/lib/libutee.a(tee_api_objects.o)
                0x0000000000025f98                . = ALIGN (0x8)
 *fill*         0x0000000000025f91        0x7 
                0x0000000000025f98                __ftrace_buf_start = .
                0x0000000000025f98                . = (. + DEFINED (_mcount)?0x800:0x0)
                0x0000000000025f98                __ftrace_buf_end = .

.dynbss         0x0000000000025f98        0x0
 .dynbss        0x0000000000025f98        0x0 ./bit_operation_ta.o

/DISCARD/
 *(SORT_BY_ALIGNMENT(.interp))
LOAD ./bit_operation_ta.o
LOAD ./user_ta_header.o
START GROUP
LOAD /home/sanhow/optee-qemu-v8/optee_os/out/arm/export-ta_arm64/lib/libutils.a
LOAD /home/sanhow/optee-qemu-v8/optee_os/out/arm/export-ta_arm64/lib/libutee.a
LOAD /home/sanhow/optee-qemu-v8/optee_os/out/arm/export-ta_arm64/lib/libmbedtls.a
LOAD /home/sanhow/optee-qemu-v8/optee_os/out/arm/export-ta_arm64/lib/libdl.a
END GROUP
LOAD /usr/lib/gcc/aarch64-linux-gnu/13/libgcc.a
LOAD /home/sanhow/optee-qemu-v8/optee_os/out/arm/export-ta_arm64/lib/libutils.a
OUTPUT(102e73c0-ba2f-4775-9c69-2402b02df7a3.elf elf64-littleaarch64)
LOAD linker stubs

.debug_info     0x0000000000000000    0x27d45
 .debug_info    0x0000000000000000      0x5a8 ./bit_operation_ta.o
 .debug_info    0x00000000000005a8      0x7e1 ./user_ta_header.o
 .debug_info    0x0000000000000d89      0x144 /home/sanhow/optee-qemu-v8/optee_os/out/arm/export-ta_arm64/lib/libutils.a(stack_check.o)
 .debug_info    0x0000000000000ecd      0x70f /home/sanhow/optee-qemu-v8/optee_os/out/arm/export-ta_arm64/lib/libutils.a(trace.o)
 .debug_info    0x00000000000015dc      0x130 /home/sanhow/optee-qemu-v8/optee_os/out/arm/export-ta_arm64/lib/libutils.a(memcpy.o)
 .debug_info    0x000000000000170c      0x935 /home/sanhow/optee-qemu-v8/optee_os/out/arm/export-ta_arm64/lib/libutils.a(snprintk.o)
 .debug_info    0x0000000000002041       0xff /home/sanhow/optee-qemu-v8/optee_os/out/arm/export-ta_arm64/lib/libutils.a(memchr.o)
 .debug_info    0x0000000000002140       0xbf /home/sanhow/optee-qemu-v8/optee_os/out/arm/export-ta_arm64/lib/libutils.a(strlen.o)
 .debug_info    0x00000000000021ff      0x3d7 /home/sanhow/optee-qemu-v8/optee_os/out/arm/export-ta_arm64/lib/libutee.a(trace_ext.o)
 .debug_info    0x00000000000025d6     0x1752 /home/sanhow/optee-qemu-v8/optee_os/out/arm/export-ta_arm64/lib/libutee.a(user_ta_entry.o)
 .debug_info    0x0000000000003d28      0x51e /home/sanhow/optee-qemu-v8/optee_os/out/arm/export-ta_arm64/lib/libutee.a(user_ta_entry_compat.o)
 .debug_info    0x0000000000004246      0x3b5 /home/sanhow/optee-qemu-v8/optee_os/out/arm/export-ta_arm64/lib/libutee.a(utee_syscalls_a64.o)
 .debug_info    0x00000000000045fb       0xf1 /home/sanhow/optee-qemu-v8/optee_os/out/arm/export-ta_arm64/lib/libutee.a(abort.o)
 .debug_info    0x00000000000046ec     0x272a /home/sanhow/optee-qemu-v8/optee_os/out/arm/export-ta_arm64/lib/libutee.a(tee_api.o)
 .debug_info    0x0000000000006e16     0x523d /home/sanhow/optee-qemu-v8/optee_os/out/arm/export-ta_arm64/lib/libutee.a(tee_api_arith_mpi.o)
 .debug_info    0x000000000000c053      0xa03 /home/sanhow/optee-qemu-v8/optee_os/out/arm/export-ta_arm64/lib/libutee.a(tee_api_panic.o)
 .debug_info    0x000000000000ca56     0x1985 /home/sanhow/optee-qemu-v8/optee_os/out/arm/export-ta_arm64/lib/libutee.a(tee_api_property.o)
 .debug_info    0x000000000000e3db      0x94e /home/sanhow/optee-qemu-v8/optee_os/out/arm/export-ta_arm64/lib/libutee.a(tee_system_pta.o)
 .debug_info    0x000000000000ed29      0x8b9 /home/sanhow/optee-qemu-v8/optee_os/out/arm/export-ta_arm64/lib/libutee.a(tcb.o)
 .debug_info    0x000000000000f5e2      0x1b5 /home/sanhow/optee-qemu-v8/optee_os/out/arm/export-ta_arm64/lib/libutee.a(assert.o)
 .debug_info    0x000000000000f797     0x5bbc /home/sanhow/optee-qemu-v8/optee_os/out/arm/export-ta_arm64/lib/libmbedtls.a(bignum.o)
 .debug_info    0x0000000000015353     0x3921 /home/sanhow/optee-qemu-v8/optee_os/out/arm/export-ta_arm64/lib/libmbedtls.a(bignum_core.o)
 .debug_info    0x0000000000018c74      0xf5f /home/sanhow/optee-qemu-v8/optee_os/out/arm/export-ta_arm64/lib/libmbedtls.a(constant_time.o)
 .debug_info    0x0000000000019bd3      0x259 /home/sanhow/optee-qemu-v8/optee_os/out/arm/export-ta_arm64/lib/libmbedtls.a(platform_util.o)
 .debug_info    0x0000000000019e2c     0x420e /home/sanhow/optee-qemu-v8/optee_os/out/arm/export-ta_arm64/lib/libutils.a(bget_malloc.o)
 .debug_info    0x000000000001e03a      0x29f /home/sanhow/optee-qemu-v8/optee_os/out/arm/export-ta_arm64/lib/libutils.a(snprintf.o)
 .debug_info    0x000000000001e2d9       0xfb /home/sanhow/optee-qemu-v8/optee_os/out/arm/export-ta_arm64/lib/libutils.a(memmove.o)
 .debug_info    0x000000000001e3d4       0xd3 /home/sanhow/optee-qemu-v8/optee_os/out/arm/export-ta_arm64/lib/libutils.a(memset.o)
 .debug_info    0x000000000001e4a7       0xb4 /home/sanhow/optee-qemu-v8/optee_os/out/arm/export-ta_arm64/lib/libutils.a(strcmp.o)
 .debug_info    0x000000000001e55b      0x123 /home/sanhow/optee-qemu-v8/optee_os/out/arm/export-ta_arm64/lib/libutils.a(strlcpy.o)
 .debug_info    0x000000000001e67e      0x71b /home/sanhow/optee-qemu-v8/optee_os/out/arm/export-ta_arm64/lib/libutils.a(mempool.o)
 .debug_info    0x000000000001ed99      0x132 /home/sanhow/optee-qemu-v8/optee_os/out/arm/export-ta_arm64/lib/libutils.a(consttime_memcmp.o)
 .debug_info    0x000000000001eecb      0x339 /home/sanhow/optee-qemu-v8/optee_os/out/arm/export-ta_arm64/lib/libutils.a(base64.o)
 .debug_info    0x000000000001f204     0x5c47 /home/sanhow/optee-qemu-v8/optee_os/out/arm/export-ta_arm64/lib/libutee.a(tee_api_operations.o)
 .debug_info    0x0000000000024e4b     0x2efa /home/sanhow/optee-qemu-v8/optee_os/out/arm/export-ta_arm64/lib/libutee.a(tee_api_objects.o)

.debug_abbrev   0x0000000000000000     0x542d
 .debug_abbrev  0x0000000000000000      0x1f0 ./bit_operation_ta.o
 .debug_abbrev  0x00000000000001f0      0x282 ./user_ta_header.o
 .debug_abbrev  0x0000000000000472       0xb2 /home/sanhow/optee-qemu-v8/optee_os/out/arm/export-ta_arm64/lib/libutils.a(stack_check.o)
 .debug_abbrev  0x0000000000000524      0x2bf /home/sanhow/optee-qemu-v8/optee_os/out/arm/export-ta_arm64/lib/libutils.a(trace.o)
 .debug_abbrev  0x00000000000007e3       0xbb /home/sanhow/optee-qemu-v8/optee_os/out/arm/export-ta_arm64/lib/libutils.a(memcpy.o)
 .debug_abbrev  0x000000000000089e      0x2f9 /home/sanhow/optee-qemu-v8/optee_os/out/arm/export-ta_arm64/lib/libutils.a(snprintk.o)
 .debug_abbrev  0x0000000000000b97       0xb4 /home/sanhow/optee-qemu-v8/optee_os/out/arm/export-ta_arm64/lib/libutils.a(memchr.o)
 .debug_abbrev  0x0000000000000c4b       0x85 /home/sanhow/optee-qemu-v8/optee_os/out/arm/export-ta_arm64/lib/libutils.a(strlen.o)
 .debug_abbrev  0x0000000000000cd0      0x1c4 /home/sanhow/optee-qemu-v8/optee_os/out/arm/export-ta_arm64/lib/libutee.a(trace_ext.o)
 .debug_abbrev  0x0000000000000e94      0x595 /home/sanhow/optee-qemu-v8/optee_os/out/arm/export-ta_arm64/lib/libutee.a(user_ta_entry.o)
 .debug_abbrev  0x0000000000001429      0x1b5 /home/sanhow/optee-qemu-v8/optee_os/out/arm/export-ta_arm64/lib/libutee.a(user_ta_entry_compat.o)
 .debug_abbrev  0x00000000000015de       0x26 /home/sanhow/optee-qemu-v8/optee_os/out/arm/export-ta_arm64/lib/libutee.a(utee_syscalls_a64.o)
 .debug_abbrev  0x0000000000001604       0x94 /home/sanhow/optee-qemu-v8/optee_os/out/arm/export-ta_arm64/lib/libutee.a(abort.o)
 .debug_abbrev  0x0000000000001698      0x55e /home/sanhow/optee-qemu-v8/optee_os/out/arm/export-ta_arm64/lib/libutee.a(tee_api.o)
 .debug_abbrev  0x0000000000001bf6      0x53f /home/sanhow/optee-qemu-v8/optee_os/out/arm/export-ta_arm64/lib/libutee.a(tee_api_arith_mpi.o)
 .debug_abbrev  0x0000000000002135      0x21f /home/sanhow/optee-qemu-v8/optee_os/out/arm/export-ta_arm64/lib/libutee.a(tee_api_panic.o)
 .debug_abbrev  0x0000000000002354      0x3a2 /home/sanhow/optee-qemu-v8/optee_os/out/arm/export-ta_arm64/lib/libutee.a(tee_api_property.o)
 .debug_abbrev  0x00000000000026f6      0x2ec /home/sanhow/optee-qemu-v8/optee_os/out/arm/export-ta_arm64/lib/libutee.a(tee_system_pta.o)
 .debug_abbrev  0x00000000000029e2      0x2c8 /home/sanhow/optee-qemu-v8/optee_os/out/arm/export-ta_arm64/lib/libutee.a(tcb.o)
 .debug_abbrev  0x0000000000002caa       0xbd /home/sanhow/optee-qemu-v8/optee_os/out/arm/export-ta_arm64/lib/libutee.a(assert.o)
 .debug_abbrev  0x0000000000002d67      0x576 /home/sanhow/optee-qemu-v8/optee_os/out/arm/export-ta_arm64/lib/libmbedtls.a(bignum.o)
 .debug_abbrev  0x00000000000032dd      0x548 /home/sanhow/optee-qemu-v8/optee_os/out/arm/export-ta_arm64/lib/libmbedtls.a(bignum_core.o)
 .debug_abbrev  0x0000000000003825      0x397 /home/sanhow/optee-qemu-v8/optee_os/out/arm/export-ta_arm64/lib/libmbedtls.a(constant_time.o)
 .debug_abbrev  0x0000000000003bbc      0x153 /home/sanhow/optee-qemu-v8/optee_os/out/arm/export-ta_arm64/lib/libmbedtls.a(platform_util.o)
 .debug_abbrev  0x0000000000003d0f      0x584 /home/sanhow/optee-qemu-v8/optee_os/out/arm/export-ta_arm64/lib/libutils.a(bget_malloc.o)
 .debug_abbrev  0x0000000000004293      0x155 /home/sanhow/optee-qemu-v8/optee_os/out/arm/export-ta_arm64/lib/libutils.a(snprintf.o)
 .debug_abbrev  0x00000000000043e8       0xa6 /home/sanhow/optee-qemu-v8/optee_os/out/arm/export-ta_arm64/lib/libutils.a(memmove.o)
 .debug_abbrev  0x000000000000448e       0xa3 /home/sanhow/optee-qemu-v8/optee_os/out/arm/export-ta_arm64/lib/libutils.a(memset.o)
 .debug_abbrev  0x0000000000004531       0x6f /home/sanhow/optee-qemu-v8/optee_os/out/arm/export-ta_arm64/lib/libutils.a(strcmp.o)
 .debug_abbrev  0x00000000000045a0       0xa5 /home/sanhow/optee-qemu-v8/optee_os/out/arm/export-ta_arm64/lib/libutils.a(strlcpy.o)
 .debug_abbrev  0x0000000000004645      0x2a2 /home/sanhow/optee-qemu-v8/optee_os/out/arm/export-ta_arm64/lib/libutils.a(mempool.o)
 .debug_abbrev  0x00000000000048e7       0xc2 /home/sanhow/optee-qemu-v8/optee_os/out/arm/export-ta_arm64/lib/libutils.a(consttime_memcmp.o)
 .debug_abbrev  0x00000000000049a9      0x1a4 /home/sanhow/optee-qemu-v8/optee_os/out/arm/export-ta_arm64/lib/libutils.a(base64.o)
 .debug_abbrev  0x0000000000004b4d      0x530 /home/sanhow/optee-qemu-v8/optee_os/out/arm/export-ta_arm64/lib/libutee.a(tee_api_operations.o)
 .debug_abbrev  0x000000000000507d      0x3b0 /home/sanhow/optee-qemu-v8/optee_os/out/arm/export-ta_arm64/lib/libutee.a(tee_api_objects.o)

.debug_loclists
                0x0000000000000000    0x16dc2
 .debug_loclists
                0x0000000000000000      0x15e ./bit_operation_ta.o
 .debug_loclists
                0x000000000000015e      0x100 ./user_ta_header.o
 .debug_loclists
                0x000000000000025e      0x29e /home/sanhow/optee-qemu-v8/optee_os/out/arm/export-ta_arm64/lib/libutils.a(trace.o)
 .debug_loclists
                0x00000000000004fc      0x297 /home/sanhow/optee-qemu-v8/optee_os/out/arm/export-ta_arm64/lib/libutils.a(memcpy.o)
 .debug_loclists
                0x0000000000000793     0x18a9 /home/sanhow/optee-qemu-v8/optee_os/out/arm/export-ta_arm64/lib/libutils.a(snprintk.o)
 .debug_loclists
                0x000000000000203c       0x6e /home/sanhow/optee-qemu-v8/optee_os/out/arm/export-ta_arm64/lib/libutils.a(memchr.o)
 .debug_loclists
                0x00000000000020aa       0x3d /home/sanhow/optee-qemu-v8/optee_os/out/arm/export-ta_arm64/lib/libutils.a(strlen.o)
 .debug_loclists
                0x00000000000020e7       0xae /home/sanhow/optee-qemu-v8/optee_os/out/arm/export-ta_arm64/lib/libutee.a(trace_ext.o)
 .debug_loclists
                0x0000000000002195      0x651 /home/sanhow/optee-qemu-v8/optee_os/out/arm/export-ta_arm64/lib/libutee.a(user_ta_entry.o)
 .debug_loclists
                0x00000000000027e6      0x1cb /home/sanhow/optee-qemu-v8/optee_os/out/arm/export-ta_arm64/lib/libutee.a(user_ta_entry_compat.o)
 .debug_loclists
                0x00000000000029b1     0x120a /home/sanhow/optee-qemu-v8/optee_os/out/arm/export-ta_arm64/lib/libutee.a(tee_api.o)
 .debug_loclists
                0x0000000000003bbb     0x1fed /home/sanhow/optee-qemu-v8/optee_os/out/arm/export-ta_arm64/lib/libutee.a(tee_api_arith_mpi.o)
 .debug_loclists
                0x0000000000005ba8      0x480 /home/sanhow/optee-qemu-v8/optee_os/out/arm/export-ta_arm64/lib/libutee.a(tee_api_panic.o)
 .debug_loclists
                0x0000000000006028      0xe50 /home/sanhow/optee-qemu-v8/optee_os/out/arm/export-ta_arm64/lib/libutee.a(tee_api_property.o)
 .debug_loclists
                0x0000000000006e78      0x32f /home/sanhow/optee-qemu-v8/optee_os/out/arm/export-ta_arm64/lib/libutee.a(tee_system_pta.o)
 .debug_loclists
                0x00000000000071a7      0x2ae /home/sanhow/optee-qemu-v8/optee_os/out/arm/export-ta_arm64/lib/libutee.a(tcb.o)
 .debug_loclists
                0x0000000000007455       0x71 /home/sanhow/optee-qemu-v8/optee_os/out/arm/export-ta_arm64/lib/libutee.a(assert.o)
 .debug_loclists
                0x00000000000074c6     0x3c2e /home/sanhow/optee-qemu-v8/optee_os/out/arm/export-ta_arm64/lib/libmbedtls.a(bignum.o)
 .debug_loclists
                0x000000000000b0f4     0x296e /home/sanhow/optee-qemu-v8/optee_os/out/arm/export-ta_arm64/lib/libmbedtls.a(bignum_core.o)
 .debug_loclists
                0x000000000000da62      0x7f6 /home/sanhow/optee-qemu-v8/optee_os/out/arm/export-ta_arm64/lib/libmbedtls.a(constant_time.o)
 .debug_loclists
                0x000000000000e258       0x9f /home/sanhow/optee-qemu-v8/optee_os/out/arm/export-ta_arm64/lib/libmbedtls.a(platform_util.o)
 .debug_loclists
                0x000000000000e2f7     0x2996 /home/sanhow/optee-qemu-v8/optee_os/out/arm/export-ta_arm64/lib/libutils.a(bget_malloc.o)
 .debug_loclists
                0x0000000000010c8d       0xd0 /home/sanhow/optee-qemu-v8/optee_os/out/arm/export-ta_arm64/lib/libutils.a(snprintf.o)
 .debug_loclists
                0x0000000000010d5d      0x171 /home/sanhow/optee-qemu-v8/optee_os/out/arm/export-ta_arm64/lib/libutils.a(memmove.o)
 .debug_loclists
                0x0000000000010ece       0x67 /home/sanhow/optee-qemu-v8/optee_os/out/arm/export-ta_arm64/lib/libutils.a(memset.o)
 .debug_loclists
                0x0000000000010f35       0x50 /home/sanhow/optee-qemu-v8/optee_os/out/arm/export-ta_arm64/lib/libutils.a(strcmp.o)
 .debug_loclists
                0x0000000000010f85       0x96 /home/sanhow/optee-qemu-v8/optee_os/out/arm/export-ta_arm64/lib/libutils.a(strlcpy.o)
 .debug_loclists
                0x000000000001101b      0x285 /home/sanhow/optee-qemu-v8/optee_os/out/arm/export-ta_arm64/lib/libutils.a(mempool.o)
 .debug_loclists
                0x00000000000112a0       0xcb /home/sanhow/optee-qemu-v8/optee_os/out/arm/export-ta_arm64/lib/libutils.a(consttime_memcmp.o)
 .debug_loclists
                0x000000000001136b      0x328 /home/sanhow/optee-qemu-v8/optee_os/out/arm/export-ta_arm64/lib/libutils.a(base64.o)
 .debug_loclists
                0x0000000000011693     0x3f0b /home/sanhow/optee-qemu-v8/optee_os/out/arm/export-ta_arm64/lib/libutee.a(tee_api_operations.o)
 .debug_loclists
                0x000000000001559e     0x1824 /home/sanhow/optee-qemu-v8/optee_os/out/arm/export-ta_arm64/lib/libutee.a(tee_api_objects.o)

.debug_aranges  0x0000000000000000      0xa10
 .debug_aranges
                0x0000000000000000       0x30 ./bit_operation_ta.o
 .debug_aranges
                0x0000000000000030       0x30 ./user_ta_header.o
 .debug_aranges
                0x0000000000000060       0x30 /home/sanhow/optee-qemu-v8/optee_os/out/arm/export-ta_arm64/lib/libutils.a(stack_check.o)
 .debug_aranges
                0x0000000000000090       0x30 /home/sanhow/optee-qemu-v8/optee_os/out/arm/export-ta_arm64/lib/libutils.a(trace.o)
 .debug_aranges
                0x00000000000000c0       0x30 /home/sanhow/optee-qemu-v8/optee_os/out/arm/export-ta_arm64/lib/libutils.a(memcpy.o)
 .debug_aranges
                0x00000000000000f0       0x30 /home/sanhow/optee-qemu-v8/optee_os/out/arm/export-ta_arm64/lib/libutils.a(snprintk.o)
 .debug_aranges
                0x0000000000000120       0x30 /home/sanhow/optee-qemu-v8/optee_os/out/arm/export-ta_arm64/lib/libutils.a(memchr.o)
 .debug_aranges
                0x0000000000000150       0x30 /home/sanhow/optee-qemu-v8/optee_os/out/arm/export-ta_arm64/lib/libutils.a(strlen.o)
 .debug_aranges
                0x0000000000000180       0x30 /home/sanhow/optee-qemu-v8/optee_os/out/arm/export-ta_arm64/lib/libutee.a(trace_ext.o)
 .debug_aranges
                0x00000000000001b0       0x30 /home/sanhow/optee-qemu-v8/optee_os/out/arm/export-ta_arm64/lib/libutee.a(user_ta_entry.o)
 .debug_aranges
                0x00000000000001e0       0x30 /home/sanhow/optee-qemu-v8/optee_os/out/arm/export-ta_arm64/lib/libutee.a(user_ta_entry_compat.o)
 .debug_aranges
                0x0000000000000210      0x3b0 /home/sanhow/optee-qemu-v8/optee_os/out/arm/export-ta_arm64/lib/libutee.a(utee_syscalls_a64.o)
 .debug_aranges
                0x00000000000005c0       0x30 /home/sanhow/optee-qemu-v8/optee_os/out/arm/export-ta_arm64/lib/libutee.a(abort.o)
 .debug_aranges
                0x00000000000005f0       0x30 /home/sanhow/optee-qemu-v8/optee_os/out/arm/export-ta_arm64/lib/libutee.a(tee_api.o)
 .debug_aranges
                0x0000000000000620       0x30 /home/sanhow/optee-qemu-v8/optee_os/out/arm/export-ta_arm64/lib/libutee.a(tee_api_arith_mpi.o)
 .debug_aranges
                0x0000000000000650       0x30 /home/sanhow/optee-qemu-v8/optee_os/out/arm/export-ta_arm64/lib/libutee.a(tee_api_panic.o)
 .debug_aranges
                0x0000000000000680       0x30 /home/sanhow/optee-qemu-v8/optee_os/out/arm/export-ta_arm64/lib/libutee.a(tee_api_property.o)
 .debug_aranges
                0x00000000000006b0       0x30 /home/sanhow/optee-qemu-v8/optee_os/out/arm/export-ta_arm64/lib/libutee.a(tee_system_pta.o)
 .debug_aranges
                0x00000000000006e0       0x30 /home/sanhow/optee-qemu-v8/optee_os/out/arm/export-ta_arm64/lib/libutee.a(tcb.o)
 .debug_aranges
                0x0000000000000710       0x30 /home/sanhow/optee-qemu-v8/optee_os/out/arm/export-ta_arm64/lib/libutee.a(assert.o)
 .debug_aranges
                0x0000000000000740       0x30 /home/sanhow/optee-qemu-v8/optee_os/out/arm/export-ta_arm64/lib/libmbedtls.a(bignum.o)
 .debug_aranges
                0x0000000000000770       0x30 /home/sanhow/optee-qemu-v8/optee_os/out/arm/export-ta_arm64/lib/libmbedtls.a(bignum_core.o)
 .debug_aranges
                0x00000000000007a0       0x30 /home/sanhow/optee-qemu-v8/optee_os/out/arm/export-ta_arm64/lib/libmbedtls.a(constant_time.o)
 .debug_aranges
                0x00000000000007d0       0x30 /home/sanhow/optee-qemu-v8/optee_os/out/arm/export-ta_arm64/lib/libmbedtls.a(platform_util.o)
 .debug_aranges
                0x0000000000000800       0x30 /home/sanhow/optee-qemu-v8/optee_os/out/arm/export-ta_arm64/lib/libutils.a(bget_malloc.o)
 .debug_aranges
                0x0000000000000830       0x30 /home/sanhow/optee-qemu-v8/optee_os/out/arm/export-ta_arm64/lib/libutils.a(snprintf.o)
 .debug_aranges